Component: ARM Compiler 5.06 update 6 (build 750) Tool: armlink [4d35ed]

==============================================================================

Section Cross References

    rf.o(i.RADIO_IRQHandler) refers to rf.o(i.PAM_Enable) for PAM_Enable
    rf.o(i.RADIO_IRQHandler) refers to sender.o(.bss) for SenderSC
    rf.o(i.Rf_AddressUpdate) refers to flash.o(i.UpdateDevicesInfo) for UpdateDevicesInfo
    rf.o(i.Rf_AddressUpdate) refers to sender.o(.bss) for SenderSC
    rf.o(i.Rf_Broadcast) refers to rf.o(i.Rf_SendPackage) for Rf_SendPackage
    rf.o(i.Rf_Broadcast) refers to sender.o(.bss) for SenderSC
    rf.o(i.Rf_Init) refers to rf.o(i.PAM_Init) for PAM_Init
    rf.o(i.Rf_Init) refers to rf.o(i.__NVIC_EnableIRQ) for __NVIC_EnableIRQ
    rf.o(i.Rf_Init) refers to sender.o(.bss) for SenderSC
    rf.o(i.Rf_ReceiveUpdate) refers to _printf_percent.o(.ARM.Collect$$_printf_percent$$00000000) for _printf_percent
    rf.o(i.Rf_ReceiveUpdate) refers to _printf_d.o(.ARM.Collect$$_printf_percent$$00000009) for _printf_d
    rf.o(i.Rf_ReceiveUpdate) refers to _printf_x.o(.ARM.Collect$$_printf_percent$$0000000C) for _printf_x
    rf.o(i.Rf_ReceiveUpdate) refers to _printf_dec.o(.text) for _printf_int_dec
    rf.o(i.Rf_ReceiveUpdate) refers to _printf_hex_int.o(.text) for _printf_longlong_hex
    rf.o(i.Rf_ReceiveUpdate) refers to memcmp.o(.text) for memcmp
    rf.o(i.Rf_ReceiveUpdate) refers to noretval__2printf.o(.text) for __2printf
    rf.o(i.Rf_ReceiveUpdate) refers to sender.o(.bss) for SenderSC
    rf.o(i.Rf_SendPackage) refers to rf.o(i.PAM_Enable) for PAM_Enable
    rf.o(i.Rf_StartRx) refers to rf.o(i.PAM_Enable) for PAM_Enable
    rf.o(i.Rf_StartRx) refers to rf.o(i.__NVIC_EnableIRQ) for __NVIC_EnableIRQ
    rf.o(i.Rf_Test) refers to _printf_percent.o(.ARM.Collect$$_printf_percent$$00000000) for _printf_percent
    rf.o(i.Rf_Test) refers to _printf_d.o(.ARM.Collect$$_printf_percent$$00000009) for _printf_d
    rf.o(i.Rf_Test) refers to _printf_dec.o(.text) for _printf_int_dec
    rf.o(i.Rf_Test) refers to systemclock.o(i.SystemTick_Get) for SystemTick_Get
    rf.o(i.Rf_Test) refers to sample.o(i.Sample_Stop) for Sample_Stop
    rf.o(i.Rf_Test) refers to rf.o(i.PAM_Enable) for PAM_Enable
    rf.o(i.Rf_Test) refers to rf.o(i.Rf_SetMode) for Rf_SetMode
    rf.o(i.Rf_Test) refers to noretval__2printf.o(.text) for __2printf
    rf.o(i.Rf_Test) refers to sender.o(.bss) for SenderSC
    rf.o(i.Rf_Test) refers to rf.o(.data) for channel
    rf.o(i.Rf_TestStart) refers to _printf_percent.o(.ARM.Collect$$_printf_percent$$00000000) for _printf_percent
    rf.o(i.Rf_TestStart) refers to _printf_d.o(.ARM.Collect$$_printf_percent$$00000009) for _printf_d
    rf.o(i.Rf_TestStart) refers to _printf_dec.o(.text) for _printf_int_dec
    rf.o(i.Rf_TestStart) refers to noretval__2sprintf.o(.text) for __2sprintf
    rf.o(i.Rf_TestStart) refers to strlen.o(.text) for strlen
    rf.o(i.Rf_TestStart) refers to queue.o(i.pushQueue) for pushQueue
    rf.o(i.Rf_TestStart) refers to sender.o(i.PostMessage) for PostMessage
    rf.o(i.Rf_TestStart) refers to queue.o(.bss) for uartQ
    sample.o(i.AudioLineIsChanged) refers to systemclock.o(i.SystemTick_GetSecond) for SystemTick_GetSecond
    sample.o(i.AudioLineIsChanged) refers to sample.o(.data) for lastTM
    sample.o(i.AudioLineIsChanged) refers to sender.o(.bss) for SenderSC
    sample.o(i.BatteryGetGrade) refers to sample.o(.data) for BatteryGrade
    sample.o(i.BatteryGetValue) refers to sample.o(.data) for meanVal
    sample.o(i.BatteryLevelDetect) refers to _printf_percent.o(.ARM.Collect$$_printf_percent$$00000000) for _printf_percent
    sample.o(i.BatteryLevelDetect) refers to _printf_d.o(.ARM.Collect$$_printf_percent$$00000009) for _printf_d
    sample.o(i.BatteryLevelDetect) refers to _printf_dec.o(.text) for _printf_int_dec
    sample.o(i.BatteryLevelDetect) refers to systemclock.o(i.SystemTick_Get) for SystemTick_Get
    sample.o(i.BatteryLevelDetect) refers to led.o(i.SetLedState) for SetLedState
    sample.o(i.BatteryLevelDetect) refers to noretval__2printf.o(.text) for __2printf
    sample.o(i.BatteryLevelDetect) refers to sample.o(.data) for lastTM
    sample.o(i.BatteryLevelDetect) refers to sender.o(.bss) for SenderSC
    sample.o(i.Battery_Init) refers to sample.o(.data) for BatteryGrade
    sample.o(i.MicStateUpdate) refers to sample.o(i.Sample_SetSrc) for Sample_SetSrc
    sample.o(i.MicStateUpdate) refers to sender.o(.bss) for SenderSC
    sample.o(i.NoiseSample_Start) refers to sample.o(i.Sample_SetSrc) for Sample_SetSrc
    sample.o(i.NoiseSample_Start) refers to sample.o(i.Sample_Start) for Sample_Start
    sample.o(i.NoiseSample_Stop) refers to sample.o(i.Sample_Stop) for Sample_Stop
    sample.o(i.NoiseSample_Stop) refers to sample.o(i.Sample_SetSrc) for Sample_SetSrc
    sample.o(i.Noise_Init) refers to sample.o(i.NoiseSample_Start) for NoiseSample_Start
    sample.o(i.Noise_Init) refers to sample.o(i.NoiseSample_Stop) for NoiseSample_Stop
[...]
    lc_hextab                                0x00008828   Data          20  _printf_hex_int.o(.constdata)
    .constdata                               0x0000883c   Section       17  __printf_flags_wp.o(.constdata)
    maptable                                 0x0000883c   Data          17  __printf_flags_wp.o(.constdata)
    .conststring                             0x00008850   Section      107  at.o(.conststring)
    locale$$data                             0x000088dc   Section      272  lc_ctype_c.o(locale$$data)
    __lcctype_c_name                         0x000088e0   Data           2  lc_ctype_c.o(locale$$data)
    __lcctype_c_start                        0x000088e8   Data           0  lc_ctype_c.o(locale$$data)
    __lcctype_c_end                          0x000089ec   Data           0  lc_ctype_c.o(locale$$data)
    .data                                    0x20000000   Section        2  rf.o(.data)
    channel                                  0x20000000   Data           1  rf.o(.data)
    dir                                      0x20000001   Data           1  rf.o(.data)
    .data                                    0x20000004   Section       45  sample.o(.data)
    SAADC_SampleBuffer                       0x2000000e   Data           4  sample.o(.data)
    lastTM                                   0x20000014   Data           4  sample.o(.data)
    lastTM                                   0x20000018   Data           4  sample.o(.data)
    ledTM                                    0x2000001c   Data           4  sample.o(.data)
    id                                       0x20000020   Data           1  sample.o(.data)
    samples                                  0x20000021   Data           1  sample.o(.data)
    lowCount                                 0x20000022   Data           1  sample.o(.data)
    midLowCount                              0x20000023   Data           1  sample.o(.data)
    warningCount                             0x20000024   Data           1  sample.o(.data)
    batteryLevel                             0x20000026   Data           8  sample.o(.data)
    ledCount                                 0x2000002e   Data           2  sample.o(.data)
    runningId                                0x20000030   Data           1  sample.o(.data)
    .data                                    0x20000034   Section        8  sender.o(.data)
    frameId                                  0x20000035   Data           1  sender.o(.data)
    oldState                                 0x20000036   Data           1  sender.o(.data)
    continueQuietPackage                     0x20000038   Data           4  sender.o(.data)
    .data                                    0x2000003c   Section        4  systemclock.o(.data)
    .data                                    0x20000040   Section        4  ima_adpcm.o(.data)
    PreIndex                                 0x20000040   Data           4  ima_adpcm.o(.data)
    .data                                    0x20000044   Section        1  queue.o(.data)
    bInited                                  0x20000044   Data           1  queue.o(.data)
    .data                                    0x20000048   Section       16  stransfer.o(.data)
    framesUpdated                            0x20000048   Data           1  stransfer.o(.data)
    frameId                                  0x20000049   Data           1  stransfer.o(.data)
    lastTxFrames                             0x2000004c   Data           8  stransfer.o(.data)
    mode                                     0x20000054   Data           4  stransfer.o(.data)
    .data                                    0x20000058   Section        1  uart.o(.data)
    .data                                    0x2000005c   Section        8  at.o(.data)
    lastTM                                   0x20000060   Data           4  at.o(.data)
    .data                                    0x20000064   Section        4  led.o(.data)
    ledState                                 0x20000067   Data           1  led.o(.data)
    .data                                    0x20000068   Section        1  button.o(.data)
    .data                                    0x2000006c   Section        4  system_nrf52.o(.data)
    __tagsym$$used                           0x2000006c   Number         0  system_nrf52.o(.data)
    .data                                    0x20000070   Section        1  nrf_drv_twis.o(.data)
    m_sm_semaphore                           0x20000070   Data           1  nrf_drv_twis.o(.data)
    .data                                    0x20000074   Section        7  app_uart_fifo.o(.data)
    m_event_handler                          0x20000074   Data           4  app_uart_fifo.o(.data)
    tx_buffer                                0x20000078   Data           1  app_uart_fifo.o(.data)
    tx_tmp                                   0x20000079   Data           1  app_uart_fifo.o(.data)
    rx_buffer                                0x2000007a   Data           1  app_uart_fifo.o(.data)
    .data                                    0x2000007c   Section        8  retarget.o(.data)
    .data                                    0x20000084   Section        4  strtok.o(.data)
    _strtok_saves1                           0x20000084   Data           4  strtok.o(.data)
    .bss                                     0x20000088   Section    33382  sender.o(.bss)
    SampleBuffer                             0x2000014c   Data       32768  sender.o(.bss)
    RfSendRecvBuffer                         0x2000814c   Data         256  sender.o(.bss)
    Diff                                     0x2000824c   Data          72  sender.o(.bss)
    Zcc                                      0x20008294   Data          72  sender.o(.bss)
    frameState                               0x200082dc   Data          18  sender.o(.bss)
    .bss                                     0x200082f0   Section     3072  signalprocess.o(.bss)
    SignalShiftArray                         0x200086f0   Data        2048  signalprocess.o(.bss)
    .bss                                     0x20008ef0   Section       60  queue.o(.bss)
    .bss                                     0x20008f2c   Section       80  stransfer.o(.bss)
    lastPCMFrame                             0x20008f2c   Data          80  stransfer.o(.bss)
    .bss                                     0x20008f7c   Section      384  uart.o(.bss)
    rx_buf                                   0x20008fbc   Data          64  uart.o(.bss)
    tx_buf                                   0x20008ffc   Data         256  uart.o(.bss)
    .bss                                     0x200090fc   Section       24  led.o(.bss)
    .bss                                     0x20009114   Section       16  button.o(.bss)
    pressedButton                            0x20009114   Data          16  button.o(.bss)
    .bss                                     0x20009124   Section       72  nrf_drv_gpiote.o(.bss)
    m_cb                                     0x20009124   Data          72  nrf_drv_gpiote.o(.bss)
    .bss                                     0x2000916c   Section       12  nrf_drv_twis.o(.bss)
    m_var_inst                               0x2000916c   Data          12  nrf_drv_twis.o(.bss)
    .bss                                     0x20009178   Section       32  nrf_drv_uart.o(.bss)
    m_cb                                     0x20009178   Data          32  nrf_drv_uart.o(.bss)
    .bss                                     0x20009198   Section       32  app_uart_fifo.o(.bss)
    m_rx_fifo                                0x20009198   Data          16  app_uart_fifo.o(.bss)
    m_tx_fifo                                0x200091a8   Data          16  app_uart_fifo.o(.bss)
    .bss                                     0x200091b8   Section       96  libspace.o(.bss)
    HEAP                                     0x20009218   Section     8192  arm_startup_nrf52.o(HEAP)
    Heap_Mem                                 0x20009218   Data        8192  arm_startup_nrf52.o(HEAP)
    STACK                                    0x2000b218   Section     8192  arm_startup_nrf52.o(STACK)
    Stack_Mem                                0x2000b218   Data        8192  arm_startup_nrf52.o(STACK)
    __initial_sp                             0x2000d218   Data           0  arm_startup_nrf52.o(STACK)

    Global Symbols

    Symbol Name                              Value     Ov Type        Size  Object(Section)

    BuildAttributes$$THM_ISAv4$E$P$D$K$B$S$7EM$VFPi3$EXTD16$VFPS$VFMA$PE$A:L22UL41UL21$X:L11$S22US41US21$IEEE1$IW$USESV6$~STKCKD$USESV7$~SHL$OTIME$ROPI$IEEEX$EBA8$UX$STANDARDLIB$REQ8$PRES8$EABIv2 0x00000000   Number         0  anon$$obj.o ABSOLUTE
    __ARM_use_no_argv                        0x00000000   Number         0  sender.o ABSOLUTE
    __Vectors                                0x00000000   Data           4  arm_startup_nrf52.o(RESET)
    _printf_flags                            0x00000000   Number         0  printf_stubs.o ABSOLUTE
    _printf_return_value                     0x00000000   Number         0  printf_stubs.o ABSOLUTE
    _printf_sizespec                         0x00000000   Number         0  printf_stubs.o ABSOLUTE
    _printf_widthprec                        0x00000000   Number         0  printf_stubs.o ABSOLUTE
    __ARM_exceptions_init                     - Undefined Weak Reference
    __alloca_initialize                       - Undefined Weak Reference
    __arm_preinit_                            - Undefined Weak Reference
    __cpp_initialize__aeabi_                  - Undefined Weak Reference
    __cxa_finalize                            - Undefined Weak Reference
    __sigvec_lookup                           - Undefined Weak Reference
    __user_heap_extent                        - Undefined Weak Reference
    _atexit_init                              - Undefined Weak Reference
    _call_atexit_fns                          - Undefined Weak Reference
    _clock_init                               - Undefined Weak Reference
    _fp_trap_init                             - Undefined Weak Reference
    _fp_trap_shutdown                         - Undefined Weak Reference
    _get_lc_collate                           - Undefined Weak Reference
    _get_lc_monetary                          - Undefined Weak Reference
    _get_lc_numeric                           - Undefined Weak Reference
    _get_lc_time                              - Undefined Weak Reference
    _getenv_init                              - Undefined Weak Reference
    _handle_redirection                       - Undefined Weak Reference
    _initio                                   - Undefined Weak Reference
    _mutex_acquire                            - Undefined Weak Reference
    _mutex_free                               - Undefined Weak Reference
    _mutex_release                            - Undefined Weak Reference
    _printf_mbtowc                            - Undefined Weak Reference
    _printf_truncate_signed                   - Undefined Weak Reference
    _printf_truncate_unsigned                 - Undefined Weak Reference
    _rand_init                                - Undefined Weak Reference
    _signal_finish                            - Undefined Weak Reference
    _signal_init                              - Undefined Weak Reference
    _terminateio                              - Undefined Weak Reference
    __Vectors_End                            0x00000200   Data           0  arm_startup_nrf52.o(RESET)
    __Vectors_Size                           0x00000200   Number         0  arm_startup_nrf52.o ABSOLUTE
    __main                                   0x00000201   Thumb Code     8  __main.o(!!!main)
    __scatterload                            0x00000209   Thumb Code     0  __scatter.o(!!!scatter)
    __scatterload_rt2                        0x00000209   Thumb Code    44  __scatter.o(!!!scatter)
    __scatterload_rt2_thumb_only             0x00000209   Thumb Code     0  __scatter.o(!!!scatter)
    __scatterload_null                       0x00000217   Thumb Code     0  __scatter.o(!!!scatter)
    __scatterload_copy                       0x0000023d   Thumb Code    26  __scatter_copy.o(!!handler_copy)
    __scatterload_zeroinit                   0x00000259   Thumb Code    28  __scatter_zi.o(!!handler_zi)
    arm_bitreversal_32                       0x00000275   Thumb Code   106  arm_bitreversal2.o(. text)
    arm_bitreversal_16                       0x000002df   Thumb Code    86  arm_bitreversal2.o(. text)
    _printf_d                                0x00000335   Thumb Code     0  _printf_d.o(.ARM.Collect$$_printf_percent$$00000009)
    _printf_percent                          0x00000335   Thumb Code     0  _printf_percent.o(.ARM.Collect$$_printf_percent$$00000000)
    _printf_x                                0x0000033b   Thumb Code     0  _printf_x.o(.ARM.Collect$$_printf_percent$$0000000C)
    _printf_s                                0x00000341   Thumb Code     0  _printf_s.o(.ARM.Collect$$_printf_percent$$00000014)
    _printf_percent_end                      0x00000347   Thumb Code     0  _printf_percent_end.o(.ARM.Collect$$_printf_percent$$00000017)
    __rt_lib_init                            0x0000034b   Thumb Code     0  libinit.o(.ARM.Collect$$libinit$$00000000)
    __rt_lib_init_fp_1                       0x0000034d   Thumb Code     0  libinit2.o(.ARM.Collect$$libinit$$00000001)
    __rt_lib_init_heap_2                     0x00000351   Thumb Code     0  libinit2.o(.ARM.Collect$$libinit$$00000005)
    __rt_lib_init_preinit_1                  0x00000351   Thumb Code     0  libinit2.o(.ARM.Collect$$libinit$$00000004)
    __rt_lib_init_heap_1                     0x00000359   Thumb Code     0  libinit2.o(.ARM.Collect$$libinit$$0000000A)
    __rt_lib_init_lc_common                  0x00000359   Thumb Code     0  libinit2.o(.ARM.Collect$$libinit$$0000000F)
    __rt_lib_init_rand_1                     0x00000359   Thumb Code     0  libinit2.o(.ARM.Collect$$libinit$$0000000E)
    __rt_lib_init_user_alloc_1               0x00000359   Thumb Code     0  libinit2.o(.ARM.Collect$$libinit$$0000000C)
    __rt_lib_init_lc_collate_1               0x0000035f   Thumb Code     0  libinit2.o(.ARM.Collect$$libinit$$00000011)
    __rt_lib_init_lc_ctype_2                 0x0000035f   Thumb Code     0  libinit2.o(.ARM.Collect$$libinit$$00000012)
    __rt_lib_init_alloca_1                   0x0000036b   Thumb Code     0  libinit2.o(.ARM.Collect$$libinit$$0000002E)
    __rt_lib_init_argv_1                     0x0000036b   Thumb Code     0  libinit2.o(.ARM.Collect$$libinit$$0000002C)
    __rt_lib_init_atexit_1                   0x0000036b   Thumb Code     0  libinit2.o(.ARM.Collect$$libinit$$0000001B)
    __rt_lib_init_clock_1                    0x0000036b   Thumb Code     0  libinit2.o(.ARM.Collect$$libinit$$00000021)
    __rt_lib_init_cpp_1                      0x0000036b   Thumb Code     0  libinit2.o(.ARM.Collect$$libinit$$00000032)
    __rt_lib_init_exceptions_1               0x0000036b   Thumb Code     0  libinit2.o(.ARM.Collect$$libinit$$00000030)
    __rt_lib_init_fp_trap_1                  0x0000036b   Thumb Code     0  libinit2.o(.ARM.Collect$$libinit$$0000001F)
    __rt_lib_init_getenv_1                   0x0000036b   Thumb Code     0  libinit2.o(.ARM.Collect$$libinit$$00000023)
    __rt_lib_init_lc_ctype_1                 0x0000036b   Thumb Code     0  libinit2.o(.ARM.Collect$$libinit$$00000013)
    __rt_lib_init_lc_monetary_1              0x0000036b   Thumb Code     0  libinit2.o(.ARM.Collect$$libinit$$00000015)
    __rt_lib_init_lc_numeric_1               0x0000036b   Thumb Code     0  libinit2.o(.ARM.Collect$$libinit$$00000017)
    __rt_lib_init_lc_time_1                  0x0000036b   Thumb Code     0  libinit2.o(.ARM.Collect$$libinit$$00000019)
    __rt_lib_init_return                     0x0000036b   Thumb Code     0  libinit2.o(.ARM.Collect$$libinit$$00000033)
    __rt_lib_init_signal_1                   0x0000036b   Thumb Code     0  libinit2.o(.ARM.Collect$$libinit$$0000001D)
    __rt_lib_init_stdio_1                    0x0000036b   Thumb Code     0  libinit2.o(.ARM.Collect$$libinit$$00000025)
    __rt_lib_shutdown                        0x0000036d   Thumb Code     0  libshutdown.o(.ARM.Collect$$libshutdown$$00000000)
    __rt_lib_shutdown_cpp_1                  0x0000036f   Thumb Code     0  libshutdown2.o(.ARM.Collect$$libshutdown$$00000002)
    __rt_lib_shutdown_fp_trap_1              0x0000036f   Thumb Code     0  libshutdown2.o(.ARM.Collect$$libshutdown$$00000007)
    __rt_lib_shutdown_heap_1                 0x0000036f   Thumb Code     0  libshutdown2.o(.ARM.Collect$$libshutdown$$0000000F)
    __rt_lib_shutdown_return                 0x0000036f   Thumb Code     0  libshutdown2.o(.ARM.Collect$$libshutdown$$00000010)
    __rt_lib_shutdown_signal_1               0x0000036f   Thumb Code     0  libshutdown2.o(.ARM.Collect$$libshutdown$$0000000A)
    __rt_lib_shutdown_stdio_1                0x0000036f   Thumb Code     0  libshutdown2.o(.ARM.Collect$$libshutdown$$00000004)
    __rt_lib_shutdown_user_alloc_1           0x0000036f   Thumb Code     0  libshutdown2.o(.ARM.Collect$$libshutdown$$0000000C)
    __rt_entry                               0x00000371   Thumb Code     0  __rtentry.o(.ARM.Collect$$rtentry$$00000000)
    __rt_entry_presh_1                       0x00000371   Thumb Code     0  __rtentry2.o(.ARM.Collect$$rtentry$$00000002)
    __rt_entry_sh                            0x00000371   Thumb Code     0  __rtentry4.o(.ARM.Collect$$rtentry$$00000004)
    __rt_entry_li                            0x00000377   Thumb Code     0  __rtentry2.o(.ARM.Collect$$rtentry$$0000000A)
    __rt_entry_postsh_1                      0x00000377   Thumb Code     0  __rtentry2.o(.ARM.Collect$$rtentry$$00000009)
    __rt_entry_main                          0x0000037b   Thumb Code     0  __rtentry2.o(.ARM.Collect$$rtentry$$0000000D)
    __rt_entry_postli_1                      0x0000037b   Thumb Code     0  __rtentry2.o(.ARM.Collect$$rtentry$$0000000C)
    __rt_exit                                0x00000383   Thumb Code     0  rtexit.o(.ARM.Collect$$rtexit$$00000000)
    __rt_exit_ls                             0x00000385   Thumb Code     0  rtexit2.o(.ARM.Collect$$rtexit$$00000003)
    __rt_exit_prels_1                        0x00000385   Thumb Code     0  rtexit2.o(.ARM.Collect$$rtexit$$00000002)
    __rt_exit_exit                           0x00000389   Thumb Code     0  rtexit2.o(.ARM.Collect$$rtexit$$00000004)
    __asm___11_nrf_delay_c_532987f3__nrf_delay_us 0x00000391   Thumb Code   118  nrf_delay.o(.emb_text)
    Reset_Handler                            0x00000409   Thumb Code     8  arm_startup_nrf52.o(.text)
    _maybe_terminate_alloc                   0x00000409   Thumb Code     0  maybetermalloc1.o(.emb_text)
    NMI_Handler                              0x00000411   Thumb Code     2  arm_startup_nrf52.o(.text)
    HardFault_Handler                        0x00000413   Thumb Code     2  arm_startup_nrf52.o(.text)
    MemoryManagement_Handler                 0x00000415   Thumb Code     2  arm_startup_nrf52.o(.text)
    BusFault_Handler                         0x00000417   Thumb Code     2  arm_startup_nrf52.o(.text)
    UsageFault_Handler                       0x00000419   Thumb Code     2  arm_startup_nrf52.o(.text)
    SVC_Handler                              0x0000041b   Thumb Code     2  arm_startup_nrf52.o(.text)
    DebugMon_Handler                         0x0000041d   Thumb Code     2  arm_startup_nrf52.o(.text)
    PendSV_Handler                           0x0000041f   Thumb Code     2  arm_startup_nrf52.o(.text)
    SysTick_Handler                          0x00000421   Thumb Code     2  arm_startup_nrf52.o(.text)
    CCM_AAR_IRQHandler                       0x00000423   Thumb Code     0  arm_startup_nrf52.o(.text)
    COMP_LPCOMP_IRQHandler                   0x00000423   Thumb Code     0  arm_startup_nrf52.o(.text)
    ECB_IRQHandler                           0x00000423   Thumb Code     0  arm_startup_nrf52.o(.text)
    FPU_IRQHandler                           0x00000423   Thumb Code     0  arm_startup_nrf52.o(.text)
    I2S_IRQHandler                           0x00000423   Thumb Code     0  arm_startup_nrf52.o(.text)
    MWU_IRQHandler                           0x00000423   Thumb Code     0  arm_startup_nrf52.o(.text)
    NFCT_IRQHandler                          0x00000423   Thumb Code     0  arm_startup_nrf52.o(.text)
    PDM_IRQHandler                           0x00000423   Thumb Code     0  arm_startup_nrf52.o(.text)
    POWER_CLOCK_IRQHandler                   0x00000423   Thumb Code     0  arm_startup_nrf52.o(.text)
    PWM0_IRQHandler                          0x00000423   Thumb Code     0  arm_startup_nrf52.o(.text)
    PWM1_IRQHandler                          0x00000423   Thumb Code     0  arm_startup_nrf52.o(.text)
    PWM2_IRQHandler                          0x00000423   Thumb Code     0  arm_startup_nrf52.o(.text)
    QDEC_IRQHandler                          0x00000423   Thumb Code     0  arm_startup_nrf52.o(.text)
    RNG_IRQHandler                           0x00000423   Thumb Code     0  arm_startup_nrf52.o(.text)
    RTC1_IRQHandler                          0x00000423   Thumb Code     0  arm_startup_nrf52.o(.text)
    SAADC_IRQHandler                         0x00000423   Thumb Code     0  arm_startup_nrf52.o(.text)
    SPIM0_SPIS0_TWIM0_TWIS0_SPI0_TWI0_IRQHandler 0x00000423   Thumb Code     0  arm_startup_nrf52.o(.text)
    SPIM2_SPIS2_SPI2_IRQHandler              0x00000423   Thumb Code     0  arm_startup_nrf52.o(.text)
    SWI0_EGU0_IRQHandler                     0x00000423   Thumb Code     0  arm_startup_nrf52.o(.text)
    SWI1_EGU1_IRQHandler                     0x00000423   Thumb Code     0  arm_startup_nrf52.o(.text)
    SWI2_EGU2_IRQHandler                     0x00000423   Thumb Code     0  arm_startup_nrf52.o(.text)
    SWI3_EGU3_IRQHandler                     0x00000423   Thumb Code     0  arm_startup_nrf52.o(.text)
    SWI4_EGU4_IRQHandler                     0x00000423   Thumb Code     0  arm_startup_nrf52.o(.text)
    SWI5_EGU5_IRQHandler                     0x00000423   Thumb Code     0  arm_startup_nrf52.o(.text)
    TEMP_IRQHandler                          0x00000423   Thumb Code     0  arm_startup_nrf52.o(.text)
    TIMER0_IRQHandler                        0x00000423   Thumb Code     0  arm_startup_nrf52.o(.text)
    TIMER2_IRQHandler                        0x00000423   Thumb Code     0  arm_startup_nrf52.o(.text)
    TIMER3_IRQHandler                        0x00000423   Thumb Code     0  arm_startup_nrf52.o(.text)
    TIMER4_IRQHandler                        0x00000423   Thumb Code     0  arm_startup_nrf52.o(.text)
    WDT_IRQHandler                           0x00000423   Thumb Code     0  arm_startup_nrf52.o(.text)
    __user_initial_stackheap                 0x00000425   Thumb Code    10  arm_startup_nrf52.o(.text)
    arm_cmplx_mag_f32                        0x00000449   Thumb Code   246  arm_cmplx_mag_f32.o(.text)
    arm_cfft_radix8by2_f32                   0x00000545   Thumb Code   398  arm_cfft_f32.o(.text)
    arm_cfft_radix8by4_f32                   0x000006d3   Thumb Code  1098  arm_cfft_f32.o(.text)
    arm_cfft_f32                             0x00000b1d   Thumb Code   330  arm_cfft_f32.o(.text)
    arm_radix8_butterfly_f32                 0x00000c69   Thumb Code  1244  arm_cfft_radix8_f32.o(.text)
    malloc                                   0x00001145   Thumb Code    94  h1_alloc.o(.text)
    __2printf                                0x000011a5   Thumb Code    20  noretval__2printf.o(.text)
    _printf_pre_padding                      0x000011bd   Thumb Code    44  _printf_pad.o(.text)
    _printf_post_padding                     0x000011e9   Thumb Code    34  _printf_pad.o(.text)
    _printf_str                              0x0000120b   Thumb Code    82  _printf_str.o(.text)
    _printf_int_dec                          0x0000125d   Thumb Code   104  _printf_dec.o(.text)
    _printf_int_hex                          0x000012d5   Thumb Code    84  _printf_hex_int.o(.text)
    _printf_longlong_hex                     0x000012d5   Thumb Code     0  _printf_hex_int.o(.text)
    __printf                                 0x0000132d   Thumb Code   308  __printf_flags_wp.o(.text)
    atoi                                     0x00001465   Thumb Code    26  atoi.o(.text)
    strtol                                   0x0000147f   Thumb Code   112  strtol.o(.text)
    strtok                                   0x000014f1   Thumb Code     6  strtok.o(.text)
    strstr                                   0x000014fd   Thumb Code    36  strstr.o(.text)
    memcmp                                   0x00001521   Thumb Code    88  memcmp.o(.text)
    __aeabi_memcpy4                          0x00001579   Thumb Code     0  rt_memcpy_w.o(.text)
    __aeabi_memcpy8                          0x00001579   Thumb Code     0  rt_memcpy_w.o(.text)
    __rt_memcpy_w                            0x00001579   Thumb Code   100  rt_memcpy_w.o(.text)
    _memcpy_lastbytes_aligned                0x000015c1   Thumb Code     0  rt_memcpy_w.o(.text)
    __aeabi_memclr4                          0x000015dd   Thumb Code     0  rt_memclr_w.o(.text)
    __aeabi_memclr8                          0x000015dd   Thumb Code     0  rt_memclr_w.o(.text)
    __rt_memclr_w                            0x000015dd   Thumb Code    78  rt_memclr_w.o(.text)
    _memset_w                                0x000015e1   Thumb Code     0  rt_memclr_w.o(.text)
    strcmp                                   0x0000162d   Thumb Code   128  strcmpv7m.o(.text)
    __use_two_region_memory                  0x000016ad   Thumb Code     2  heapauxi.o(.text)
    __rt_heap_escrow                         0x000016af   Thumb Code     2  heapauxi.o(.text)
    __rt_heap_expand                         0x000016b1   Thumb Code     2  heapauxi.o(.text)
    __rt_ctype_table                         0x000016b5   Thumb Code    16  rt_ctype_table.o(.text)
    __rt_heap_descriptor                     0x000016c5   Thumb Code     8  rt_heap_descriptor_intlibspace.o(.text)
    __aeabi_errno_addr                       0x000016cd   Thumb Code     8  rt_errno_addr_intlibspace.o(.text)
    __errno$intlibspace                      0x000016cd   Thumb Code     0  rt_errno_addr_intlibspace.o(.text)
    __rt_errno_addr$intlibspace              0x000016cd   Thumb Code     0  rt_errno_addr_intlibspace.o(.text)
    __use_no_heap                            0x000016d5   Thumb Code     2  hguard.o(.text)
    __heap$guard                             0x000016d7   Thumb Code     2  hguard.o(.text)
    _terminate_user_alloc                    0x000016d9   Thumb Code     2  init_alloc.o(.text)
    _init_user_alloc                         0x000016db   Thumb Code     2  init_alloc.o(.text)
    __Heap_Full                              0x000016dd   Thumb Code    34  init_alloc.o(.text)
    __Heap_Broken                            0x000016ff   Thumb Code     6  init_alloc.o(.text)
    _init_alloc                              0x00001705   Thumb Code    94  init_alloc.o(.text)
    __Heap_Initialize                        0x00001763   Thumb Code    10  h1_init.o(.text)
    __Heap_DescSize                          0x0000176d   Thumb Code     4  h1_init.o(.text)
    free                                     0x00001771   Thumb Code    78  h1_free.o(.text)
    _printf_int_common                       0x000017bf   Thumb Code   178  _printf_intcommon.o(.text)
    _printf_char_common                      0x0000187b   Thumb Code    32  _printf_char_common.o(.text)
    _printf_cs_common                        0x000018a1   Thumb Code    20  _printf_char.o(.text)
    _printf_char                             0x000018b5   Thumb Code    16  _printf_char.o(.text)
    _printf_string                           0x000018c5   Thumb Code     8  _printf_char.o(.text)
    _printf_char_file                        0x000018cd   Thumb Code    32  _printf_char_file.o(.text)
    _strtoul                                 0x000018f1   Thumb Code   158  _strtoul.o(.text)
    __strtok_internal                        0x00001991   Thumb Code    64  strtok_int.o(.text)
    __user_libspace                          0x000019d5   Thumb Code     8  libspace.o(.text)
    __user_perproc_libspace                  0x000019d5   Thumb Code     0  libspace.o(.text)
    __user_perthread_libspace                0x000019d5   Thumb Code     0  libspace.o(.text)
    __rt_locale                              0x000019dd   Thumb Code     8  rt_locale_intlibspace.o(.text)
    __Heap_ProvideMemory                     0x000019e5   Thumb Code    52  h1_extend.o(.text)
    _chval                                   0x00001a19   Thumb Code    28  _chval.o(.text)
    ferror                                   0x00001a35   Thumb Code     8  ferror.o(.text)
    __rt_SIGRTMEM                            0x00001a3d   Thumb Code    14  defsig_rtmem_outer.o(.text)
    strcspn                                  0x00001a4b   Thumb Code    32  strcspn.o(.text)
    strspn                                   0x00001a6b   Thumb Code    28  strspn.o(.text)
    __I$use$semihosting                      0x00001a87   Thumb Code     0  use_no_semi.o(.text)
    __use_no_semihosting_swi                 0x00001a87   Thumb Code     2  use_no_semi.o(.text)
    __semihosting_library_function           0x00001a89   Thumb Code     0  indicate_semi.o(.text)
    __user_setup_stackheap                   0x00001a89   Thumb Code    74  sys_stackheap_outer.o(.text)
    exit                                     0x00001ad3   Thumb Code    18  exit.o(.text)
    __sig_exit                               0x00001ae5   Thumb Code    10  defsig_exit.o(.text)
    __rt_SIGRTMEM_inner                      0x00001af1   Thumb Code    22  defsig_rtmem_inner.o(.text)
    _sys_exit                                0x00001b41   Thumb Code     8  sys_exit.o(.text)
    __default_signal_display                 0x00001b4d   Thumb Code    50  defsig_general.o(.text)
    _ttywrch                                 0x00001b7f   Thumb Code    14  sys_wrch.o(.text)
    AT_CmdSend                               0x00001b8d   Thumb Code    14  at.o(i.AT_CmdSend)
    AT_Command                               0x00001ba5   Thumb Code   178  at.o(i.AT_Command)
    AT_SimInit                               0x00001c79   Thumb Code    72  at.o(i.AT_SimInit)
    AudioLineIsChanged                       0x00001cc9   Thumb Code    68  sample.o(i.AudioLineIsChanged)
    BSP_GpioInit                             0x00001d19   Thumb Code   232  button.o(i.BSP_GpioInit)
    BatteryGetGrade                          0x00001e11   Thumb Code     6  sample.o(i.BatteryGetGrade)
    BatteryGetValue                          0x00001e1d   Thumb Code     8  sample.o(i.BatteryGetValue)
    BatteryLevelDetect                       0x00001e29   Thumb Code   704  sample.o(i.BatteryLevelDetect)
    Battery_Init                             0x0000213d   Thumb Code    28  sample.o(i.Battery_Init)
    Broadcast_SetType                        0x00002161   Thumb Code   108  sender.o(i.Broadcast_SetType)
    Delay_ms                                 0x000021d1   Thumb Code    36  systemclock.o(i.Delay_ms)
    Denoise                                  0x000021f5   Thumb Code   354  signalprocess.o(i.Denoise)
    EventProcess                             0x0000236d   Thumb Code   290  sender.o(i.EventProcess)
    FrameProcess                             0x00002495   Thumb Code   212  stransfer.o(i.FrameProcess)
    GPIOTE_IRQHandler                        0x00002585   Thumb Code   310  nrf_drv_gpiote.o(i.GPIOTE_IRQHandler)
    GetDevicesInfo                           0x000026d1   Thumb Code   222  flash.o(i.GetDevicesInfo)
    GetFrameState                            0x000027b5   Thumb Code   190  sender.o(i.GetFrameState)
    GetMessage                               0x000028b9   Thumb Code    82  sender.o(i.GetMessage)
    HanmmingFunction                         0x00002915   Thumb Code    78  signalprocess.o(i.HanmmingFunction)
    HanmmingSubWindow                        0x00002969   Thumb Code    44  signalprocess.o(i.HanmmingSubWindow)
    IMA_ADPCM_BlockEncode                    0x00002999   Thumb Code   284  ima_adpcm.o(i.IMA_ADPCM_BlockEncode)
    LedIsBusy                                0x00002ac5   Thumb Code    22  led.o(i.LedIsBusy)
    Led_Init                                 0x00002ae5   Thumb Code   106  led.o(i.Led_Init)
    MessageProcess                           0x00002b61   Thumb Code   720  button.o(i.MessageProcess)
    MessageUpdate                            0x00002eb1   Thumb Code   118  sender.o(i.MessageUpdate)
    MicStateUpdate                           0x00002f65   Thumb Code    40  sample.o(i.MicStateUpdate)
    NoiseEstimate                            0x00002f95   Thumb Code   288  signalprocess.o(i.NoiseEstimate)
    NoiseSample_Start                        0x000030c9   Thumb Code    14  sample.o(i.NoiseSample_Start)
    NoiseSample_Stop                         0x000030d7   Thumb Code    14  sample.o(i.NoiseSample_Stop)
    Noise_Init                               0x000030e5   Thumb Code    34  sample.o(i.Noise_Init)
    PAM_Enable                               0x0000310d   Thumb Code    54  rf.o(i.PAM_Enable)
    PAM_Init                                 0x00003149   Thumb Code    48  rf.o(i.PAM_Init)
    PAM_Power                                0x00003181   Thumb Code    24  rf.o(i.PAM_Power)
    PostMessage                              0x0000319d   Thumb Code    24  sender.o(i.PostMessage)
    RADIO_IRQHandler                         0x000031b9   Thumb Code    46  rf.o(i.RADIO_IRQHandler)
    RND_Get                                  0x000031fd   Thumb Code    48  systemclock.o(i.RND_Get)
    RTC0_IRQHandler                          0x00003239   Thumb Code    36  systemclock.o(i.RTC0_IRQHandler)
    RTC2_IRQHandler                          0x00003269   Thumb Code    32  stransfer.o(i.RTC2_IRQHandler)
    Rf_AddressUpdate                         0x00003291   Thumb Code    86  rf.o(i.Rf_AddressUpdate)
    Rf_Broadcast                             0x000032f9   Thumb Code   254  rf.o(i.Rf_Broadcast)
    Rf_Init                                  0x00003401   Thumb Code   124  rf.o(i.Rf_Init)
    Rf_ReceiveUpdate                         0x00003499   Thumb Code   386  rf.o(i.Rf_ReceiveUpdate)
    Rf_SendPackage                           0x00003641   Thumb Code   198  rf.o(i.Rf_SendPackage)
    Rf_SetMode                               0x00003715   Thumb Code     2  rf.o(i.Rf_SetMode)
    Rf_StartRx                               0x00003719   Thumb Code   188  rf.o(i.Rf_StartRx)
    Rf_Test                                  0x000037e5   Thumb Code   270  rf.o(i.Rf_Test)
    SIM800C_PowerOn                          0x00003921   Thumb Code   136  at.o(i.SIM800C_PowerOn)
    SPIM1_SPIS1_TWIM1_TWIS1_SPI1_TWI1_IRQHandler 0x000039b1   Thumb Code    14  nrf_drv_twis.o(i.SPIM1_SPIS1_TWIM1_TWIS1_SPI1_TWI1_IRQHandler)
    Sample_Init                              0x000039c1   Thumb Code   288  sample.o(i.Sample_Init)
    Sample_SetSrc                            0x00003b05   Thumb Code    66  sample.o(i.Sample_SetSrc)
    Sample_Start                             0x00003b6d   Thumb Code    56  sample.o(i.Sample_Start)
    Sample_Stop                              0x00003bad   Thumb Code    80  sample.o(i.Sample_Stop)
    SendSC_Init                              0x00003c09   Thumb Code   458  sender.o(i.SendSC_Init)
    SetLedState                              0x00003de5   Thumb Code  1416  led.o(i.SetLedState)
    SignalProcess_Init                       0x00004389   Thumb Code    16  signalprocess.o(i.SignalProcess_Init)
    SignalProcess_Run                        0x00004399   Thumb Code    20  signalprocess.o(i.SignalProcess_Run)
    SimCardDetect                            0x000043ad   Thumb Code    68  at.o(i.SimCardDetect)
    SimCardUpdate                            0x000043fd   Thumb Code    26  at.o(i.SimCardUpdate)
    SpectralSubtract                         0x00004421   Thumb Code   188  signalprocess.o(i.SpectralSubtract)
    SystemClock_Init                         0x000044e1   Thumb Code    54  systemclock.o(i.SystemClock_Init)
    SystemCoreClockUpdate                    0x00004521   Thumb Code     8  system_nrf52.o(i.SystemCoreClockUpdate)
    SystemInit                               0x00004531   Thumb Code   556  system_nrf52.o(i.SystemInit)
    SystemTick_Get                           0x0000479d   Thumb Code    58  systemclock.o(i.SystemTick_Get)
    SystemTick_GetSecond                     0x000047e1   Thumb Code     6  systemclock.o(i.SystemTick_GetSecond)
    SystemTick_Init                          0x000047ed   Thumb Code    54  systemclock.o(i.SystemTick_Init)
    TIMER1_IRQHandler                        0x00004835   Thumb Code   106  sample.o(i.TIMER1_IRQHandler)
    TWIS_DevicesUpdate                       0x000048b9   Thumb Code     2  twis.o(i.TWIS_DevicesUpdate)
    TWIS_Dump                                0x000048bb   Thumb Code     2  twis.o(i.TWIS_Dump)
    TWIS_Init                                0x000048bd   Thumb Code     6  twis.o(i.TWIS_Init)
    TWIS_McuStateUpdate                      0x000048c3   Thumb Code     2  twis.o(i.TWIS_McuStateUpdate)
    TWIS_VolumeUpdate                        0x000048c5   Thumb Code     4  twis.o(i.TWIS_VolumeUpdate)
    TransferReset                            0x000048c9   Thumb Code    28  stransfer.o(i.TransferReset)
    UARTE0_UART0_IRQHandler                  0x000048f9   Thumb Code    20  nrf_drv_uart.o(i.UARTE0_UART0_IRQHandler)
    Uart_Init                                0x00004911   Thumb Code    86  uart.o(i.Uart_Init)
    UpdateDevicesInfo                        0x00004979   Thumb Code   212  flash.o(i.UpdateDevicesInfo)
    UpdateFrameState                         0x00004a51   Thumb Code   366  sender.o(i.UpdateFrameState)
    Watchdog_Feed                            0x00004bed   Thumb Code     8  systemclock.o(i.Watchdog_Feed)
    Watchdog_Init                            0x00004bfd   Thumb Code    50  systemclock.o(i.Watchdog_Init)
    _is_digit                                0x00004cad   Thumb Code    14  __printf_wp.o(i._is_digit)
    app_error_fault_handler                  0x00004cbd   Thumb Code    60  app_error.o(i.app_error_fault_handler)
    app_error_handler_bare                   0x00004d01   Thumb Code    26  app_error.o(i.app_error_handler_bare)
    app_fifo_get                             0x00004d1b   Thumb Code    30  app_fifo.o(i.app_fifo_get)
    app_fifo_init                            0x00004d39   Thumb Code    36  app_fifo.o(i.app_fifo_init)
    app_fifo_put                             0x00004d5d   Thumb Code    34  app_fifo.o(i.app_fifo_put)
    app_uart_close                           0x00004f51   Thumb Code    10  app_uart_fifo.o(i.app_uart_close)
    app_uart_get                             0x00004f5d   Thumb Code    46  app_uart_fifo.o(i.app_uart_get)
    app_uart_init                            0x00004f95   Thumb Code   178  app_uart_fifo.o(i.app_uart_init)
    app_uart_put                             0x00005061   Thumb Code    34  app_uart_fifo.o(i.app_uart_put)
    emptyQueue                               0x00005205   Thumb Code     8  queue.o(i.emptyQueue)
    fputc                                    0x00005551   Thumb Code    16  retarget.o(i.fputc)
    initQueue                                0x00005561   Thumb Code   316  queue.o(i.initQueue)
    isQueueFull                              0x00005719   Thumb Code    30  queue.o(i.isQueueFull)
    isQueueNotEmpty                          0x00005737   Thumb Code    18  queue.o(i.isQueueNotEmpty)
    main                                     0x00005749   Thumb Code  1298  sender.o(i.main)
    nrf_delay_ms                             0x00005c75   Thumb Code    26  nrf_delay.o(i.nrf_delay_ms)
    nrf_drv_common_irq_enable                0x00005cb1   Thumb Code    92  nrf_drv_common.o(i.nrf_drv_common_irq_enable)
    nrf_drv_gpiote_in_event_enable           0x00005d25   Thumb Code   170  nrf_drv_gpiote.o(i.nrf_drv_gpiote_in_event_enable)
    nrf_drv_gpiote_in_init                   0x00005ddd   Thumb Code   198  nrf_drv_gpiote.o(i.nrf_drv_gpiote_in_init)
    nrf_drv_gpiote_init                      0x00005eb5   Thumb Code    78  nrf_drv_gpiote.o(i.nrf_drv_gpiote_init)
    nrf_drv_uart_init                        0x000062f1   Thumb Code   202  nrf_drv_uart.o(i.nrf_drv_uart_init)
    nrf_drv_uart_rx                          0x000063d5   Thumb Code   168  nrf_drv_uart.o(i.nrf_drv_uart_rx)
    nrf_drv_uart_rx_enable                   0x00006485   Thumb Code    26  nrf_drv_uart.o(i.nrf_drv_uart_rx_enable)
    nrf_drv_uart_tx                          0x0000660d   Thumb Code    66  nrf_drv_uart.o(i.nrf_drv_uart_tx)
    nrf_drv_uart_uninit                      0x00006751   Thumb Code    60  nrf_drv_uart.o(i.nrf_drv_uart_uninit)
    pullQueue                                0x00006abd   Thumb Code    86  queue.o(i.pullQueue)
    pushQueue                                0x00006b13   Thumb Code    86  queue.o(i.pushQueue)
    rawDataProcess                           0x00006b69   Thumb Code   358  stransfer.o(i.rawDataProcess)
    _get_lc_ctype                            0x000071dd   Thumb Code    44  lc_ctype_c.o(locale$$code)
    _fp_init                                 0x00007209   Thumb Code    10  fpinit.o(x$fpl$fpinit)
    __fplib_config_fpu_vfp                   0x00007211   Thumb Code     0  fpinit.o(x$fpl$fpinit)
    __fplib_config_pureend_doubles           0x00007211   Thumb Code     0  fpinit.o(x$fpl$fpinit)
    IndexTable                               0x00007378   Data          64  ima_adpcm.o(.constdata)
    HanmmingArray                            0x000073b8   Data        1024  signalprocess.o(.constdata)
    HanmmingSubArray                         0x000077b8   Data        1024  signalprocess.o(.constdata)
    AtSet                                    0x00007bc4   Data         108  at.o(.constdata)
    volSet                                   0x00007c30   Data           5  button.o(.constdata)
    arm_cfft_sR_f32_len256                   0x00007c94   Data          16  arm_const_structs.o(.constdata)
    twiddleCoef_256                          0x00007ca4   Data        2048  arm_common_tables.o(.constdata)
    armBitRevIndexTable256                   0x000084a4   Data         880  arm_common_tables.o(.constdata)
    Region$$Table$$Base                      0x000088bc   Number         0  anon$$obj.o(Region$$Table)
    Region$$Table$$Limit                     0x000088dc   Number         0  anon$$obj.o(Region$$Table)
    __ctype                                  0x000088e9   Data           0  lc_ctype_c.o(locale$$data)
    BatteryGrade                             0x20000004   Data           1  sample.o(.data)
    meanVal                                  0x20000008   Data           4  sample.o(.data)
    sampleState                              0x2000000c   Data           1  sample.o(.data)
    quietThreshold                           0x20000034   Data           1  sender.o(.data)
    SystemTicks                              0x2000003c   Data           4  systemclock.o(.data)
    rxPos                                    0x20000058   Data           1  uart.o(.data)
    simCReg                                  0x2000005c   Data           1  at.o(.data)
    BatIndCount                              0x20000064   Data           1  led.o(.data)
    LedFlashCount                            0x20000065   Data           1  led.o(.data)
    chargingState                            0x20000066   Data           1  led.o(.data)
    volStep                                  0x20000068   Data           1  button.o(.data)
    SystemCoreClock                          0x2000006c   Data           4  system_nrf52.o(.data)
    __stdout                                 0x2000007c   Data           4  retarget.o(.data)
    __stdin                                  0x20000080   Data           4  retarget.o(.data)
    SenderSC                                 0x20000088   Data         196  sender.o(.bss)
    NoiseMagArray                            0x200082f0   Data        1024  signalprocess.o(.bss)
    uartQ                                    0x20008ef0   Data          20  queue.o(.bss)
    audioQ                                   0x20008f04   Data          20  queue.o(.bss)
    msgQ                                     0x20008f18   Data          20  queue.o(.bss)
    rxBuf                                    0x20008f7c   Data          64  uart.o(.bss)
    ledPins                                  0x200090fc   Data          24  led.o(.bss)
    __libspace_start                         0x200091b8   Data          96  libspace.o(.bss)
    __temporary_stack_top$libspace           0x20009218   Data           0  libspace.o(.bss)



==============================================================================

Memory Map of the image

  Image Entry point : 0x00000201

  Load Region LR_IROM1 (Base: 0x00000000, Size: 0x00008a74, Max: 0x00080000, ABSOLUTE)

    Execution Region ER_IROM1 (Exec base: 0x00000000, Load base: 0x00000000, Size: 0x000089ec, Max: 0x00080000, ABSOLUTE)

    Exec Addr    Load Addr    Size         Type   Attr      Idx    E Section Name        Object

    0x00000000   0x00000000   0x00000200   Data   RO         1076    RESET               arm_startup_nrf52.o
    0x00000200   0x00000200   0x00000008   Code   RO         2788  * !!!main             c_w.l(__main.o)
    0x00000208   0x00000208   0x00000034   Code   RO         3037    !!!scatter          c_w.l(__scatter.o)
    0x0000023c   0x0000023c   0x0000001a   Code   RO         3039    !!handler_copy      c_w.l(__scatter_copy.o)
    0x00000256   0x00000256   0x00000002   PAD
    0x00000258   0x00000258   0x0000001c   Code   RO         3041    !!handler_zi        c_w.l(__scatter_zi.o)
    0x00000274   0x00000274   0x000000c0   Code   RO         2562    . text              arm_cortexM4lf_math.lib(arm_bitreversal2.o)
    0x00000334   0x00000334   0x00000000   Code   RO         2766    .ARM.Collect$$_printf_percent$$00000000  c_w.l(_printf_percent.o)
    0x00000334   0x00000334   0x00000006   Code   RO         2765    .ARM.Collect$$_printf_percent$$00000009  c_w.l(_printf_d.o)
    0x0000033a   0x0000033a   0x00000006   Code   RO         2764    .ARM.Collect$$_printf_percent$$0000000C  c_w.l(_printf_x.o)
    0x00000340   0x00000340   0x00000006   Code   RO         2763    .ARM.Collect$$_printf_percent$$00000014  c_w.l(_printf_s.o)
    0x00000346   0x00000346   0x00000004   Code   RO         2841    .ARM.Collect$$_printf_percent$$00000017  c_w.l(_printf_percent_end.o)
    0x0000034a   0x0000034a   0x00000002   Code   RO         2976    .ARM.Collect$$libinit$$00000000  c_w.l(libinit.o)
    0x0000034c   0x0000034c   0x00000004   Code   RO         2848    .ARM.Collect$$libinit$$00000001  c_w.l(libinit2.o)
    0x00000350   0x00000350   0x00000000   Code   RO         2851    .ARM.Collect$$libinit$$00000004  c_w.l(libinit2.o)
    0x00000350   0x00000350   0x00000008   Code   RO         2852    .ARM.Collect$$libinit$$00000005  c_w.l(libinit2.o)
    0x00000358   0x00000358   0x00000000   Code   RO         2854    .ARM.Collect$$libinit$$0000000A  c_w.l(libinit2.o)
    0x00000358   0x00000358   0x00000000   Code   RO         2856    .ARM.Collect$$libinit$$0000000C  c_w.l(libinit2.o)
    0x00000358   0x00000358   0x00000000   Code   RO         2858    .ARM.Collect$$libinit$$0000000E  c_w.l(libinit2.o)
    0x00000358   0x00000358   0x00000006   Code   RO         2859    .ARM.Collect$$libinit$$0000000F  c_w.l(libinit2.o)
    0x0000035e   0x0000035e   0x00000000   Code   RO         2861    .ARM.Collect$$libinit$$00000011  c_w.l(libinit2.o)
    0x0000035e   0x0000035e   0x0000000c   Code   RO         2862    .ARM.Collect$$libinit$$00000012  c_w.l(libinit2.o)
    0x0000036a   0x0000036a   0x00000000   Code   RO         2863    .ARM.Collect$$libinit$$00000013  c_w.l(libinit2.o)
    0x0000036a   0x0000036a   0x00000000   Code   RO         2865    .ARM.Collect$$libinit$$00000015  c_w.l(libinit2.o)
    0x0000036a   0x0000036a   0x00000000   Code   RO         2867    .ARM.Collect$$libinit$$00000017  c_w.l(libinit2.o)
    0x0000036a   0x0000036a   0x00000000   Code   RO         2869    .ARM.Collect$$libinit$$00000019  c_w.l(libinit2.o)
    0x0000036a   0x0000036a   0x00000000   Code   RO         2871    .ARM.Collect$$libinit$$0000001B  c_w.l(libinit2.o)
    0x0000036a   0x0000036a   0x00000000   Code   RO         2873    .ARM.Collect$$libinit$$0000001D  c_w.l(libinit2.o)
    0x0000036a   0x0000036a   0x00000000   Code   RO         2875    .ARM.Collect$$libinit$$0000001F  c_w.l(libinit2.o)
    0x0000036a   0x0000036a   0x00000000   Code   RO         2877    .ARM.Collect$$libinit$$00000021  c_w.l(libinit2.o)
    0x0000036a   0x0000036a   0x00000000   Code   RO         2879    .ARM.Collect$$libinit$$00000023  c_w.l(libinit2.o)
    0x0000036a   0x0000036a   0x00000000   Code   RO         2881    .ARM.Collect$$libinit$$00000025  c_w.l(libinit2.o)
    0x0000036a   0x0000036a   0x00000000   Code   RO         2885    .ARM.Collect$$libinit$$0000002C  c_w.l(libinit2.o)
    0x0000036a   0x0000036a   0x00000000   Code   RO         2887    .ARM.Collect$$libinit$$0000002E  c_w.l(libinit2.o)
    0x0000036a   0x0000036a   0x00000000   Code   RO         2889    .ARM.Collect$$libinit$$00000030  c_w.l(libinit2.o)
    0x0000036a   0x0000036a   0x00000000   Code   RO         2891    .ARM.Collect$$libinit$$00000032  c_w.l(libinit2.o)
    0x0000036a   0x0000036a   0x00000002   Code   RO         2892    .ARM.Collect$$libinit$$00000033  c_w.l(libinit2.o)
    0x0000036c   0x0000036c   0x00000002   Code   RO         3034    .ARM.Collect$$libshutdown$$00000000  c_w.l(libshutdown.o)
    0x0000036e   0x0000036e   0x00000000   Code   RO         2990    .ARM.Collect$$libshutdown$$00000002  c_w.l(libshutdown2.o)
    0x0000036e   0x0000036e   0x00000000   Code   RO         2992    .ARM.Collect$$libshutdown$$00000004  c_w.l(libshutdown2.o)
    0x0000036e   0x0000036e   0x00000000   Code   RO         2995    .ARM.Collect$$libshutdown$$00000007  c_w.l(libshutdown2.o)
    0x0000036e   0x0000036e   0x00000000   Code   RO         2998    .ARM.Collect$$libshutdown$$0000000A  c_w.l(libshutdown2.o)
    0x0000036e   0x0000036e   0x00000000   Code   RO         3000    .ARM.Collect$$libshutdown$$0000000C  c_w.l(libshutdown2.o)
    0x0000036e   0x0000036e   0x00000000   Code   RO         3003    .ARM.Collect$$libshutdown$$0000000F  c_w.l(libshutdown2.o)
    0x0000036e   0x0000036e   0x00000002   Code   RO         3004    .ARM.Collect$$libshutdown$$00000010  c_w.l(libshutdown2.o)
    0x00000370   0x00000370   0x00000000   Code   RO         2792    .ARM.Collect$$rtentry$$00000000  c_w.l(__rtentry.o)
    0x00000370   0x00000370   0x00000000   Code   RO         2899    .ARM.Collect$$rtentry$$00000002  c_w.l(__rtentry2.o)
    0x00000370   0x00000370   0x00000006   Code   RO         2911    .ARM.Collect$$rtentry$$00000004  c_w.l(__rtentry4.o)
    0x00000376   0x00000376   0x00000000   Code   RO         2901    .ARM.Collect$$rtentry$$00000009  c_w.l(__rtentry2.o)
    0x00000376   0x00000376   0x00000004   Code   RO         2902    .ARM.Collect$$rtentry$$0000000A  c_w.l(__rtentry2.o)
    0x0000037a   0x0000037a   0x00000000   Code   RO         2904    .ARM.Collect$$rtentry$$0000000C  c_w.l(__rtentry2.o)
    0x0000037a   0x0000037a   0x00000008   Code   RO         2905    .ARM.Collect$$rtentry$$0000000D  c_w.l(__rtentry2.o)
    0x00000382   0x00000382   0x00000002   Code   RO         2979    .ARM.Collect$$rtexit$$00000000  c_w.l(rtexit.o)
    0x00000384   0x00000384   0x00000000   Code   RO         3008    .ARM.Collect$$rtexit$$00000002  c_w.l(rtexit2.o)
    0x00000384   0x00000384   0x00000004   Code   RO         3009    .ARM.Collect$$rtexit$$00000003  c_w.l(rtexit2.o)
    0x00000388   0x00000388   0x00000006   Code   RO         3010    .ARM.Collect$$rtexit$$00000004  c_w.l(rtexit2.o)
    0x0000038e   0x0000038e   0x00000002   PAD
    0x00000390   0x00000390   0x00000076   Code   RO         1202    .emb_text           nrf_delay.o
    0x00000406   0x00000406   0x00000002   PAD
    0x00000408   0x00000408   0x00000000   Code   RO         2920    .emb_text           c_w.l(maybetermalloc1.o)
    0x00000408   0x00000408   0x00000040   Code   RO         1077    .text               arm_startup_nrf52.o
    0x00000448   0x00000448   0x000000fc   Code   RO         2329    .text               arm_cortexM4lf_math.lib(arm_cmplx_mag_f32.o)
    0x00000544   0x00000544   0x00000722   Code   RO         2375    .text               arm_cortexM4lf_math.lib(arm_cfft_f32.o)
    0x00000c66   0x00000c66   0x00000002   PAD
    0x00000c68   0x00000c68   0x000004dc   Code   RO         2541    .text               arm_cortexM4lf_math.lib(arm_cfft_radix8_f32.o)
    0x00001144   0x00001144   0x0000005e   Code   RO         2652    .text               c_w.l(h1_alloc.o)
    0x000011a2   0x000011a2   0x00000002   PAD
    0x000011a4   0x000011a4   0x00000018   Code   RO         2710    .text               c_w.l(noretval__2printf.o)
    0x000011bc   0x000011bc   0x0000004e   Code   RO         2716    .text               c_w.l(_printf_pad.o)
    0x0000120a   0x0000120a   0x00000052   Code   RO         2718    .text               c_w.l(_printf_str.o)
    0x0000125c   0x0000125c   0x00000078   Code   RO         2720    .text               c_w.l(_printf_dec.o)
    0x000012d4   0x000012d4   0x00000058   Code   RO         2725    .text               c_w.l(_printf_hex_int.o)
    0x0000132c   0x0000132c   0x00000138   Code   RO         2755    .text               c_w.l(__printf_flags_wp.o)
    0x00001464   0x00001464   0x0000001a   Code   RO         2767    .text               c_w.l(atoi.o)
    0x0000147e   0x0000147e   0x00000070   Code   RO         2769    .text               c_w.l(strtol.o)
    0x000014ee   0x000014ee   0x00000002   PAD
    0x000014f0   0x000014f0   0x0000000c   Code   RO         2771    .text               c_w.l(strtok.o)
    0x000014fc   0x000014fc   0x00000024   Code   RO         2774    .text               c_w.l(strstr.o)
    0x00001520   0x00001520   0x00000058   Code   RO         2776    .text               c_w.l(memcmp.o)
    0x00001578   0x00001578   0x00000064   Code   RO         2780    .text               c_w.l(rt_memcpy_w.o)
    0x000015dc   0x000015dc   0x0000004e   Code   RO         2782    .text               c_w.l(rt_memclr_w.o)
    0x0000162a   0x0000162a   0x00000002   PAD
    0x0000162c   0x0000162c   0x00000080   Code   RO         2784    .text               c_w.l(strcmpv7m.o)
    0x000016ac   0x000016ac   0x00000006   Code   RO         2786    .text               c_w.l(heapauxi.o)
    0x000016b2   0x000016b2   0x00000002   PAD
    0x000016b4   0x000016b4   0x00000010   Code   RO         2793    .text               c_w.l(rt_ctype_table.o)
    0x000016c4   0x000016c4   0x00000008   Code   RO         2798    .text               c_w.l(rt_heap_descriptor_intlibspace.o)
    0x000016cc   0x000016cc   0x00000008   Code   RO         2803    .text               c_w.l(rt_errno_addr_intlibspace.o)
    0x000016d4   0x000016d4   0x00000004   Code   RO         2805    .text               c_w.l(hguard.o)
    0x000016d8   0x000016d8   0x0000008a   Code   RO         2807    .text               c_w.l(init_alloc.o)
    0x00001762   0x00001762   0x0000000e   Code   RO         2813    .text               c_w.l(h1_init.o)
    0x00001770   0x00001770   0x0000004e   Code   RO         2815    .text               c_w.l(h1_free.o)
    0x000017be   0x000017be   0x000000b2   Code   RO         2831    .text               c_w.l(_printf_intcommon.o)
    0x00001870   0x00001870   0x00000030   Code   RO         2833    .text               c_w.l(_printf_char_common.o)
    0x000018a0   0x000018a0   0x0000002c   Code   RO         2837    .text               c_w.l(_printf_char.o)
    0x000018cc   0x000018cc   0x00000024   Code   RO         2839    .text               c_w.l(_printf_char_file.o)
    0x000018f0   0x000018f0   0x0000009e   Code   RO         2842    .text               c_w.l(_strtoul.o)
    0x0000198e   0x0000198e   0x00000002   PAD
    0x00001990   0x00001990   0x00000044   Code   RO         2844    .text               c_w.l(strtok_int.o)
    0x000019d4   0x000019d4   0x00000008   Code   RO         2895    .text               c_w.l(libspace.o)
    0x000019dc   0x000019dc   0x00000008   Code   RO         2916    .text               c_w.l(rt_locale_intlibspace.o)
    0x000019e4   0x000019e4   0x00000034   Code   RO         2922    .text               c_w.l(h1_extend.o)
    0x00001a18   0x00001a18   0x0000001c   Code   RO         2928    .text               c_w.l(_chval.o)
    0x00001a34   0x00001a34   0x00000008   Code   RO         2930    .text               c_w.l(ferror.o)
    0x00001a3c   0x00001a3c   0x0000000e   Code   RO         2937    .text               c_w.l(defsig_rtmem_outer.o)
    0x00001a4a   0x00001a4a   0x00000020   Code   RO         2941    .text               c_w.l(strcspn.o)
    0x00001a6a   0x00001a6a   0x0000001c   Code   RO         2943    .text               c_w.l(strspn.o)
    0x00001a86   0x00001a86   0x00000002   Code   RO         2952    .text               c_w.l(use_no_semi.o)
    0x00001a88   0x00001a88   0x00000000   Code   RO         2954    .text               c_w.l(indicate_semi.o)
    0x00001a88   0x00001a88   0x0000004a   Code   RO         2955    .text               c_w.l(sys_stackheap_outer.o)
    0x00001ad2   0x00001ad2   0x00000012   Code   RO         2961    .text               c_w.l(exit.o)
    0x00001ae4   0x00001ae4   0x0000000a   Code   RO         2963    .text               c_w.l(defsig_exit.o)
    0x00001aee   0x00001aee   0x00000002   PAD
    0x00001af0   0x00001af0   0x00000050   Code   RO         2965    .text               c_w.l(defsig_rtmem_inner.o)
    0x00001b40   0x00001b40   0x0000000c   Code   RO         2977    .text               c_w.l(sys_exit.o)
    0x00001b4c   0x00001b4c   0x00000032   Code   RO         2987    .text               c_w.l(defsig_general.o)
    0x00001b7e   0x00001b7e   0x0000000e   Code   RO         3005    .text               c_w.l(sys_wrch.o)
    0x00001b8c   0x00001b8c   0x00000018   Code   RO          921    i.AT_CmdSend        at.o
    0x00001ba4   0x00001ba4   0x000000d4   Code   RO          922    i.AT_Command        at.o
    0x00001c78   0x00001c78   0x00000050   Code   RO          923    i.AT_SimInit        at.o
    0x00001cc8   0x00001cc8   0x00000050   Code   RO          183    i.AudioLineIsChanged  sample.o
    0x00001d18   0x00001d18   0x000000f8   Code   RO         1034    i.BSP_GpioInit      button.o
    0x00001e10   0x00001e10   0x0000000c   Code   RO          184    i.BatteryGetGrade   sample.o
    0x00001e1c   0x00001e1c   0x0000000c   Code   RO          185    i.BatteryGetValue   sample.o
    0x00001e28   0x00001e28   0x00000314   Code   RO          186    i.BatteryLevelDetect  sample.o
    0x0000213c   0x0000213c   0x00000024   Code   RO          187    i.Battery_Init      sample.o
    0x00002160   0x00002160   0x00000070   Code   RO          313    i.Broadcast_SetType  sender.o
    0x000021d0   0x000021d0   0x00000024   Code   RO          407    i.Delay_ms          systemclock.o
    0x000021f4   0x000021f4   0x00000178   Code   RO          542    i.Denoise           signalprocess.o
    0x0000236c   0x0000236c   0x00000128   Code   RO          314    i.EventProcess      sender.o
    0x00002494   0x00002494   0x000000f0   Code   RO          688    i.FrameProcess      stransfer.o
    0x00002584   0x00002584   0x0000014c   Code   RO         1236    i.GPIOTE_IRQHandler  nrf_drv_gpiote.o
    0x000026d0   0x000026d0   0x000000e4   Code   RO          826    i.GetDevicesInfo    flash.o
    0x000027b4   0x000027b4   0x00000104   Code   RO          315    i.GetFrameState     sender.o
    0x000028b8   0x000028b8   0x0000005c   Code   RO          316    i.GetMessage        sender.o
    0x00002914   0x00002914   0x00000054   Code   RO          543    i.HanmmingFunction  signalprocess.o
    0x00002968   0x00002968   0x00000030   Code   RO          544    i.HanmmingSubWindow  signalprocess.o
    0x00002998   0x00002998   0x0000012c   Code   RO          509    i.IMA_ADPCM_BlockEncode  ima_adpcm.o
    0x00002ac4   0x00002ac4   0x00000020   Code   RO          990    i.LedIsBusy         led.o
    0x00002ae4   0x00002ae4   0x0000007c   Code   RO          991    i.Led_Init          led.o
    0x00002b60   0x00002b60   0x00000350   Code   RO         1035    i.MessageProcess    button.o
    0x00002eb0   0x00002eb0   0x000000b4   Code   RO          317    i.MessageUpdate     sender.o
    0x00002f64   0x00002f64   0x00000030   Code   RO          188    i.MicStateUpdate    sample.o
    0x00002f94   0x00002f94   0x00000134   Code   RO          545    i.NoiseEstimate     signalprocess.o
    0x000030c8   0x000030c8   0x0000000e   Code   RO          189    i.NoiseSample_Start  sample.o
    0x000030d6   0x000030d6   0x0000000e   Code   RO          190    i.NoiseSample_Stop  sample.o
    0x000030e4   0x000030e4   0x00000028   Code   RO          191    i.Noise_Init        sample.o
    0x0000310c   0x0000310c   0x0000003c   Code   RO            4    i.PAM_Enable        rf.o
    0x00003148   0x00003148   0x00000038   Code   RO            5    i.PAM_Init          rf.o
    0x00003180   0x00003180   0x0000001c   Code   RO            6    i.PAM_Power         rf.o
    0x0000319c   0x0000319c   0x0000001c   Code   RO          318    i.PostMessage       sender.o
    0x000031b8   0x000031b8   0x00000044   Code   RO            7    i.RADIO_IRQHandler  rf.o
    0x000031fc   0x000031fc   0x0000003c   Code   RO          408    i.RND_Get           systemclock.o
    0x00003238   0x00003238   0x00000030   Code   RO          409    i.RTC0_IRQHandler   systemclock.o
    0x00003268   0x00003268   0x00000028   Code   RO          689    i.RTC2_IRQHandler   stransfer.o
    0x00003290   0x00003290   0x00000068   Code   RO            8    i.Rf_AddressUpdate  rf.o
    0x000032f8   0x000032f8   0x00000108   Code   RO            9    i.Rf_Broadcast      rf.o
    0x00003400   0x00003400   0x00000098   Code   RO           10    i.Rf_Init           rf.o
    0x00003498   0x00003498   0x000001a8   Code   RO           11    i.Rf_ReceiveUpdate  rf.o
    0x00003640   0x00003640   0x000000d4   Code   RO           12    i.Rf_SendPackage    rf.o
    0x00003714   0x00003714   0x00000002   Code   RO           13    i.Rf_SetMode        rf.o
    0x00003716   0x00003716   0x00000002   PAD
    0x00003718   0x00003718   0x000000cc   Code   RO           14    i.Rf_StartRx        rf.o
    0x000037e4   0x000037e4   0x0000013c   Code   RO           15    i.Rf_Test           rf.o
    0x00003920   0x00003920   0x00000090   Code   RO          924    i.SIM800C_PowerOn   at.o
    0x000039b0   0x000039b0   0x0000000e   Code   RO         1476    i.SPIM1_SPIS1_TWIM1_TWIS1_SPI1_TWI1_IRQHandler  nrf_drv_twis.o
    0x000039be   0x000039be   0x00000002   PAD
    0x000039c0   0x000039c0   0x00000144   Code   RO          192    i.Sample_Init       sample.o
    0x00003b04   0x00003b04   0x00000068   Code   RO          193    i.Sample_SetSrc     sample.o
    0x00003b6c   0x00003b6c   0x00000040   Code   RO          194    i.Sample_Start      sample.o
    0x00003bac   0x00003bac   0x0000005c   Code   RO          195    i.Sample_Stop       sample.o
    0x00003c08   0x00003c08   0x000001dc   Code   RO          319    i.SendSC_Init       sender.o
    0x00003de4   0x00003de4   0x000005a4   Code   RO          992    i.SetLedState       led.o
    0x00004388   0x00004388   0x00000010   Code   RO          546    i.SignalProcess_Init  signalprocess.o
    0x00004398   0x00004398   0x00000014   Code   RO          547    i.SignalProcess_Run  signalprocess.o
    0x000043ac   0x000043ac   0x00000050   Code   RO          925    i.SimCardDetect     at.o
    0x000043fc   0x000043fc   0x00000024   Code   RO          926    i.SimCardUpdate     at.o
    0x00004420   0x00004420   0x000000c0   Code   RO          548    i.SpectralSubtract  signalprocess.o
    0x000044e0   0x000044e0   0x00000040   Code   RO          410    i.SystemClock_Init  systemclock.o
    0x00004520   0x00004520   0x00000010   Code   RO         1084    i.SystemCoreClockUpdate  system_nrf52.o
    0x00004530   0x00004530   0x0000026c   Code   RO         1085    i.SystemInit        system_nrf52.o
    0x0000479c   0x0000479c   0x00000044   Code   RO          411    i.SystemTick_Get    systemclock.o
    0x000047e0   0x000047e0   0x0000000c   Code   RO          412    i.SystemTick_GetSecond  systemclock.o
    0x000047ec   0x000047ec   0x00000048   Code   RO          414    i.SystemTick_Init   systemclock.o
    0x00004834   0x00004834   0x00000084   Code   RO          196    i.TIMER1_IRQHandler  sample.o
    0x000048b8   0x000048b8   0x00000002   Code   RO          739    i.TWIS_DevicesUpdate  twis.o
    0x000048ba   0x000048ba   0x00000002   Code   RO          740    i.TWIS_Dump         twis.o
    0x000048bc   0x000048bc   0x00000006   Code   RO          741    i.TWIS_Init         twis.o
    0x000048c2   0x000048c2   0x00000002   Code   RO          742    i.TWIS_McuStateUpdate  twis.o
    0x000048c4   0x000048c4   0x00000004   Code   RO          743    i.TWIS_VolumeUpdate  twis.o
    0x000048c8   0x000048c8   0x00000030   Code   RO          690    i.TransferReset     stransfer.o
    0x000048f8   0x000048f8   0x00000018   Code   RO         1727    i.UARTE0_UART0_IRQHandler  nrf_drv_uart.o
    0x00004910   0x00004910   0x00000068   Code   RO          871    i.Uart_Init         uart.o
    0x00004978   0x00004978   0x000000d8   Code   RO          827    i.UpdateDevicesInfo  flash.o
    0x00004a50   0x00004a50   0x0000019c   Code   RO          320    i.UpdateFrameState  sender.o
    0x00004bec   0x00004bec   0x00000010   Code   RO          415    i.Watchdog_Feed     systemclock.o
    0x00004bfc   0x00004bfc   0x00000040   Code   RO          416    i.Watchdog_Init     systemclock.o
    0x00004c3c   0x00004c3c   0x0000003c   Code   RO          417    i.__NVIC_DisableIRQ  systemclock.o
    0x00004c78   0x00004c78   0x0000001a   Code   RO           17    i.__NVIC_EnableIRQ  rf.o
    0x00004c92   0x00004c92   0x0000001a   Code   RO          418    i.__NVIC_EnableIRQ  systemclock.o
    0x00004cac   0x00004cac   0x0000000e   Code   RO         2753    i._is_digit         c_w.l(__printf_wp.o)
    0x00004cba   0x00004cba   0x00000002   PAD
    0x00004cbc   0x00004cbc   0x00000044   Code   RO         2104    i.app_error_fault_handler  app_error.o
    0x00004d00   0x00004d00   0x0000001a   Code   RO         2106    i.app_error_handler_bare  app_error.o
    0x00004d1a   0x00004d1a   0x0000001e   Code   RO         2162    i.app_fifo_get      app_fifo.o
    0x00004d38   0x00004d38   0x00000024   Code   RO         2163    i.app_fifo_init     app_fifo.o
    0x00004d5c   0x00004d5c   0x00000022   Code   RO         2164    i.app_fifo_put      app_fifo.o
    0x00004d7e   0x00004d7e   0x00000002   PAD
    0x00004d80   0x00004d80   0x000001d0   Code   RO         1036    i.app_gpioe_cb      button.o
    0x00004f50   0x00004f50   0x0000000a   Code   RO         2008    i.app_uart_close    app_uart_fifo.o
    0x00004f5a   0x00004f5a   0x00000002   PAD
    0x00004f5c   0x00004f5c   0x00000038   Code   RO         2010    i.app_uart_get      app_uart_fifo.o
    0x00004f94   0x00004f94   0x000000cc   Code   RO         2011    i.app_uart_init     app_uart_fifo.o
    0x00005060   0x00005060   0x0000002c   Code   RO         2012    i.app_uart_put      app_uart_fifo.o
    0x0000508c   0x0000508c   0x000000bc   Code   RO         1728    i.apply_config      nrf_drv_uart.o
    0x00005148   0x00005148   0x00000020   Code   RO         1237    i.channel_free      nrf_drv_gpiote.o
    0x00005168   0x00005168   0x00000010   Code   RO         1238    i.channel_handler_get  nrf_drv_gpiote.o
    0x00005178   0x00005178   0x00000080   Code   RO         1239    i.channel_port_alloc  nrf_drv_gpiote.o
    0x000051f8   0x000051f8   0x0000000c   Code   RO         1240    i.channel_port_get  nrf_drv_gpiote.o
    0x00005204   0x00005204   0x00000008   Code   RO          621    i.emptyQueue        queue.o
    0x0000520c   0x0000520c   0x00000054   Code   RO         1086    i.errata_108        system_nrf52.o
    0x00005260   0x00005260   0x00000054   Code   RO         1087    i.errata_12         system_nrf52.o
    0x000052b4   0x000052b4   0x00000054   Code   RO         1088    i.errata_136        system_nrf52.o
    0x00005308   0x00005308   0x00000030   Code   RO         1089    i.errata_16         system_nrf52.o
    0x00005338   0x00005338   0x00000054   Code   RO         1090    i.errata_31         system_nrf52.o
    0x0000538c   0x0000538c   0x00000030   Code   RO         1091    i.errata_32         system_nrf52.o
    0x000053bc   0x000053bc   0x00000054   Code   RO         1092    i.errata_36         system_nrf52.o
    0x00005410   0x00005410   0x00000030   Code   RO         1093    i.errata_37         system_nrf52.o
    0x00005440   0x00005440   0x00000030   Code   RO         1094    i.errata_57         system_nrf52.o
    0x00005470   0x00005470   0x00000030   Code   RO         1095    i.errata_66         system_nrf52.o
    0x000054a0   0x000054a0   0x00000014   Code   RO         2167    i.fifo_get          app_fifo.o
    0x000054b4   0x000054b4   0x0000000a   Code   RO         2013    i.fifo_length       app_uart_fifo.o
    0x000054be   0x000054be   0x0000000a   Code   RO         2168    i.fifo_length       app_fifo.o
    0x000054c8   0x000054c8   0x00000012   Code   RO         2169    i.fifo_put          app_fifo.o
    0x000054da   0x000054da   0x00000002   PAD
    0x000054dc   0x000054dc   0x0000003c   Code   RO          828    i.flash_page_erase  flash.o
    0x00005518   0x00005518   0x00000038   Code   RO          829    i.flash_word_write  flash.o
    0x00005550   0x00005550   0x00000010   Code   RO         2290    i.fputc             retarget.o
    0x00005560   0x00005560   0x0000014c   Code   RO          623    i.initQueue         queue.o
    0x000056ac   0x000056ac   0x0000006c   Code   RO         1729    i.interrupts_disable  nrf_drv_uart.o
    0x00005718   0x00005718   0x0000001e   Code   RO          624    i.isQueueFull       queue.o
    0x00005736   0x00005736   0x00000012   Code   RO          625    i.isQueueNotEmpty   queue.o
    0x00005748   0x00005748   0x0000052c   Code   RO          322    i.main              sender.o
    0x00005c74   0x00005c74   0x0000001a   Code   RO         1203    i.nrf_delay_ms      nrf_delay.o
    0x00005c8e   0x00005c8e   0x00000002   PAD
    0x00005c90   0x00005c90   0x00000020   Code   RO         1477    i.nrf_drv_call_event_handler  nrf_drv_twis.o
    0x00005cb0   0x00005cb0   0x00000068   Code   RO         1174    i.nrf_drv_common_irq_enable  nrf_drv_common.o
    0x00005d18   0x00005d18   0x0000000a   Code   RO         1478    i.nrf_drv_event_to_bitpos  nrf_drv_twis.o
    0x00005d22   0x00005d22   0x00000002   PAD
    0x00005d24   0x00005d24   0x000000b8   Code   RO         1243    i.nrf_drv_gpiote_in_event_enable  nrf_drv_gpiote.o
    0x00005ddc   0x00005ddc   0x000000d8   Code   RO         1244    i.nrf_drv_gpiote_in_init  nrf_drv_gpiote.o
    0x00005eb4   0x00005eb4   0x00000054   Code   RO         1247    i.nrf_drv_gpiote_init  nrf_drv_gpiote.o
    0x00005f08   0x00005f08   0x0000001e   Code   RO         1481    i.nrf_drv_twis_check_bit  nrf_drv_twis.o
    0x00005f26   0x00005f26   0x00000016   Code   RO         1483    i.nrf_drv_twis_clear_bit  nrf_drv_twis.o
    0x00005f3c   0x00005f3c   0x00000042   Code   RO         1488    i.nrf_drv_twis_event_bit_get  nrf_drv_twis.o
    0x00005f7e   0x00005f7e   0x00000002   PAD
    0x00005f80   0x00005f80   0x0000003c   Code   RO         1496    i.nrf_drv_twis_process_error  nrf_drv_twis.o
    0x00005fbc   0x00005fbc   0x00000334   Code   RO         1499    i.nrf_drv_twis_state_machine  nrf_drv_twis.o
    0x000062f0   0x000062f0   0x000000e4   Code   RO         1731    i.nrf_drv_uart_init  nrf_drv_uart.o
    0x000063d4   0x000063d4   0x000000b0   Code   RO         1732    i.nrf_drv_uart_rx   nrf_drv_uart.o
    0x00006484   0x00006484   0x00000020   Code   RO         1735    i.nrf_drv_uart_rx_enable  nrf_drv_uart.o
    0x000064a4   0x000064a4   0x000000b4   Code   RO         1736    i.nrf_drv_uart_rx_for_uart  nrf_drv_uart.o
    0x00006558   0x00006558   0x000000b4   Code   RO         1737    i.nrf_drv_uart_rx_for_uarte  nrf_drv_uart.o
    0x0000660c   0x0000660c   0x00000048   Code   RO         1738    i.nrf_drv_uart_tx   nrf_drv_uart.o
    0x00006654   0x00006654   0x0000008c   Code   RO         1740    i.nrf_drv_uart_tx_for_uart  nrf_drv_uart.o
    0x000066e0   0x000066e0   0x00000070   Code   RO         1741    i.nrf_drv_uart_tx_for_uarte  nrf_drv_uart.o
    0x00006750   0x00006750   0x00000044   Code   RO         1742    i.nrf_drv_uart_uninit  nrf_drv_uart.o
    0x00006794   0x00006794   0x00000024   Code   RO         1260    i.nrf_gpio_cfg      nrf_drv_gpiote.o
    0x000067b8   0x000067b8   0x00000024   Code   RO         1743    i.nrf_gpio_cfg      nrf_drv_uart.o
    0x000067dc   0x000067dc   0x00000018   Code   RO         1744    i.nrf_gpio_cfg_default  nrf_drv_uart.o
    0x000067f4   0x000067f4   0x0000001a   Code   RO         1745    i.nrf_gpio_cfg_input  nrf_drv_uart.o
    0x0000680e   0x0000680e   0x00000018   Code   RO         1746    i.nrf_gpio_cfg_output  nrf_drv_uart.o
    0x00006826   0x00006826   0x00000002   PAD
    0x00006828   0x00006828   0x00000024   Code   RO         1262    i.nrf_gpio_cfg_sense_set  nrf_drv_gpiote.o
    0x0000684c   0x0000684c   0x00000010   Code   RO         1747    i.nrf_gpio_pin_set  nrf_drv_uart.o
    0x0000685c   0x0000685c   0x0000000c   Code   RO         1265    i.nrf_gpiote_event_addr_get  nrf_drv_gpiote.o
    0x00006868   0x00006868   0x0000001c   Code   RO         1266    i.nrf_gpiote_event_clear  nrf_drv_gpiote.o
    0x00006884   0x00006884   0x00000016   Code   RO         1267    i.nrf_gpiote_event_is_set  nrf_drv_gpiote.o
    0x0000689a   0x0000689a   0x00000002   PAD
    0x0000689c   0x0000689c   0x0000000c   Code   RO         1268    i.nrf_gpiote_int_enable  nrf_drv_gpiote.o
    0x000068a8   0x000068a8   0x0000000c   Code   RO         1507    i.nrf_twis_error_source_get_and_clear  nrf_drv_twis.o
    0x000068b4   0x000068b4   0x00000014   Code   RO         1508    i.nrf_twis_event_clear  nrf_drv_twis.o
    0x000068c8   0x000068c8   0x00000006   Code   RO         1509    i.nrf_twis_getRegPtr  nrf_drv_twis.o
    0x000068ce   0x000068ce   0x0000000c   Code   RO         1512    i.nrf_twis_rx_amount_get  nrf_drv_twis.o
    0x000068da   0x000068da   0x0000000c   Code   RO         1514    i.nrf_twis_tx_amount_get  nrf_drv_twis.o
    0x000068e6   0x000068e6   0x0000000c   Code   RO         1748    i.nrf_uart_errorsrc_get_and_clear  nrf_drv_uart.o
    0x000068f2   0x000068f2   0x0000000e   Code   RO         1749    i.nrf_uart_event_check  nrf_drv_uart.o
    0x00006900   0x00006900   0x00000006   Code   RO         1750    i.nrf_uart_event_clear  nrf_drv_uart.o
    0x00006906   0x00006906   0x0000000a   Code   RO         1751    i.nrf_uart_hwfc_pins_set  nrf_drv_uart.o
    0x00006910   0x00006910   0x00000006   Code   RO         1752    i.nrf_uart_int_disable  nrf_drv_uart.o
    0x00006916   0x00006916   0x00000006   Code   RO         1753    i.nrf_uart_int_enable  nrf_drv_uart.o
    0x0000691c   0x0000691c   0x00000012   Code   RO         1754    i.nrf_uart_int_enable_check  nrf_drv_uart.o
    0x0000692e   0x0000692e   0x00000006   Code   RO         1755    i.nrf_uart_task_trigger  nrf_drv_uart.o
    0x00006934   0x00006934   0x0000000a   Code   RO         1756    i.nrf_uart_txrx_pins_set  nrf_drv_uart.o
    0x0000693e   0x0000693e   0x0000000c   Code   RO         1757    i.nrf_uarte_errorsrc_get_and_clear  nrf_drv_uart.o
    0x0000694a   0x0000694a   0x0000000e   Code   RO         1758    i.nrf_uarte_event_check  nrf_drv_uart.o
    0x00006958   0x00006958   0x00000006   Code   RO         1759    i.nrf_uarte_event_clear  nrf_drv_uart.o
    0x0000695e   0x0000695e   0x0000000c   Code   RO         1760    i.nrf_uarte_hwfc_pins_set  nrf_drv_uart.o
    0x0000696a   0x0000696a   0x00000006   Code   RO         1761    i.nrf_uarte_int_disable  nrf_drv_uart.o
    0x00006970   0x00006970   0x00000006   Code   RO         1762    i.nrf_uarte_int_enable  nrf_drv_uart.o
    0x00006976   0x00006976   0x0000000a   Code   RO         1763    i.nrf_uarte_rx_amount_get  nrf_drv_uart.o
    0x00006980   0x00006980   0x00000006   Code   RO         1764    i.nrf_uarte_task_trigger  nrf_drv_uart.o
    0x00006986   0x00006986   0x0000000e   Code   RO         1765    i.nrf_uarte_txrx_pins_set  nrf_drv_uart.o
    0x00006994   0x00006994   0x0000001c   Code   RO         1270    i.pin_in_use_by_gpiote  nrf_drv_gpiote.o
    0x000069b0   0x000069b0   0x00000018   Code   RO         1271    i.pin_in_use_by_port  nrf_drv_gpiote.o
    0x000069c8   0x000069c8   0x00000020   Code   RO         1272    i.pin_in_use_by_te  nrf_drv_gpiote.o
    0x000069e8   0x000069e8   0x0000000c   Code   RO         1273    i.pin_in_use_clear  nrf_drv_gpiote.o
    0x000069f4   0x000069f4   0x000000c8   Code   RO         1766    i.pins_to_default   nrf_drv_uart.o
    0x00006abc   0x00006abc   0x00000056   Code   RO          626    i.pullQueue         queue.o
    0x00006b12   0x00006b12   0x00000056   Code   RO          627    i.pushQueue         queue.o
    0x00006b68   0x00006b68   0x00000188   Code   RO          692    i.rawDataProcess    stransfer.o
    0x00006cf0   0x00006cf0   0x00000050   Code   RO         1767    i.rx_byte           nrf_drv_uart.o
    0x00006d40   0x00006d40   0x00000024   Code   RO         1768    i.rx_done_event     nrf_drv_uart.o
    0x00006d64   0x00006d64   0x00000024   Code   RO         1769    i.rx_enable         nrf_drv_uart.o
    0x00006d88   0x00006d88   0x00000038   Code   RO         1770    i.tx_byte           nrf_drv_uart.o
    0x00006dc0   0x00006dc0   0x0000002c   Code   RO         1771    i.tx_done_event     nrf_drv_uart.o
    0x00006dec   0x00006dec   0x000000a4   Code   RO          874    i.uart_error_handle  uart.o
    0x00006e90   0x00006e90   0x000000c0   Code   RO         2014    i.uart_event_handler  app_uart_fifo.o
    0x00006f50   0x00006f50   0x00000160   Code   RO         1772    i.uart_irq_handler  nrf_drv_uart.o
    0x000070b0   0x000070b0   0x0000012c   Code   RO         1773    i.uarte_irq_handler  nrf_drv_uart.o
    0x000071dc   0x000071dc   0x0000002c   Code   RO         2935    locale$$code        c_w.l(lc_ctype_c.o)
    0x00007208   0x00007208   0x0000000a   Code   RO         2950    x$fpl$fpinit        g_wm.l(fpinit.o)
    0x00007212   0x00007212   0x00000002   PAD
    0x00007214   0x00007214   0x000001a4   Data   RO          510    .constdata          ima_adpcm.o
    0x000073b8   0x000073b8   0x00000800   Data   RO          550    .constdata          signalprocess.o
    0x00007bb8   0x00007bb8   0x0000000c   Data   RO          876    .constdata          uart.o
    0x00007bc4   0x00007bc4   0x0000006c   Data   RO          927    .constdata          at.o
    0x00007c30   0x00007c30   0x0000000c   Data   RO         1038    .constdata          button.o
    0x00007c3c   0x00007c3c   0x00000018   Data   RO         1516    .constdata          nrf_drv_twis.o
    0x00007c54   0x00007c54   0x00000020   Data   RO         1775    .constdata          nrf_drv_uart.o
    0x00007c74   0x00007c74   0x00000020   Data   RO         2016    .constdata          app_uart_fifo.o
    0x00007c94   0x00007c94   0x00000010   Data   RO         2410    .constdata          arm_cortexM4lf_math.lib(arm_const_structs.o)
    0x00007ca4   0x00007ca4   0x00000800   Data   RO         2574    .constdata          arm_cortexM4lf_math.lib(arm_common_tables.o)
    0x000084a4   0x000084a4   0x00000370   Data   RO         2603    .constdata          arm_cortexM4lf_math.lib(arm_common_tables.o)
    0x00008814   0x00008814   0x00000028   Data   RO         2726    .constdata          c_w.l(_printf_hex_int.o)
    0x0000883c   0x0000883c   0x00000011   Data   RO         2756    .constdata          c_w.l(__printf_flags_wp.o)
    0x0000884d   0x0000884d   0x00000003   PAD
    0x00008850   0x00008850   0x0000006b   Data   RO          928    .conststring        at.o
    0x000088bb   0x000088bb   0x00000001   PAD
    0x000088bc   0x000088bc   0x00000020   Data   RO         3035    Region$$Table       anon$$obj.o
    0x000088dc   0x000088dc   0x00000110   Data   RO         2934    locale$$data        c_w.l(lc_ctype_c.o)


    Execution Region RW_IRAM1 (Exec base: 0x20000000, Load base: 0x000089ec, Size: 0x0000d218, Max: 0x00010000, ABSOLUTE)

    Exec Addr    Load Addr    Size         Type   Attr      Idx    E Section Name        Object

    0x20000000   0x000089ec   0x00000002   Data   RW           18    .data               rf.o
    0x20000002   0x000089ee   0x00000002   PAD
    0x20000004   0x000089f0   0x0000002d   Data   RW          197    .data               sample.o
    0x20000031   0x00008a1d   0x00000003   PAD
    0x20000034   0x00008a20   0x00000008   Data   RW          324    .data               sender.o
    0x2000003c   0x00008a28   0x00000004   Data   RW          419    .data               systemclock.o
    0x20000040   0x00008a2c   0x00000004   Data   RW          511    .data               ima_adpcm.o
    0x20000044   0x00008a30   0x00000001   Data   RW          629    .data               queue.o
    0x20000045   0x00008a31   0x00000003   PAD
    0x20000048   0x00008a34   0x00000010   Data   RW          694    .data               stransfer.o
    0x20000058   0x00008a44   0x00000001   Data   RW          877    .data               uart.o
    0x20000059   0x00008a45   0x00000003   PAD
    0x2000005c   0x00008a48   0x00000008   Data   RW          929    .data               at.o
    0x20000064   0x00008a50   0x00000004   Data   RW          994    .data               led.o
    0x20000068   0x00008a54   0x00000001   Data   RW         1039    .data               button.o
    0x20000069   0x00008a55   0x00000003   PAD
    0x2000006c   0x00008a58   0x00000004   Data   RW         1096    .data               system_nrf52.o
    0x20000070   0x00008a5c   0x00000001   Data   RW         1517    .data               nrf_drv_twis.o
    0x20000071   0x00008a5d   0x00000003   PAD
    0x20000074   0x00008a60   0x00000007   Data   RW         2017    .data               app_uart_fifo.o
    0x2000007b   0x00008a67   0x00000001   PAD
    0x2000007c   0x00008a68   0x00000008   Data   RW         2291    .data               retarget.o
    0x20000084   0x00008a70   0x00000004   Data   RW         2772    .data               c_w.l(strtok.o)
    0x20000088        -       0x00008266   Zero   RW          323    .bss                sender.o
    0x200082ee   0x00008a74   0x00000002   PAD
    0x200082f0        -       0x00000c00   Zero   RW          549    .bss                signalprocess.o
    0x20008ef0        -       0x0000003c   Zero   RW          628    .bss                queue.o
    0x20008f2c        -       0x00000050   Zero   RW          693    .bss                stransfer.o
    0x20008f7c        -       0x00000180   Zero   RW          875    .bss                uart.o
    0x200090fc        -       0x00000018   Zero   RW          993    .bss                led.o
    0x20009114        -       0x00000010   Zero   RW         1037    .bss                button.o
    0x20009124        -       0x00000048   Zero   RW         1274    .bss                nrf_drv_gpiote.o
    0x2000916c        -       0x0000000c   Zero   RW         1515    .bss                nrf_drv_twis.o
    0x20009178        -       0x00000020   Zero   RW         1774    .bss                nrf_drv_uart.o
    0x20009198        -       0x00000020   Zero   RW         2015    .bss                app_uart_fifo.o
    0x200091b8        -       0x00000060   Zero   RW         2896    .bss                c_w.l(libspace.o)
    0x20009218        -       0x00002000   Zero   RW         1075    HEAP                arm_startup_nrf52.o
    0x2000b218        -       0x00002000   Zero   RW         1074    STACK               arm_startup_nrf52.o


==============================================================================

Image component sizes


      Code (inc. data)   RO Data    RW Data    ZI Data      Debug   Object Name

        94          8          0          0          0       2851   app_error.o
       148          0          0          0          0       4766   app_fifo.o
       516         68         32          7         32      12711   app_uart_fifo.o
        64         26        512          0      16384        932   arm_startup_nrf52.o
       576         82        215          8          0      10001   at.o
      1560        170         12          1         16       3977   button.o
       560         30          0          0          0       3093   flash.o
       300         16        420          4          0       1885   ima_adpcm.o
      1600         90          0          4         24       3163   led.o
       144          0          0          0          0       1763   nrf_delay.o
       104         12          0          0          0      31143   nrf_drv_common.o
      1246        124          0          0         72      23752   nrf_drv_gpiote.o
      1116         30         24          1         12      46034   nrf_drv_twis.o
      2912        216         32          0         32      44865   nrf_drv_uart.o
       560         16          0          1         60       5449   queue.o
        16          0          0          8          0       2710   retarget.o
      1916        210          0          2          0      76777   rf.o
      1760        248          0         45          0      42915   sample.o
      3180        418          0          8      33382      12642   sender.o
      1044         56       2048          0       3072       6088   signalprocess.o
       720         90          0         16         80       3782   stransfer.o
      1296        132          0          4          0      37374   system_nrf52.o
       526         96          0          4          0      36569   systemclock.o
        16          0          0          0          0       9423   twis.o
       268         30         12          1        384       4118   uart.o

    ----------------------------------------------------------------------
     22264       2168       3340        132      53552     428783   Object Totals
         0          0         32          0          0          0   (incl. Generated)
        22          0          1         18          2          0   (incl. Padding)

    ----------------------------------------------------------------------

      Code (inc. data)   RO Data    RW Data    ZI Data      Debug   Library Member Name

       192          0          0          0          0        572   arm_bitreversal2.o
      1826          0          0          0          0      17385   arm_cfft_f32.o
      1244          4          0          0          0       3123   arm_cfft_radix8_f32.o
       252          6          0          0          0      17652   arm_cmplx_mag_f32.o
         0          0       2928          0          0       4704   arm_common_tables.o
         0          0         16          0          0       4212   arm_const_structs.o
         8          0          0          0          0         68   __main.o
       312          4         17          0          0         92   __printf_flags_wp.o
        14          0          0          0          0         68   __printf_wp.o
         0          0          0          0          0          0   __rtentry.o
        12          0          0          0          0          0   __rtentry2.o
         6          0          0          0          0          0   __rtentry4.o
        52          8          0          0          0          0   __scatter.o
        26          0          0          0          0          0   __scatter_copy.o
        28          0          0          0          0          0   __scatter_zi.o
        28          0          0          0          0         68   _chval.o
        44          0          0          0          0        108   _printf_char.o
        48          6          0          0          0         96   _printf_char_common.o
        36          4          0          0          0         80   _printf_char_file.o
         6          0          0          0          0          0   _printf_d.o
       120         16          0          0          0         92   _printf_dec.o
        88          4         40          0          0         88   _printf_hex_int.o
       178          0          0          0          0         88   _printf_intcommon.o
        78          0          0          0          0        108   _printf_pad.o
         0          0          0          0          0          0   _printf_percent.o
         4          0          0          0          0          0   _printf_percent_end.o
         6          0          0          0          0          0   _printf_s.o
        82          0          0          0          0         80   _printf_str.o
         6          0          0          0          0          0   _printf_x.o
       158          0          0          0          0         92   _strtoul.o
        26          0          0          0          0         80   atoi.o
        10          0          0          0          0         68   defsig_exit.o
        50          0          0          0          0         88   defsig_general.o
        80         58          0          0          0         76   defsig_rtmem_inner.o
        14          0          0          0          0         80   defsig_rtmem_outer.o
        18          0          0          0          0         80   exit.o
         8          0          0          0          0         68   ferror.o
        94          0          0          0          0         80   h1_alloc.o
        52          0          0          0          0         68   h1_extend.o
        78          0          0          0          0         80   h1_free.o
        14          0          0          0          0         84   h1_init.o
         6          0          0          0          0        152   heapauxi.o
         4          0          0          0          0        136   hguard.o
         0          0          0          0          0          0   indicate_semi.o
       138          0          0          0          0        168   init_alloc.o
        44         10        272          0          0         76   lc_ctype_c.o
         2          0          0          0          0          0   libinit.o
        32          0          0          0          0          0   libinit2.o
         2          0          0          0          0          0   libshutdown.o
         2          0          0          0          0          0   libshutdown2.o
         8          4          0          0         96         68   libspace.o
         0          0          0          0          0          0   maybetermalloc1.o
        88          0          0          0          0         76   memcmp.o
        24          4          0          0          0         84   noretval__2printf.o
        16          4          0          0          0         76   rt_ctype_table.o
         8          4          0          0          0         68   rt_errno_addr_intlibspace.o
         8          4          0          0          0         68   rt_heap_descriptor_intlibspace.o
         8          4          0          0          0         68   rt_locale_intlibspace.o
        78          0          0          0          0         80   rt_memclr_w.o
       100          0          0          0          0         80   rt_memcpy_w.o
         2          0          0          0          0          0   rtexit.o
        10          0          0          0          0          0   rtexit2.o
       128          0          0          0          0         68   strcmpv7m.o
        32          0          0          0          0         80   strcspn.o
        28          0          0          0          0         80   strspn.o
        36          0          0          0          0         80   strstr.o
        12          6          0          4          0         68   strtok.o
        68          4          0          0          0         84   strtok_int.o
       112          0          0          0          0         88   strtol.o
        12          4          0          0          0         68   sys_exit.o
        74          0          0          0          0         80   sys_stackheap_outer.o
        14          0          0          0          0         76   sys_wrch.o
         2          0          0          0          0         68   use_no_semi.o
        10          0          0          0          0        116   fpinit.o

    ----------------------------------------------------------------------
      6428        158       3276          4         96      51784   Library Totals
        22          0          3          0          0          0   (incl. Padding)

    ----------------------------------------------------------------------

      Code (inc. data)   RO Data    RW Data    ZI Data      Debug   Library Name

      3514         10       2944          0          0      47648   arm_cortexM4lf_math.lib
      2882        148        329          4         96       4020   c_w.l
        10          0          0          0          0        116   g_wm.l

    ----------------------------------------------------------------------
      6428        158       3276          4         96      51784   Library Totals

    ----------------------------------------------------------------------

==============================================================================


      Code (inc. data)   RO Data    RW Data    ZI Data      Debug   

     28692       2326       6616        136      53648     459427   Grand Totals
     28692       2326       6616        136      53648     459427   ELF Image Totals
     28692       2326       6616        136          0          0   ROM Totals

==============================================================================

    Total RO  Size (Code + RO Data)                35308 (  34.48kB)
    Total RW  Size (RW Data + ZI Data)             53784 (  52.52kB)
    Total ROM Size (Code + RO Data + RW Data)      35444 (  34.61kB)

==============================================================================

