Component: ARM Compiler 5.06 update 6 (build 750) Tool: armlink [4d35ed]

==============================================================================

Section Cross References

    play.o(i.Play_EventTips) refers to systemtick.o(i.SystemTick_Get) for SystemTick_Get
    play.o(i.Play_EventTips) refers to play.o(i.Play_SetParam) for Play_SetParam
    play.o(i.Play_EventTips) refers to play.o(i.Play_Start) for Play_Start
    play.o(i.Play_EventTips) refers to receiver.o(.bss) for ReceiverSC
    play.o(i.Play_GetState) refers to play.o(.data) for PlayState
    play.o(i.Play_Init) refers to play.o(.data) for PWM_Duty
    play.o(i.Play_SetParam) refers to play.o(i.Play_ShutDown) for Play_ShutDown
    play.o(i.Play_ShutDown) refers to play.o(i.Play_Stop) for Play_Stop
    play.o(i.Play_ShutDown) refers to receiver.o(.bss) for ReceiverSC
    play.o(i.Play_Start) refers to play.o(.data) for PlayState
    play.o(i.Play_Stop) refers to play.o(.data) for PlayState
    play.o(i.TIMER1_IRQHandler) refers to receiver.o(.bss) for ReceiverSC
    play.o(i.TIMER1_IRQHandler) refers to play.o(.data) for LastPlayPoint
    receiver.o(i.BroadcastDataProcess) refers to memcmp.o(.text) for memcmp
    receiver.o(i.BroadcastDataProcess) refers to receiver.o(i.DeviceIdCheck) for DeviceIdCheck
    receiver.o(i.BroadcastDataProcess) refers to play.o(i.Play_SetParam) for Play_SetParam
    receiver.o(i.BroadcastDataProcess) refers to play.o(i.Play_Start) for Play_Start
    receiver.o(i.BroadcastDataProcess) refers to receiver.o(.bss) for ReceiverSC
    receiver.o(i.BroadcastDataProcess) refers to tipsaudio.o(.constdata) for Tips_Connect
    receiver.o(i.ReceiverSC_Init) refers to rt_memclr_w.o(.text) for __aeabi_memclr4
    receiver.o(i.ReceiverSC_Init) refers to flash.o(i.UpdateDeviceInfo) for UpdateDeviceInfo
    receiver.o(i.ReceiverSC_Init) refers to receiver.o(.bss) for ReceiverSC
    receiver.o(i.main) refers to _printf_pad.o(.text) for _printf_pre_padding
    receiver.o(i.main) refers to _printf_percent.o(.ARM.Collect$$_printf_percent$$00000000) for _printf_percent
    receiver.o(i.main) refers to _printf_x.o(.ARM.Collect$$_printf_percent$$0000000C) for _printf_x
    receiver.o(i.main) refers to _printf_s.o(.ARM.Collect$$_printf_percent$$00000014) for _printf_s
    receiver.o(i.main) refers to _printf_hex_int.o(.text) for _printf_longlong_hex
    receiver.o(i.main) refers to _printf_str.o(.text) for _printf_str
    receiver.o(i.main) refers to _printf_d.o(.ARM.Collect$$_printf_percent$$00000009) for _printf_d
    receiver.o(i.main) refers to _printf_dec.o(.text) for _printf_int_dec
    receiver.o(i.main) refers to receiver.o(i.GPIO_Reset) for GPIO_Reset
    receiver.o(i.main) refers to receiver.o(i.SystemClock_Init) for SystemClock_Init
    receiver.o(i.main) refers to receiver.o(i.ReceiverSC_Init) for ReceiverSC_Init
    receiver.o(i.main) refers to uart.o(i.Uart_Init) for Uart_Init
    receiver.o(i.main) refers to systemtick.o(i.SystemTick_Init) for SystemTick_Init
    receiver.o(i.main) refers to rf.o(i.Rf_Init) for Rf_Init
    receiver.o(i.main) refers to rtransfer.o(i.rxTransferInit) for rxTransferInit
    receiver.o(i.main) refers to play.o(i.Play_Init) for Play_Init
    receiver.o(i.main) refers to noretval__2printf.o(.text) for __2printf
    receiver.o(i.main) refers to receiver.o(i.BroadcastDataProcess) for BroadcastDataProcess
    receiver.o(i.main) refers to play.o(i.Play_SetParam) for Play_SetParam
    receiver.o(i.main) refers to systemtick.o(i.SystemTick_Get) for SystemTick_Get
    receiver.o(i.main) refers to rf.o(i.Rf_StartRx) for Rf_StartRx
    receiver.o(i.main) refers to rf.o(i.Rf_Stop) for Rf_Stop
    receiver.o(i.main) refers to play.o(i.Play_Start) for Play_Start
    receiver.o(i.main) refers to receiver.o(i.RND_Get) for RND_Get
    receiver.o(i.main) refers to systemtick.o(i.SystemTick_ForceSleepMs) for SystemTick_ForceSleepMs
    receiver.o(i.main) refers to systemtick.o(i.User_WFI) for User_WFI
    receiver.o(i.main) refers to rtransfer.o(i.rxFrameProcess) for rxFrameProcess
    receiver.o(i.main) refers to play.o(i.Play_ShutDown) for Play_ShutDown
    receiver.o(i.main) refers to receiver.o(.bss) for ReceiverSC
    receiver.o(i.main) refers to tipsaudio.o(.constdata) for Tips_Unconnect
    receiver.o(i.main) refers to receiver.o(i.DataEventProcess) for DataEventProcess
    receiver.o(i.main) refers to rf.o(i.Rf_BondResponse) for Rf_BondResponse
    receiver.o(i.main) refers to play.o(i.Play_EventTips) for Play_EventTips
    rf.o(i.RADIO_IRQHandler) refers to receiver.o(.bss) for ReceiverSC
    rf.o(i.Rf_BondResponse) refers to rf.o(i.Rf_SendPackage) for Rf_SendPackage
    rf.o(i.Rf_BondResponse) refers to receiver.o(.bss) for ReceiverSC
    rf.o(i.Rf_EnterScanMode) refers to rf.o(.data) for oldscan
    rf.o(i.Rf_Init) refers to rf.o(i.__NVIC_EnableIRQ) for __NVIC_EnableIRQ
    rf.o(i.Rf_StartRx) refers to rf.o(i.Rf_EnterScanMode) for Rf_EnterScanMode
[...]
    .ARM.Collect$$libshutdown$$00000004      0x000004a2   Section        0  libshutdown2.o(.ARM.Collect$$libshutdown$$00000004)
    .ARM.Collect$$libshutdown$$00000007      0x000004a2   Section        0  libshutdown2.o(.ARM.Collect$$libshutdown$$00000007)
    .ARM.Collect$$libshutdown$$0000000A      0x000004a2   Section        0  libshutdown2.o(.ARM.Collect$$libshutdown$$0000000A)
    .ARM.Collect$$libshutdown$$0000000C      0x000004a2   Section        0  libshutdown2.o(.ARM.Collect$$libshutdown$$0000000C)
    .ARM.Collect$$libshutdown$$0000000F      0x000004a2   Section        0  libshutdown2.o(.ARM.Collect$$libshutdown$$0000000F)
    .ARM.Collect$$libshutdown$$00000010      0x000004a2   Section        2  libshutdown2.o(.ARM.Collect$$libshutdown$$00000010)
    .ARM.Collect$$rtentry$$00000000          0x000004a4   Section        0  __rtentry.o(.ARM.Collect$$rtentry$$00000000)
    .ARM.Collect$$rtentry$$00000002          0x000004a4   Section        0  __rtentry2.o(.ARM.Collect$$rtentry$$00000002)
    .ARM.Collect$$rtentry$$00000004          0x000004a4   Section        6  __rtentry4.o(.ARM.Collect$$rtentry$$00000004)
    .ARM.Collect$$rtentry$$00000009          0x000004aa   Section        0  __rtentry2.o(.ARM.Collect$$rtentry$$00000009)
    .ARM.Collect$$rtentry$$0000000A          0x000004aa   Section        4  __rtentry2.o(.ARM.Collect$$rtentry$$0000000A)
    .ARM.Collect$$rtentry$$0000000C          0x000004ae   Section        0  __rtentry2.o(.ARM.Collect$$rtentry$$0000000C)
    .ARM.Collect$$rtentry$$0000000D          0x000004ae   Section        8  __rtentry2.o(.ARM.Collect$$rtentry$$0000000D)
    .ARM.Collect$$rtexit$$00000000           0x000004b6   Section        2  rtexit.o(.ARM.Collect$$rtexit$$00000000)
    .ARM.Collect$$rtexit$$00000002           0x000004b8   Section        0  rtexit2.o(.ARM.Collect$$rtexit$$00000002)
    .ARM.Collect$$rtexit$$00000003           0x000004b8   Section        4  rtexit2.o(.ARM.Collect$$rtexit$$00000003)
    .ARM.Collect$$rtexit$$00000004           0x000004bc   Section        6  rtexit2.o(.ARM.Collect$$rtexit$$00000004)
    .emb_text                                0x000004c4   Section        0  maybetermalloc1.o(.emb_text)
    .text                                    0x000004c4   Section       64  arm_startup_nrf52.o(.text)
    $v0                                      0x000004c4   Number         0  arm_startup_nrf52.o(.text)
    .text                                    0x00000504   Section        0  h1_alloc.o(.text)
    .text                                    0x00000564   Section        0  noretval__2printf.o(.text)
    .text                                    0x0000057c   Section        0  _printf_pad.o(.text)
    .text                                    0x000005ca   Section        0  _printf_str.o(.text)
    .text                                    0x0000061c   Section        0  _printf_dec.o(.text)
    .text                                    0x00000694   Section        0  _printf_hex_int.o(.text)
    .text                                    0x000006ec   Section        0  __printf_flags_wp.o(.text)
    .text                                    0x00000824   Section        0  memcmp.o(.text)
    .text                                    0x0000087c   Section      100  rt_memcpy_w.o(.text)
    .text                                    0x000008e0   Section       78  rt_memclr_w.o(.text)
    .text                                    0x0000092e   Section        0  heapauxi.o(.text)
    .text                                    0x00000934   Section        8  rt_heap_descriptor_intlibspace.o(.text)
    .text                                    0x0000093c   Section        0  hguard.o(.text)
    .text                                    0x00000940   Section        0  init_alloc.o(.text)
    .text                                    0x000009ca   Section        0  h1_init.o(.text)
    .text                                    0x000009d8   Section        0  h1_free.o(.text)
    .text                                    0x00000a26   Section        0  _printf_intcommon.o(.text)
    .text                                    0x00000ad8   Section        0  _printf_char.o(.text)
    .text                                    0x00000b04   Section        0  _printf_char_file.o(.text)
    .text                                    0x00000b28   Section        8  libspace.o(.text)
    .text                                    0x00000b30   Section        0  h1_extend.o(.text)
    .text                                    0x00000b64   Section        0  _printf_char_common.o(.text)
    _printf_input_char                       0x00000b65   Thumb Code    10  _printf_char_common.o(.text)
    .text                                    0x00000b94   Section        0  ferror.o(.text)
    .text                                    0x00000b9c   Section        0  defsig_rtmem_outer.o(.text)
    .text                                    0x00000baa   Section        2  use_no_semi.o(.text)
    .text                                    0x00000bac   Section       74  sys_stackheap_outer.o(.text)
    .text                                    0x00000bac   Section        0  indicate_semi.o(.text)
    .text                                    0x00000bf6   Section        0  exit.o(.text)
    .text                                    0x00000c08   Section        0  defsig_exit.o(.text)
    .text                                    0x00000c14   Section        0  defsig_rtmem_inner.o(.text)
    .text                                    0x00000c64   Section        0  sys_exit.o(.text)
    .text                                    0x00000c70   Section        0  defsig_general.o(.text)
    .text                                    0x00000ca2   Section        0  sys_wrch.o(.text)
    i.BroadcastDataProcess                   0x00000cb0   Section        0  receiver.o(i.BroadcastDataProcess)
    i.DataEventProcess                       0x00000d9c   Section        0  receiver.o(i.DataEventProcess)
    i.DeviceIdCheck                          0x00000d9e   Section        0  receiver.o(i.DeviceIdCheck)
    i.GPIO_Reset                             0x00000da4   Section        0  receiver.o(i.GPIO_Reset)
    i.IMA_ADPCM_BlockDecode                  0x00000dcc   Section        0  ima_adpcm.o(i.IMA_ADPCM_BlockDecode)
    i.Play_EventTips                         0x00000ea8   Section        0  play.o(i.Play_EventTips)
    i.Play_Init                              0x00000f1c   Section        0  play.o(i.Play_Init)
    i.Play_SetParam                          0x00000fb8   Section        0  play.o(i.Play_SetParam)
    i.Play_ShutDown                          0x000010ac   Section        0  play.o(i.Play_ShutDown)
    i.Play_Start                             0x000010c8   Section        0  play.o(i.Play_Start)
    i.Play_Stop                              0x00001100   Section        0  play.o(i.Play_Stop)
    i.RADIO_IRQHandler                       0x00001168   Section        0  rf.o(i.RADIO_IRQHandler)
    i.RND_Get                                0x000011a0   Section        0  receiver.o(i.RND_Get)
    i.RTC0_IRQHandler                        0x000011dc   Section        0  systemtick.o(i.RTC0_IRQHandler)
    i.RTC1_IRQHandler                        0x0000120c   Section        0  systemtick.o(i.RTC1_IRQHandler)
    i.ReceiverSC_Init                        0x00001238   Section        0  receiver.o(i.ReceiverSC_Init)
    i.Rf_BondResponse                        0x000012d0   Section        0  rf.o(i.Rf_BondResponse)
    i.Rf_EnterScanMode                       0x00001324   Section        0  rf.o(i.Rf_EnterScanMode)
    i.Rf_Init                                0x00001380   Section        0  rf.o(i.Rf_Init)
    i.Rf_SendPackage                         0x0000140c   Section        0  rf.o(i.Rf_SendPackage)
    i.Rf_StartRx                             0x000014d0   Section        0  rf.o(i.Rf_StartRx)
    i.Rf_Stop                                0x000015b4   Section        0  rf.o(i.Rf_Stop)
    i.SystemClock_Init                       0x00001608   Section        0  receiver.o(i.SystemClock_Init)
    i.SystemCoreClockUpdate                  0x00001648   Section        0  system_nrf52.o(i.SystemCoreClockUpdate)
    i.SystemInit                             0x00001658   Section        0  system_nrf52.o(i.SystemInit)
    i.SystemTick_ForceSleepMs                0x000017fc   Section        0  systemtick.o(i.SystemTick_ForceSleepMs)
    i.SystemTick_Get                         0x00001894   Section        0  systemtick.o(i.SystemTick_Get)
    i.SystemTick_Init                        0x000018d8   Section        0  systemtick.o(i.SystemTick_Init)
    i.TIMER1_IRQHandler                      0x00001920   Section        0  play.o(i.TIMER1_IRQHandler)
    i.UARTE0_UART0_IRQHandler                0x00001a18   Section        0  nrf_drv_uart.o(i.UARTE0_UART0_IRQHandler)
    i.Uart_Init                              0x00001a30   Section        0  uart.o(i.Uart_Init)
    i.UpdateDeviceInfo                       0x00001a88   Section        0  flash.o(i.UpdateDeviceInfo)
    i.User_WFI                               0x00001ad4   Section        0  systemtick.o(i.User_WFI)
    i.__NVIC_DisableIRQ                      0x00001b80   Section        0  systemtick.o(i.__NVIC_DisableIRQ)
    __NVIC_DisableIRQ                        0x00001b81   Thumb Code    54  systemtick.o(i.__NVIC_DisableIRQ)
    i.__NVIC_EnableIRQ                       0x00001bbc   Section        0  rf.o(i.__NVIC_EnableIRQ)
    __NVIC_EnableIRQ                         0x00001bbd   Thumb Code    26  rf.o(i.__NVIC_EnableIRQ)
    i.__NVIC_EnableIRQ                       0x00001bd6   Section        0  systemtick.o(i.__NVIC_EnableIRQ)
    __NVIC_EnableIRQ                         0x00001bd7   Thumb Code    26  systemtick.o(i.__NVIC_EnableIRQ)
    i._is_digit                              0x00001bf0   Section        0  __printf_wp.o(i._is_digit)
    i.app_error_fault_handler                0x00001c00   Section        0  app_error.o(i.app_error_fault_handler)
    i.app_error_handler_bare                 0x00001c44   Section        0  app_error.o(i.app_error_handler_bare)
    i.app_fifo_get                           0x00001c5e   Section        0  app_fifo.o(i.app_fifo_get)
    i.app_fifo_init                          0x00001c7c   Section        0  app_fifo.o(i.app_fifo_init)
    i.app_fifo_put                           0x00001ca0   Section        0  app_fifo.o(i.app_fifo_put)
    i.app_uart_get                           0x00001cc4   Section        0  app_uart_fifo.o(i.app_uart_get)
    i.app_uart_init                          0x00001cfc   Section        0  app_uart_fifo.o(i.app_uart_init)
    i.app_uart_put                           0x00001dc8   Section        0  app_uart_fifo.o(i.app_uart_put)
    i.apply_config                           0x00001df4   Section        0  nrf_drv_uart.o(i.apply_config)
    apply_config                             0x00001df5   Thumb Code   174  nrf_drv_uart.o(i.apply_config)
    i.errata_108                             0x00001eb0   Section        0  system_nrf52.o(i.errata_108)
    errata_108                               0x00001eb1   Thumb Code    78  system_nrf52.o(i.errata_108)
    i.errata_16                              0x00001f04   Section        0  system_nrf52.o(i.errata_16)
    errata_16                                0x00001f05   Thumb Code    42  system_nrf52.o(i.errata_16)
    i.errata_31                              0x00001f34   Section        0  system_nrf52.o(i.errata_31)
    errata_31                                0x00001f35   Thumb Code    78  system_nrf52.o(i.errata_31)
    i.errata_32                              0x00001f88   Section        0  system_nrf52.o(i.errata_32)
    errata_32                                0x00001f89   Thumb Code    42  system_nrf52.o(i.errata_32)
    i.errata_36                              0x00001fb8   Section        0  system_nrf52.o(i.errata_36)
    errata_36                                0x00001fb9   Thumb Code    78  system_nrf52.o(i.errata_36)
    i.errata_37                              0x0000200c   Section        0  system_nrf52.o(i.errata_37)
    errata_37                                0x0000200d   Thumb Code    42  system_nrf52.o(i.errata_37)
    i.errata_57                              0x0000203c   Section        0  system_nrf52.o(i.errata_57)
    errata_57                                0x0000203d   Thumb Code    42  system_nrf52.o(i.errata_57)
    i.errata_66                              0x0000206c   Section        0  system_nrf52.o(i.errata_66)
    errata_66                                0x0000206d   Thumb Code    42  system_nrf52.o(i.errata_66)
    i.fifo_get                               0x0000209c   Section        0  app_fifo.o(i.fifo_get)
    fifo_get                                 0x0000209d   Thumb Code    20  app_fifo.o(i.fifo_get)
    i.fifo_length                            0x000020b0   Section        0  app_uart_fifo.o(i.fifo_length)
    fifo_length                              0x000020b1   Thumb Code    10  app_uart_fifo.o(i.fifo_length)
    i.fifo_length                            0x000020ba   Section        0  app_fifo.o(i.fifo_length)
    fifo_length                              0x000020bb   Thumb Code    10  app_fifo.o(i.fifo_length)
    i.fifo_put                               0x000020c4   Section        0  app_fifo.o(i.fifo_put)
    fifo_put                                 0x000020c5   Thumb Code    18  app_fifo.o(i.fifo_put)
    i.fputc                                  0x000020d6   Section        0  retarget.o(i.fputc)
    i.initQueue                              0x000020e8   Section        0  queue.o(i.initQueue)
    i.isDecodeFrame                          0x00002174   Section        0  rtransfer.o(i.isDecodeFrame)
    isDecodeFrame                            0x00002175   Thumb Code    40  rtransfer.o(i.isDecodeFrame)
    i.isRepeatFrame                          0x000021a4   Section        0  rtransfer.o(i.isRepeatFrame)
    isRepeatFrame                            0x000021a5   Thumb Code    32  rtransfer.o(i.isRepeatFrame)
    i.main                                   0x000021c8   Section        0  receiver.o(i.main)
    i.nrf_drv_common_irq_enable              0x0000297c   Section        0  nrf_drv_common.o(i.nrf_drv_common_irq_enable)
    i.nrf_drv_uart_init                      0x000029e4   Section        0  nrf_drv_uart.o(i.nrf_drv_uart_init)
    i.nrf_drv_uart_rx                        0x00002ac8   Section        0  nrf_drv_uart.o(i.nrf_drv_uart_rx)
    i.nrf_drv_uart_rx_enable                 0x00002b78   Section        0  nrf_drv_uart.o(i.nrf_drv_uart_rx_enable)
    i.nrf_drv_uart_rx_for_uart               0x00002b98   Section        0  nrf_drv_uart.o(i.nrf_drv_uart_rx_for_uart)
    nrf_drv_uart_rx_for_uart                 0x00002b99   Thumb Code   172  nrf_drv_uart.o(i.nrf_drv_uart_rx_for_uart)
    i.nrf_drv_uart_rx_for_uarte              0x00002c4c   Section        0  nrf_drv_uart.o(i.nrf_drv_uart_rx_for_uarte)
    nrf_drv_uart_rx_for_uarte                0x00002c4d   Thumb Code   168  nrf_drv_uart.o(i.nrf_drv_uart_rx_for_uarte)
    i.nrf_drv_uart_tx                        0x00002d00   Section        0  nrf_drv_uart.o(i.nrf_drv_uart_tx)
    i.nrf_drv_uart_tx_for_uart               0x00002d48   Section        0  nrf_drv_uart.o(i.nrf_drv_uart_tx_for_uart)
    nrf_drv_uart_tx_for_uart                 0x00002d49   Thumb Code   132  nrf_drv_uart.o(i.nrf_drv_uart_tx_for_uart)
    i.nrf_drv_uart_tx_for_uarte              0x00002dd4   Section        0  nrf_drv_uart.o(i.nrf_drv_uart_tx_for_uarte)
    nrf_drv_uart_tx_for_uarte                0x00002dd5   Thumb Code   104  nrf_drv_uart.o(i.nrf_drv_uart_tx_for_uarte)
    i.nrf_gpio_cfg                           0x00002e44   Section        0  nrf_drv_uart.o(i.nrf_gpio_cfg)
    nrf_gpio_cfg                             0x00002e45   Thumb Code    30  nrf_drv_uart.o(i.nrf_gpio_cfg)
    i.nrf_gpio_cfg_input                     0x00002e68   Section        0  nrf_drv_uart.o(i.nrf_gpio_cfg_input)
    nrf_gpio_cfg_input                       0x00002e69   Thumb Code    26  nrf_drv_uart.o(i.nrf_gpio_cfg_input)
    i.nrf_gpio_cfg_output                    0x00002e82   Section        0  nrf_drv_uart.o(i.nrf_gpio_cfg_output)
    nrf_gpio_cfg_output                      0x00002e83   Thumb Code    24  nrf_drv_uart.o(i.nrf_gpio_cfg_output)
    i.nrf_gpio_pin_set                       0x00002e9c   Section        0  nrf_drv_uart.o(i.nrf_gpio_pin_set)
    nrf_gpio_pin_set                         0x00002e9d   Thumb Code    10  nrf_drv_uart.o(i.nrf_gpio_pin_set)
    i.nrf_uart_errorsrc_get_and_clear        0x00002eac   Section        0  nrf_drv_uart.o(i.nrf_uart_errorsrc_get_and_clear)
    nrf_uart_errorsrc_get_and_clear          0x00002ead   Thumb Code    12  nrf_drv_uart.o(i.nrf_uart_errorsrc_get_and_clear)
    i.nrf_uart_event_check                   0x00002eb8   Section        0  nrf_drv_uart.o(i.nrf_uart_event_check)
    nrf_uart_event_check                     0x00002eb9   Thumb Code    14  nrf_drv_uart.o(i.nrf_uart_event_check)
    i.nrf_uart_event_clear                   0x00002ec6   Section        0  nrf_drv_uart.o(i.nrf_uart_event_clear)
    nrf_uart_event_clear                     0x00002ec7   Thumb Code     6  nrf_drv_uart.o(i.nrf_uart_event_clear)
    i.nrf_uart_hwfc_pins_set                 0x00002ecc   Section        0  nrf_drv_uart.o(i.nrf_uart_hwfc_pins_set)
    nrf_uart_hwfc_pins_set                   0x00002ecd   Thumb Code    10  nrf_drv_uart.o(i.nrf_uart_hwfc_pins_set)
    i.nrf_uart_int_disable                   0x00002ed6   Section        0  nrf_drv_uart.o(i.nrf_uart_int_disable)
    nrf_uart_int_disable                     0x00002ed7   Thumb Code     6  nrf_drv_uart.o(i.nrf_uart_int_disable)
    i.nrf_uart_int_enable                    0x00002edc   Section        0  nrf_drv_uart.o(i.nrf_uart_int_enable)
    nrf_uart_int_enable                      0x00002edd   Thumb Code     6  nrf_drv_uart.o(i.nrf_uart_int_enable)
    i.nrf_uart_int_enable_check              0x00002ee2   Section        0  nrf_drv_uart.o(i.nrf_uart_int_enable_check)
    nrf_uart_int_enable_check                0x00002ee3   Thumb Code    18  nrf_drv_uart.o(i.nrf_uart_int_enable_check)
    i.nrf_uart_task_trigger                  0x00002ef4   Section        0  nrf_drv_uart.o(i.nrf_uart_task_trigger)
    nrf_uart_task_trigger                    0x00002ef5   Thumb Code     6  nrf_drv_uart.o(i.nrf_uart_task_trigger)
    i.nrf_uart_txrx_pins_set                 0x00002efa   Section        0  nrf_drv_uart.o(i.nrf_uart_txrx_pins_set)
    nrf_uart_txrx_pins_set                   0x00002efb   Thumb Code    10  nrf_drv_uart.o(i.nrf_uart_txrx_pins_set)
    i.nrf_uarte_errorsrc_get_and_clear       0x00002f04   Section        0  nrf_drv_uart.o(i.nrf_uarte_errorsrc_get_and_clear)
    nrf_uarte_errorsrc_get_and_clear         0x00002f05   Thumb Code    12  nrf_drv_uart.o(i.nrf_uarte_errorsrc_get_and_clear)
    i.nrf_uarte_event_check                  0x00002f10   Section        0  nrf_drv_uart.o(i.nrf_uarte_event_check)
    nrf_uarte_event_check                    0x00002f11   Thumb Code    14  nrf_drv_uart.o(i.nrf_uarte_event_check)
    i.nrf_uarte_event_clear                  0x00002f1e   Section        0  nrf_drv_uart.o(i.nrf_uarte_event_clear)
    nrf_uarte_event_clear                    0x00002f1f   Thumb Code     6  nrf_drv_uart.o(i.nrf_uarte_event_clear)
    i.nrf_uarte_hwfc_pins_set                0x00002f24   Section        0  nrf_drv_uart.o(i.nrf_uarte_hwfc_pins_set)
    nrf_uarte_hwfc_pins_set                  0x00002f25   Thumb Code    12  nrf_drv_uart.o(i.nrf_uarte_hwfc_pins_set)
    i.nrf_uarte_int_disable                  0x00002f30   Section        0  nrf_drv_uart.o(i.nrf_uarte_int_disable)
    nrf_uarte_int_disable                    0x00002f31   Thumb Code     6  nrf_drv_uart.o(i.nrf_uarte_int_disable)
    i.nrf_uarte_int_enable                   0x00002f36   Section        0  nrf_drv_uart.o(i.nrf_uarte_int_enable)
    nrf_uarte_int_enable                     0x00002f37   Thumb Code     6  nrf_drv_uart.o(i.nrf_uarte_int_enable)
    i.nrf_uarte_rx_amount_get                0x00002f3c   Section        0  nrf_drv_uart.o(i.nrf_uarte_rx_amount_get)
    nrf_uarte_rx_amount_get                  0x00002f3d   Thumb Code    10  nrf_drv_uart.o(i.nrf_uarte_rx_amount_get)
    i.nrf_uarte_task_trigger                 0x00002f46   Section        0  nrf_drv_uart.o(i.nrf_uarte_task_trigger)
    nrf_uarte_task_trigger                   0x00002f47   Thumb Code     6  nrf_drv_uart.o(i.nrf_uarte_task_trigger)
    i.nrf_uarte_txrx_pins_set                0x00002f4c   Section        0  nrf_drv_uart.o(i.nrf_uarte_txrx_pins_set)
    nrf_uarte_txrx_pins_set                  0x00002f4d   Thumb Code    14  nrf_drv_uart.o(i.nrf_uarte_txrx_pins_set)
    i.rxFrameProcess                         0x00002f5c   Section        0  rtransfer.o(i.rxFrameProcess)
    i.rxFrameStatistic                       0x000030b4   Section        0  rtransfer.o(i.rxFrameStatistic)
    rxFrameStatistic                         0x000030b5   Thumb Code   464  rtransfer.o(i.rxFrameStatistic)
    i.rxTransferInit                         0x0000329c   Section        0  rtransfer.o(i.rxTransferInit)
    i.rx_byte                                0x000032bc   Section        0  nrf_drv_uart.o(i.rx_byte)
    rx_byte                                  0x000032bd   Thumb Code    68  nrf_drv_uart.o(i.rx_byte)
    i.rx_done_event                          0x0000330c   Section        0  nrf_drv_uart.o(i.rx_done_event)
    rx_done_event                            0x0000330d   Thumb Code    30  nrf_drv_uart.o(i.rx_done_event)
    i.rx_enable                              0x00003330   Section        0  nrf_drv_uart.o(i.rx_enable)
    rx_enable                                0x00003331   Thumb Code    32  nrf_drv_uart.o(i.rx_enable)
    i.tx_byte                                0x00003354   Section        0  nrf_drv_uart.o(i.tx_byte)
    tx_byte                                  0x00003355   Thumb Code    42  nrf_drv_uart.o(i.tx_byte)
    i.tx_done_event                          0x0000338c   Section        0  nrf_drv_uart.o(i.tx_done_event)
    tx_done_event                            0x0000338d   Thumb Code    38  nrf_drv_uart.o(i.tx_done_event)
    i.uart_error_handle                      0x000033b8   Section        0  uart.o(i.uart_error_handle)
    i.uart_event_handler                     0x000033f4   Section        0  app_uart_fifo.o(i.uart_event_handler)
    uart_event_handler                       0x000033f5   Thumb Code   170  app_uart_fifo.o(i.uart_event_handler)
    i.uart_irq_handler                       0x000034b4   Section        0  nrf_drv_uart.o(i.uart_irq_handler)
    uart_irq_handler                         0x000034b5   Thumb Code   342  nrf_drv_uart.o(i.uart_irq_handler)
    i.uarte_irq_handler                      0x00003614   Section        0  nrf_drv_uart.o(i.uarte_irq_handler)
    uarte_irq_handler                        0x00003615   Thumb Code   286  nrf_drv_uart.o(i.uarte_irq_handler)
    x$fpl$dadd                               0x00003740   Section      336  daddsub_clz.o(x$fpl$dadd)
    $v0                                      0x00003740   Number         0  daddsub_clz.o(x$fpl$dadd)
    _dadd1                                   0x00003751   Thumb Code     0  daddsub_clz.o(x$fpl$dadd)
    x$fpl$dfixu                              0x00003890   Section       90  dfixu.o(x$fpl$dfixu)
    $v0                                      0x00003890   Number         0  dfixu.o(x$fpl$dfixu)
    x$fpl$dfltu                              0x000038ea   Section       38  dflt_clz.o(x$fpl$dfltu)
    $v0                                      0x000038ea   Number         0  dflt_clz.o(x$fpl$dfltu)
    x$fpl$dmul                               0x00003910   Section      340  dmul.o(x$fpl$dmul)
    $v0                                      0x00003910   Number         0  dmul.o(x$fpl$dmul)
    x$fpl$dnaninf                            0x00003a64   Section      156  dnaninf.o(x$fpl$dnaninf)
    $v0                                      0x00003a64   Number         0  dnaninf.o(x$fpl$dnaninf)
    x$fpl$dretinf                            0x00003b00   Section       12  dretinf.o(x$fpl$dretinf)
    $v0                                      0x00003b00   Number         0  dretinf.o(x$fpl$dretinf)
    x$fpl$dsub                               0x00003b0c   Section      468  daddsub_clz.o(x$fpl$dsub)
    $v0                                      0x00003b0c   Number         0  daddsub_clz.o(x$fpl$dsub)
    _dsub1                                   0x00003b1d   Thumb Code     0  daddsub_clz.o(x$fpl$dsub)
    x$fpl$fpinit                             0x00003ce0   Section       10  fpinit.o(x$fpl$fpinit)
    $v0                                      0x00003ce0   Number         0  fpinit.o(x$fpl$fpinit)
    x$fpl$usenofp                            0x00003cea   Section        0  usenofp.o(x$fpl$usenofp)
    .constdata                               0x00003cec   Section       12  uart.o(.constdata)
    .constdata                               0x00003cf8   Section    98956  tipsaudio.o(.constdata)
    .constdata                               0x0001bf84   Section      420  ima_adpcm.o(.constdata)
    StepTable                                0x0001bf84   Data         356  ima_adpcm.o(.constdata)
    .constdata                               0x0001c128   Section       32  nrf_drv_uart.o(.constdata)
    m_default_config                         0x0001c128   Data          32  nrf_drv_uart.o(.constdata)
    .constdata                               0x0001c148   Section       32  app_uart_fifo.o(.constdata)
    .constdata                               0x0001c168   Section       40  _printf_hex_int.o(.constdata)
    uc_hextab                                0x0001c168   Data          20  _printf_hex_int.o(.constdata)
    lc_hextab                                0x0001c17c   Data          20  _printf_hex_int.o(.constdata)
    .constdata                               0x0001c190   Section       17  __printf_flags_wp.o(.constdata)
    maptable                                 0x0001c190   Data          17  __printf_flags_wp.o(.constdata)
    .data                                    0x20000000   Section        8  play.o(.data)
    PWM_Duty                                 0x20000000   Data           4  play.o(.data)
    LastPlayPoint                            0x20000004   Data           2  play.o(.data)
    PlayState                                0x20000006   Data           2  play.o(.data)
    .data                                    0x20000008   Section        1  rf.o(.data)
    oldscan                                  0x20000008   Data           1  rf.o(.data)
    .data                                    0x20000009   Section        1  uart.o(.data)
    rx_buf                                   0x20000009   Data           1  uart.o(.data)
    .data                                    0x2000000c   Section        8  systemtick.o(.data)
    SystemTicks                              0x2000000c   Data           4  systemtick.o(.data)
    ForceSleep                               0x20000010   Data           4  systemtick.o(.data)
    .data                                    0x20000014   Section        1  queue.o(.data)
    bInited                                  0x20000014   Data           1  queue.o(.data)
    .data                                    0x20000015   Section       10  rtransfer.o(.data)
    .data                                    0x20000020   Section        4  system_nrf52.o(.data)
    __tagsym$$used                           0x20000020   Number         0  system_nrf52.o(.data)
    .data                                    0x20000024   Section        7  app_uart_fifo.o(.data)
    m_event_handler                          0x20000024   Data           4  app_uart_fifo.o(.data)
    tx_buffer                                0x20000028   Data           1  app_uart_fifo.o(.data)
    tx_tmp                                   0x20000029   Data           1  app_uart_fifo.o(.data)
    rx_buffer                                0x2000002a   Data           1  app_uart_fifo.o(.data)
    .data                                    0x2000002c   Section        8  retarget.o(.data)
    .bss                                     0x20000034   Section    20844  receiver.o(.bss)
    PlayBuffer                               0x20000034   Data       20480  receiver.o(.bss)
    RfSendRecvBuffer                         0x20005034   Data         256  receiver.o(.bss)
    .bss                                     0x200051a0   Section      256  uart.o(.bss)
    tx_buf                                   0x200051a0   Data         256  uart.o(.bss)
    .bss                                     0x200052a0   Section       40  queue.o(.bss)
    .bss                                     0x200052c8   Section      128  rtransfer.o(.bss)
    .bss                                     0x20005348   Section       32  nrf_drv_uart.o(.bss)
    m_cb                                     0x20005348   Data          32  nrf_drv_uart.o(.bss)
    .bss                                     0x20005368   Section       32  app_uart_fifo.o(.bss)
    m_rx_fifo                                0x20005368   Data          16  app_uart_fifo.o(.bss)
    m_tx_fifo                                0x20005378   Data          16  app_uart_fifo.o(.bss)
    .bss                                     0x20005388   Section       96  libspace.o(.bss)
    HEAP                                     0x200053e8   Section     8192  arm_startup_nrf52.o(HEAP)
    Heap_Mem                                 0x200053e8   Data        8192  arm_startup_nrf52.o(HEAP)
    STACK                                    0x200073e8   Section     8192  arm_startup_nrf52.o(STACK)
    Stack_Mem                                0x200073e8   Data        8192  arm_startup_nrf52.o(STACK)
    __initial_sp                             0x200093e8   Data           0  arm_startup_nrf52.o(STACK)

    Global Symbols

    Symbol Name                              Value     Ov Type        Size  Object(Section)

    BuildAttributes$$THM_ISAv4$E$P$D$K$B$S$7EM$VFPi3$EXTD16$VFPS$VFMA$PE$A:L22UL41UL21$X:L11$S22US41US21$IEEE1$IW$USESV6$~STKCKD$USESV7$~SHL$OTIME$ROPI$EBA8$UX$STANDARDLIB$REQ8$PRES8$EABIv2 0x00000000   Number         0  anon$$obj.o ABSOLUTE
    __ARM_use_no_argv                        0x00000000   Number         0  receiver.o ABSOLUTE
    __Vectors                                0x00000000   Data           4  arm_startup_nrf52.o(RESET)
    _printf_flags                            0x00000000   Number         0  printf_stubs.o ABSOLUTE
    _printf_return_value                     0x00000000   Number         0  printf_stubs.o ABSOLUTE
    _printf_sizespec                         0x00000000   Number         0  printf_stubs.o ABSOLUTE
    _printf_widthprec                        0x00000000   Number         0  printf_stubs.o ABSOLUTE
    __ARM_exceptions_init                     - Undefined Weak Reference
    __alloca_initialize                       - Undefined Weak Reference
    __arm_preinit_                            - Undefined Weak Reference
    __cpp_initialize__aeabi_                  - Undefined Weak Reference
    __cxa_finalize                            - Undefined Weak Reference
    __rt_locale                               - Undefined Weak Reference
    __sigvec_lookup                           - Undefined Weak Reference
    __user_heap_extent                        - Undefined Weak Reference
    _atexit_init                              - Undefined Weak Reference
    _call_atexit_fns                          - Undefined Weak Reference
    _clock_init                               - Undefined Weak Reference
    _fp_trap_init                             - Undefined Weak Reference
    _fp_trap_shutdown                         - Undefined Weak Reference
    _get_lc_collate                           - Undefined Weak Reference
    _get_lc_ctype                             - Undefined Weak Reference
    _get_lc_monetary                          - Undefined Weak Reference
    _get_lc_numeric                           - Undefined Weak Reference
    _get_lc_time                              - Undefined Weak Reference
    _getenv_init                              - Undefined Weak Reference
    _handle_redirection                       - Undefined Weak Reference
    _initio                                   - Undefined Weak Reference
    _mutex_acquire                            - Undefined Weak Reference
    _mutex_free                               - Undefined Weak Reference
    _mutex_release                            - Undefined Weak Reference
    _printf_mbtowc                            - Undefined Weak Reference
    _printf_truncate_signed                   - Undefined Weak Reference
    _printf_truncate_unsigned                 - Undefined Weak Reference
    _rand_init                                - Undefined Weak Reference
    _signal_finish                            - Undefined Weak Reference
    _signal_init                              - Undefined Weak Reference
    _terminateio                              - Undefined Weak Reference
    __Vectors_End                            0x00000400   Data           0  arm_startup_nrf52.o(RESET)
    __Vectors_Size                           0x00000400   Number         0  arm_startup_nrf52.o ABSOLUTE
    __main                                   0x00000401   Thumb Code     8  __main.o(!!!main)
    __scatterload                            0x00000409   Thumb Code     0  __scatter.o(!!!scatter)
    __scatterload_rt2                        0x00000409   Thumb Code    44  __scatter.o(!!!scatter)
    __scatterload_rt2_thumb_only             0x00000409   Thumb Code     0  __scatter.o(!!!scatter)
    __scatterload_null                       0x00000417   Thumb Code     0  __scatter.o(!!!scatter)
    __scatterload_copy                       0x0000043d   Thumb Code    26  __scatter_copy.o(!!handler_copy)
    __scatterload_zeroinit                   0x00000459   Thumb Code    28  __scatter_zi.o(!!handler_zi)
    _printf_d                                0x00000475   Thumb Code     0  _printf_d.o(.ARM.Collect$$_printf_percent$$00000009)
    _printf_percent                          0x00000475   Thumb Code     0  _printf_percent.o(.ARM.Collect$$_printf_percent$$00000000)
    _printf_x                                0x0000047b   Thumb Code     0  _printf_x.o(.ARM.Collect$$_printf_percent$$0000000C)
    _printf_c                                0x00000481   Thumb Code     0  _printf_c.o(.ARM.Collect$$_printf_percent$$00000013)
    _printf_s                                0x00000487   Thumb Code     0  _printf_s.o(.ARM.Collect$$_printf_percent$$00000014)
    _printf_percent_end                      0x0000048d   Thumb Code     0  _printf_percent_end.o(.ARM.Collect$$_printf_percent$$00000017)
    __rt_lib_init                            0x00000491   Thumb Code     0  libinit.o(.ARM.Collect$$libinit$$00000000)
    __rt_lib_init_fp_1                       0x00000493   Thumb Code     0  libinit2.o(.ARM.Collect$$libinit$$00000001)
    __rt_lib_init_heap_2                     0x00000497   Thumb Code     0  libinit2.o(.ARM.Collect$$libinit$$00000005)
    __rt_lib_init_preinit_1                  0x00000497   Thumb Code     0  libinit2.o(.ARM.Collect$$libinit$$00000004)
    __rt_lib_init_alloca_1                   0x0000049f   Thumb Code     0  libinit2.o(.ARM.Collect$$libinit$$0000002E)
    __rt_lib_init_argv_1                     0x0000049f   Thumb Code     0  libinit2.o(.ARM.Collect$$libinit$$0000002C)
    __rt_lib_init_atexit_1                   0x0000049f   Thumb Code     0  libinit2.o(.ARM.Collect$$libinit$$0000001B)
    __rt_lib_init_clock_1                    0x0000049f   Thumb Code     0  libinit2.o(.ARM.Collect$$libinit$$00000021)
    __rt_lib_init_cpp_1                      0x0000049f   Thumb Code     0  libinit2.o(.ARM.Collect$$libinit$$00000032)
    __rt_lib_init_exceptions_1               0x0000049f   Thumb Code     0  libinit2.o(.ARM.Collect$$libinit$$00000030)
    __rt_lib_init_fp_trap_1                  0x0000049f   Thumb Code     0  libinit2.o(.ARM.Collect$$libinit$$0000001F)
    __rt_lib_init_getenv_1                   0x0000049f   Thumb Code     0  libinit2.o(.ARM.Collect$$libinit$$00000023)
    __rt_lib_init_heap_1                     0x0000049f   Thumb Code     0  libinit2.o(.ARM.Collect$$libinit$$0000000A)
    __rt_lib_init_lc_collate_1               0x0000049f   Thumb Code     0  libinit2.o(.ARM.Collect$$libinit$$00000011)
    __rt_lib_init_lc_ctype_1                 0x0000049f   Thumb Code     0  libinit2.o(.ARM.Collect$$libinit$$00000013)
    __rt_lib_init_lc_monetary_1              0x0000049f   Thumb Code     0  libinit2.o(.ARM.Collect$$libinit$$00000015)
    __rt_lib_init_lc_numeric_1               0x0000049f   Thumb Code     0  libinit2.o(.ARM.Collect$$libinit$$00000017)
    __rt_lib_init_lc_time_1                  0x0000049f   Thumb Code     0  libinit2.o(.ARM.Collect$$libinit$$00000019)
    __rt_lib_init_rand_1                     0x0000049f   Thumb Code     0  libinit2.o(.ARM.Collect$$libinit$$0000000E)
    __rt_lib_init_return                     0x0000049f   Thumb Code     0  libinit2.o(.ARM.Collect$$libinit$$00000033)
    __rt_lib_init_signal_1                   0x0000049f   Thumb Code     0  libinit2.o(.ARM.Collect$$libinit$$0000001D)
    __rt_lib_init_stdio_1                    0x0000049f   Thumb Code     0  libinit2.o(.ARM.Collect$$libinit$$00000025)
    __rt_lib_init_user_alloc_1               0x0000049f   Thumb Code     0  libinit2.o(.ARM.Collect$$libinit$$0000000C)
    __rt_lib_shutdown                        0x000004a1   Thumb Code     0  libshutdown.o(.ARM.Collect$$libshutdown$$00000000)
    __rt_lib_shutdown_cpp_1                  0x000004a3   Thumb Code     0  libshutdown2.o(.ARM.Collect$$libshutdown$$00000002)
    __rt_lib_shutdown_fp_trap_1              0x000004a3   Thumb Code     0  libshutdown2.o(.ARM.Collect$$libshutdown$$00000007)
    __rt_lib_shutdown_heap_1                 0x000004a3   Thumb Code     0  libshutdown2.o(.ARM.Collect$$libshutdown$$0000000F)
    __rt_lib_shutdown_return                 0x000004a3   Thumb Code     0  libshutdown2.o(.ARM.Collect$$libshutdown$$00000010)
    __rt_lib_shutdown_signal_1               0x000004a3   Thumb Code     0  libshutdown2.o(.ARM.Collect$$libshutdown$$0000000A)
    __rt_lib_shutdown_stdio_1                0x000004a3   Thumb Code     0  libshutdown2.o(.ARM.Collect$$libshutdown$$00000004)
    __rt_lib_shutdown_user_alloc_1           0x000004a3   Thumb Code     0  libshutdown2.o(.ARM.Collect$$libshutdown$$0000000C)
    __rt_entry                               0x000004a5   Thumb Code     0  __rtentry.o(.ARM.Collect$$rtentry$$00000000)
    __rt_entry_presh_1                       0x000004a5   Thumb Code     0  __rtentry2.o(.ARM.Collect$$rtentry$$00000002)
    __rt_entry_sh                            0x000004a5   Thumb Code     0  __rtentry4.o(.ARM.Collect$$rtentry$$00000004)
    __rt_entry_li                            0x000004ab   Thumb Code     0  __rtentry2.o(.ARM.Collect$$rtentry$$0000000A)
    __rt_entry_postsh_1                      0x000004ab   Thumb Code     0  __rtentry2.o(.ARM.Collect$$rtentry$$00000009)
    __rt_entry_main                          0x000004af   Thumb Code     0  __rtentry2.o(.ARM.Collect$$rtentry$$0000000D)
    __rt_entry_postli_1                      0x000004af   Thumb Code     0  __rtentry2.o(.ARM.Collect$$rtentry$$0000000C)
    __rt_exit                                0x000004b7   Thumb Code     0  rtexit.o(.ARM.Collect$$rtexit$$00000000)
    __rt_exit_ls                             0x000004b9   Thumb Code     0  rtexit2.o(.ARM.Collect$$rtexit$$00000003)
    __rt_exit_prels_1                        0x000004b9   Thumb Code     0  rtexit2.o(.ARM.Collect$$rtexit$$00000002)
    __rt_exit_exit                           0x000004bd   Thumb Code     0  rtexit2.o(.ARM.Collect$$rtexit$$00000004)
    Reset_Handler                            0x000004c5   Thumb Code     8  arm_startup_nrf52.o(.text)
    _maybe_terminate_alloc                   0x000004c5   Thumb Code     0  maybetermalloc1.o(.emb_text)
    NMI_Handler                              0x000004cd   Thumb Code     2  arm_startup_nrf52.o(.text)
    HardFault_Handler                        0x000004cf   Thumb Code     2  arm_startup_nrf52.o(.text)
    MemoryManagement_Handler                 0x000004d1   Thumb Code     2  arm_startup_nrf52.o(.text)
    BusFault_Handler                         0x000004d3   Thumb Code     2  arm_startup_nrf52.o(.text)
    UsageFault_Handler                       0x000004d5   Thumb Code     2  arm_startup_nrf52.o(.text)
    SVC_Handler                              0x000004d7   Thumb Code     2  arm_startup_nrf52.o(.text)
    DebugMon_Handler                         0x000004d9   Thumb Code     2  arm_startup_nrf52.o(.text)
    PendSV_Handler                           0x000004db   Thumb Code     2  arm_startup_nrf52.o(.text)
    SysTick_Handler                          0x000004dd   Thumb Code     2  arm_startup_nrf52.o(.text)
    CCM_AAR_IRQHandler                       0x000004df   Thumb Code     0  arm_startup_nrf52.o(.text)
    COMP_LPCOMP_IRQHandler                   0x000004df   Thumb Code     0  arm_startup_nrf52.o(.text)
    ECB_IRQHandler                           0x000004df   Thumb Code     0  arm_startup_nrf52.o(.text)
    FPU_IRQHandler                           0x000004df   Thumb Code     0  arm_startup_nrf52.o(.text)
    GPIOTE_IRQHandler                        0x000004df   Thumb Code     0  arm_startup_nrf52.o(.text)
    I2S_IRQHandler                           0x000004df   Thumb Code     0  arm_startup_nrf52.o(.text)
    MWU_IRQHandler                           0x000004df   Thumb Code     0  arm_startup_nrf52.o(.text)
    NFCT_IRQHandler                          0x000004df   Thumb Code     0  arm_startup_nrf52.o(.text)
    PDM_IRQHandler                           0x000004df   Thumb Code     0  arm_startup_nrf52.o(.text)
    POWER_CLOCK_IRQHandler                   0x000004df   Thumb Code     0  arm_startup_nrf52.o(.text)
    PWM0_IRQHandler                          0x000004df   Thumb Code     0  arm_startup_nrf52.o(.text)
    PWM1_IRQHandler                          0x000004df   Thumb Code     0  arm_startup_nrf52.o(.text)
    PWM2_IRQHandler                          0x000004df   Thumb Code     0  arm_startup_nrf52.o(.text)
    QDEC_IRQHandler                          0x000004df   Thumb Code     0  arm_startup_nrf52.o(.text)
    RNG_IRQHandler                           0x000004df   Thumb Code     0  arm_startup_nrf52.o(.text)
    RTC2_IRQHandler                          0x000004df   Thumb Code     0  arm_startup_nrf52.o(.text)
    SAADC_IRQHandler                         0x000004df   Thumb Code     0  arm_startup_nrf52.o(.text)
    SPIM0_SPIS0_TWIM0_TWIS0_SPI0_TWI0_IRQHandler 0x000004df   Thumb Code     0  arm_startup_nrf52.o(.text)
    SPIM1_SPIS1_TWIM1_TWIS1_SPI1_TWI1_IRQHandler 0x000004df   Thumb Code     0  arm_startup_nrf52.o(.text)
    SPIM2_SPIS2_SPI2_IRQHandler              0x000004df   Thumb Code     0  arm_startup_nrf52.o(.text)
    SWI0_EGU0_IRQHandler                     0x000004df   Thumb Code     0  arm_startup_nrf52.o(.text)
    SWI1_EGU1_IRQHandler                     0x000004df   Thumb Code     0  arm_startup_nrf52.o(.text)
    SWI2_EGU2_IRQHandler                     0x000004df   Thumb Code     0  arm_startup_nrf52.o(.text)
    SWI3_EGU3_IRQHandler                     0x000004df   Thumb Code     0  arm_startup_nrf52.o(.text)
    SWI4_EGU4_IRQHandler                     0x000004df   Thumb Code     0  arm_startup_nrf52.o(.text)
    SWI5_EGU5_IRQHandler                     0x000004df   Thumb Code     0  arm_startup_nrf52.o(.text)
    TEMP_IRQHandler                          0x000004df   Thumb Code     0  arm_startup_nrf52.o(.text)
    TIMER0_IRQHandler                        0x000004df   Thumb Code     0  arm_startup_nrf52.o(.text)
    TIMER2_IRQHandler                        0x000004df   Thumb Code     0  arm_startup_nrf52.o(.text)
    TIMER3_IRQHandler                        0x000004df   Thumb Code     0  arm_startup_nrf52.o(.text)
    TIMER4_IRQHandler                        0x000004df   Thumb Code     0  arm_startup_nrf52.o(.text)
    WDT_IRQHandler                           0x000004df   Thumb Code     0  arm_startup_nrf52.o(.text)
    __user_initial_stackheap                 0x000004e1   Thumb Code    10  arm_startup_nrf52.o(.text)
    malloc                                   0x00000505   Thumb Code    94  h1_alloc.o(.text)
    __2printf                                0x00000565   Thumb Code    20  noretval__2printf.o(.text)
    _printf_pre_padding                      0x0000057d   Thumb Code    44  _printf_pad.o(.text)
    _printf_post_padding                     0x000005a9   Thumb Code    34  _printf_pad.o(.text)
    _printf_str                              0x000005cb   Thumb Code    82  _printf_str.o(.text)
    _printf_int_dec                          0x0000061d   Thumb Code   104  _printf_dec.o(.text)
    _printf_int_hex                          0x00000695   Thumb Code    84  _printf_hex_int.o(.text)
    _printf_longlong_hex                     0x00000695   Thumb Code     0  _printf_hex_int.o(.text)
    __printf                                 0x000006ed   Thumb Code   308  __printf_flags_wp.o(.text)
    memcmp                                   0x00000825   Thumb Code    88  memcmp.o(.text)
    __aeabi_memcpy4                          0x0000087d   Thumb Code     0  rt_memcpy_w.o(.text)
    __aeabi_memcpy8                          0x0000087d   Thumb Code     0  rt_memcpy_w.o(.text)
    __rt_memcpy_w                            0x0000087d   Thumb Code   100  rt_memcpy_w.o(.text)
    _memcpy_lastbytes_aligned                0x000008c5   Thumb Code     0  rt_memcpy_w.o(.text)
    __aeabi_memclr4                          0x000008e1   Thumb Code     0  rt_memclr_w.o(.text)
    __aeabi_memclr8                          0x000008e1   Thumb Code     0  rt_memclr_w.o(.text)
    __rt_memclr_w                            0x000008e1   Thumb Code    78  rt_memclr_w.o(.text)
    _memset_w                                0x000008e5   Thumb Code     0  rt_memclr_w.o(.text)
    __use_two_region_memory                  0x0000092f   Thumb Code     2  heapauxi.o(.text)
    __rt_heap_escrow                         0x00000931   Thumb Code     2  heapauxi.o(.text)
    __rt_heap_expand                         0x00000933   Thumb Code     2  heapauxi.o(.text)
    __rt_heap_descriptor                     0x00000935   Thumb Code     8  rt_heap_descriptor_intlibspace.o(.text)
    __use_no_heap                            0x0000093d   Thumb Code     2  hguard.o(.text)
    __heap$guard                             0x0000093f   Thumb Code     2  hguard.o(.text)
    _terminate_user_alloc                    0x00000941   Thumb Code     2  init_alloc.o(.text)
    _init_user_alloc                         0x00000943   Thumb Code     2  init_alloc.o(.text)
    __Heap_Full                              0x00000945   Thumb Code    34  init_alloc.o(.text)
    __Heap_Broken                            0x00000967   Thumb Code     6  init_alloc.o(.text)
    _init_alloc                              0x0000096d   Thumb Code    94  init_alloc.o(.text)
    __Heap_Initialize                        0x000009cb   Thumb Code    10  h1_init.o(.text)
    __Heap_DescSize                          0x000009d5   Thumb Code     4  h1_init.o(.text)
    free                                     0x000009d9   Thumb Code    78  h1_free.o(.text)
    _printf_int_common                       0x00000a27   Thumb Code   178  _printf_intcommon.o(.text)
    _printf_cs_common                        0x00000ad9   Thumb Code    20  _printf_char.o(.text)
    _printf_char                             0x00000aed   Thumb Code    16  _printf_char.o(.text)
    _printf_string                           0x00000afd   Thumb Code     8  _printf_char.o(.text)
    _printf_char_file                        0x00000b05   Thumb Code    32  _printf_char_file.o(.text)
    __user_libspace                          0x00000b29   Thumb Code     8  libspace.o(.text)
    __user_perproc_libspace                  0x00000b29   Thumb Code     0  libspace.o(.text)
    __user_perthread_libspace                0x00000b29   Thumb Code     0  libspace.o(.text)
    __Heap_ProvideMemory                     0x00000b31   Thumb Code    52  h1_extend.o(.text)
    _printf_char_common                      0x00000b6f   Thumb Code    32  _printf_char_common.o(.text)
    ferror                                   0x00000b95   Thumb Code     8  ferror.o(.text)
    __rt_SIGRTMEM                            0x00000b9d   Thumb Code    14  defsig_rtmem_outer.o(.text)
    __I$use$semihosting                      0x00000bab   Thumb Code     0  use_no_semi.o(.text)
    __use_no_semihosting_swi                 0x00000bab   Thumb Code     2  use_no_semi.o(.text)
    __semihosting_library_function           0x00000bad   Thumb Code     0  indicate_semi.o(.text)
    __user_setup_stackheap                   0x00000bad   Thumb Code    74  sys_stackheap_outer.o(.text)
    exit                                     0x00000bf7   Thumb Code    18  exit.o(.text)
    __sig_exit                               0x00000c09   Thumb Code    10  defsig_exit.o(.text)
    __rt_SIGRTMEM_inner                      0x00000c15   Thumb Code    22  defsig_rtmem_inner.o(.text)
    _sys_exit                                0x00000c65   Thumb Code     8  sys_exit.o(.text)
    __default_signal_display                 0x00000c71   Thumb Code    50  defsig_general.o(.text)
    _ttywrch                                 0x00000ca3   Thumb Code    14  sys_wrch.o(.text)
    BroadcastDataProcess                     0x00000cb1   Thumb Code   218  receiver.o(i.BroadcastDataProcess)
    DataEventProcess                         0x00000d9d   Thumb Code     2  receiver.o(i.DataEventProcess)
    DeviceIdCheck                            0x00000d9f   Thumb Code     6  receiver.o(i.DeviceIdCheck)
    GPIO_Reset                               0x00000da5   Thumb Code    30  receiver.o(i.GPIO_Reset)
    IMA_ADPCM_BlockDecode                    0x00000dcd   Thumb Code   208  ima_adpcm.o(i.IMA_ADPCM_BlockDecode)
    Play_EventTips                           0x00000ea9   Thumb Code   106  play.o(i.Play_EventTips)
    Play_Init                                0x00000f1d   Thumb Code   130  play.o(i.Play_Init)
    Play_SetParam                            0x00000fb9   Thumb Code   234  play.o(i.Play_SetParam)
    Play_ShutDown                            0x000010ad   Thumb Code    22  play.o(i.Play_ShutDown)
    Play_Start                               0x000010c9   Thumb Code    48  play.o(i.Play_Start)
    Play_Stop                                0x00001101   Thumb Code    86  play.o(i.Play_Stop)
    RADIO_IRQHandler                         0x00001169   Thumb Code    36  rf.o(i.RADIO_IRQHandler)
    RND_Get                                  0x000011a1   Thumb Code    48  receiver.o(i.RND_Get)
    RTC0_IRQHandler                          0x000011dd   Thumb Code    36  systemtick.o(i.RTC0_IRQHandler)
    RTC1_IRQHandler                          0x0000120d   Thumb Code    32  systemtick.o(i.RTC1_IRQHandler)
    ReceiverSC_Init                          0x00001239   Thumb Code   132  receiver.o(i.ReceiverSC_Init)
    Rf_BondResponse                          0x000012d1   Thumb Code    80  rf.o(i.Rf_BondResponse)
    Rf_EnterScanMode                         0x00001325   Thumb Code    74  rf.o(i.Rf_EnterScanMode)
    Rf_Init                                  0x00001381   Thumb Code   116  rf.o(i.Rf_Init)
    Rf_SendPackage                           0x0000140d   Thumb Code   182  rf.o(i.Rf_SendPackage)
    Rf_StartRx                               0x000014d1   Thumb Code   206  rf.o(i.Rf_StartRx)
    Rf_Stop                                  0x000015b5   Thumb Code    72  rf.o(i.Rf_Stop)
    SystemClock_Init                         0x00001609   Thumb Code    54  receiver.o(i.SystemClock_Init)
    SystemCoreClockUpdate                    0x00001649   Thumb Code     8  system_nrf52.o(i.SystemCoreClockUpdate)
    SystemInit                               0x00001659   Thumb Code   378  system_nrf52.o(i.SystemInit)
    SystemTick_ForceSleepMs                  0x000017fd   Thumb Code   118  systemtick.o(i.SystemTick_ForceSleepMs)
    SystemTick_Get                           0x00001895   Thumb Code    58  systemtick.o(i.SystemTick_Get)
    SystemTick_Init                          0x000018d9   Thumb Code    54  systemtick.o(i.SystemTick_Init)
    TIMER1_IRQHandler                        0x00001921   Thumb Code   220  play.o(i.TIMER1_IRQHandler)
    UARTE0_UART0_IRQHandler                  0x00001a19   Thumb Code    20  nrf_drv_uart.o(i.UARTE0_UART0_IRQHandler)
    Uart_Init                                0x00001a31   Thumb Code    70  uart.o(i.Uart_Init)
    UpdateDeviceInfo                         0x00001a89   Thumb Code    70  flash.o(i.UpdateDeviceInfo)
    User_WFI                                 0x00001ad5   Thumb Code   136  systemtick.o(i.User_WFI)
    _is_digit                                0x00001bf1   Thumb Code    14  __printf_wp.o(i._is_digit)
    app_error_fault_handler                  0x00001c01   Thumb Code    60  app_error.o(i.app_error_fault_handler)
    app_error_handler_bare                   0x00001c45   Thumb Code    26  app_error.o(i.app_error_handler_bare)
    app_fifo_get                             0x00001c5f   Thumb Code    30  app_fifo.o(i.app_fifo_get)
    app_fifo_init                            0x00001c7d   Thumb Code    36  app_fifo.o(i.app_fifo_init)
    app_fifo_put                             0x00001ca1   Thumb Code    34  app_fifo.o(i.app_fifo_put)
    app_uart_get                             0x00001cc5   Thumb Code    46  app_uart_fifo.o(i.app_uart_get)
    app_uart_init                            0x00001cfd   Thumb Code   178  app_uart_fifo.o(i.app_uart_init)
    app_uart_put                             0x00001dc9   Thumb Code    34  app_uart_fifo.o(i.app_uart_put)
    fputc                                    0x000020d7   Thumb Code    16  retarget.o(i.fputc)
    initQueue                                0x000020e9   Thumb Code   128  queue.o(i.initQueue)
    main                                     0x000021c9   Thumb Code  1898  receiver.o(i.main)
    nrf_drv_common_irq_enable                0x0000297d   Thumb Code    92  nrf_drv_common.o(i.nrf_drv_common_irq_enable)
    nrf_drv_uart_init                        0x000029e5   Thumb Code   202  nrf_drv_uart.o(i.nrf_drv_uart_init)
    nrf_drv_uart_rx                          0x00002ac9   Thumb Code   168  nrf_drv_uart.o(i.nrf_drv_uart_rx)
    nrf_drv_uart_rx_enable                   0x00002b79   Thumb Code    26  nrf_drv_uart.o(i.nrf_drv_uart_rx_enable)
    nrf_drv_uart_tx                          0x00002d01   Thumb Code    66  nrf_drv_uart.o(i.nrf_drv_uart_tx)
    rxFrameProcess                           0x00002f5d   Thumb Code   280  rtransfer.o(i.rxFrameProcess)
    rxTransferInit                           0x0000329d   Thumb Code    26  rtransfer.o(i.rxTransferInit)
    uart_error_handle                        0x000033b9   Thumb Code    54  uart.o(i.uart_error_handle)
    __aeabi_dadd                             0x00003741   Thumb Code     0  daddsub_clz.o(x$fpl$dadd)
    _dadd                                    0x00003741   Thumb Code   332  daddsub_clz.o(x$fpl$dadd)
    __aeabi_d2uiz                            0x00003891   Thumb Code     0  dfixu.o(x$fpl$dfixu)
    _dfixu                                   0x00003891   Thumb Code    90  dfixu.o(x$fpl$dfixu)
    __aeabi_ui2d                             0x000038eb   Thumb Code     0  dflt_clz.o(x$fpl$dfltu)
    _dfltu                                   0x000038eb   Thumb Code    38  dflt_clz.o(x$fpl$dfltu)
    __aeabi_dmul                             0x00003911   Thumb Code     0  dmul.o(x$fpl$dmul)
    _dmul                                    0x00003911   Thumb Code   332  dmul.o(x$fpl$dmul)
    __fpl_dnaninf                            0x00003a65   Thumb Code   156  dnaninf.o(x$fpl$dnaninf)
    __fpl_dretinf                            0x00003b01   Thumb Code    12  dretinf.o(x$fpl$dretinf)
    __aeabi_dsub                             0x00003b0d   Thumb Code     0  daddsub_clz.o(x$fpl$dsub)
    _dsub                                    0x00003b0d   Thumb Code   464  daddsub_clz.o(x$fpl$dsub)
    _fp_init                                 0x00003ce1   Thumb Code    10  fpinit.o(x$fpl$fpinit)
    __fplib_config_fpu_vfp                   0x00003ce9   Thumb Code     0  fpinit.o(x$fpl$fpinit)
    __fplib_config_pureend_doubles           0x00003ce9   Thumb Code     0  fpinit.o(x$fpl$fpinit)
    __I$use$fp                               0x00003cea   Number         0  usenofp.o(x$fpl$usenofp)
    Tips_Unconnect_Bond                      0x00003cf8   Data        9074  tipsaudio.o(.constdata)
    sizeof_Tips_Unconnect_Bond               0x0000606c   Data           4  tipsaudio.o(.constdata)
    Tips_Unconnect                           0x00006070   Data        3764  tipsaudio.o(.constdata)
    sizeof_Tips_Unconnect                    0x00006f24   Data           4  tipsaudio.o(.constdata)
    Tips_Connect                             0x00006f28   Data        7258  tipsaudio.o(.constdata)
    sizeof_Tips_Connect                      0x00008b84   Data           4  tipsaudio.o(.constdata)
    Tips_Unbonded                            0x00008b88   Data       24960  tipsaudio.o(.constdata)
    sizeof_Tips_Unbonded                     0x0000ed08   Data           4  tipsaudio.o(.constdata)
    Tips_Bonded                              0x0000ed0c   Data       23040  tipsaudio.o(.constdata)
    sizeof_Tips_Bonded                       0x0001470c   Data           4  tipsaudio.o(.constdata)
    Tips_LowPower                            0x00014710   Data       29592  tipsaudio.o(.constdata)
    sizeof_Tips_LowPower                     0x0001baa8   Data           4  tipsaudio.o(.constdata)
    Tips_ButtonPressed                       0x0001baac   Data        1234  tipsaudio.o(.constdata)
    sizeof_Tips_ButtonPressed                0x0001bf80   Data           4  tipsaudio.o(.constdata)
    IndexTable                               0x0001c0e8   Data          64  ima_adpcm.o(.constdata)
    Region$$Table$$Base                      0x0001c1a4   Number         0  anon$$obj.o(Region$$Table)
    Region$$Table$$Limit                     0x0001c1c4   Number         0  anon$$obj.o(Region$$Table)
    statFId                                  0x20000015   Data           1  rtransfer.o(.data)
    errFrames                                0x20000016   Data           1  rtransfer.o(.data)
    cntFrames                                0x20000017   Data           1  rtransfer.o(.data)
    lastRxFramesId                           0x20000018   Data           7  rtransfer.o(.data)
    SystemCoreClock                          0x20000020   Data           4  system_nrf52.o(.data)
    __stdout                                 0x2000002c   Data           4  retarget.o(.data)
    __stdin                                  0x20000030   Data           4  retarget.o(.data)
    ReceiverSC                               0x20005134   Data         108  receiver.o(.bss)
    uartQ                                    0x200052a0   Data          20  queue.o(.bss)
    audioQ                                   0x200052b4   Data          20  queue.o(.bss)
    frameStat                                0x200052c8   Data         128  rtransfer.o(.bss)
    __libspace_start                         0x20005388   Data          96  libspace.o(.bss)
    __temporary_stack_top$libspace           0x200053e8   Data           0  libspace.o(.bss)



==============================================================================

Memory Map of the image

  Image Entry point : 0x00000401

  Load Region LR_IROM1 (Base: 0x00000000, Size: 0x0001c1f8, Max: 0x00080000, ABSOLUTE)

    Execution Region ER_IROM1 (Exec base: 0x00000000, Load base: 0x00000000, Size: 0x0001c1c4, Max: 0x00080000, ABSOLUTE)

    Exec Addr    Load Addr    Size         Type   Attr      Idx    E Section Name        Object

    0x00000000   0x00000000   0x00000400   Data   RO          635    RESET               arm_startup_nrf52.o
    0x00000400   0x00000400   0x00000008   Code   RO         1532  * !!!main             c_w.l(__main.o)
    0x00000408   0x00000408   0x00000034   Code   RO         1777    !!!scatter          c_w.l(__scatter.o)
    0x0000043c   0x0000043c   0x0000001a   Code   RO         1779    !!handler_copy      c_w.l(__scatter_copy.o)
    0x00000456   0x00000456   0x00000002   PAD
    0x00000458   0x00000458   0x0000001c   Code   RO         1781    !!handler_zi        c_w.l(__scatter_zi.o)
    0x00000474   0x00000474   0x00000000   Code   RO         1523    .ARM.Collect$$_printf_percent$$00000000  c_w.l(_printf_percent.o)
    0x00000474   0x00000474   0x00000006   Code   RO         1522    .ARM.Collect$$_printf_percent$$00000009  c_w.l(_printf_d.o)
    0x0000047a   0x0000047a   0x00000006   Code   RO         1521    .ARM.Collect$$_printf_percent$$0000000C  c_w.l(_printf_x.o)
    0x00000480   0x00000480   0x00000006   Code   RO         1519    .ARM.Collect$$_printf_percent$$00000013  c_w.l(_printf_c.o)
    0x00000486   0x00000486   0x00000006   Code   RO         1520    .ARM.Collect$$_printf_percent$$00000014  c_w.l(_printf_s.o)
    0x0000048c   0x0000048c   0x00000004   Code   RO         1592    .ARM.Collect$$_printf_percent$$00000017  c_w.l(_printf_percent_end.o)
    0x00000490   0x00000490   0x00000002   Code   RO         1716    .ARM.Collect$$libinit$$00000000  c_w.l(libinit.o)
    0x00000492   0x00000492   0x00000004   Code   RO         1595    .ARM.Collect$$libinit$$00000001  c_w.l(libinit2.o)
    0x00000496   0x00000496   0x00000000   Code   RO         1598    .ARM.Collect$$libinit$$00000004  c_w.l(libinit2.o)
    0x00000496   0x00000496   0x00000008   Code   RO         1599    .ARM.Collect$$libinit$$00000005  c_w.l(libinit2.o)
    0x0000049e   0x0000049e   0x00000000   Code   RO         1601    .ARM.Collect$$libinit$$0000000A  c_w.l(libinit2.o)
    0x0000049e   0x0000049e   0x00000000   Code   RO         1603    .ARM.Collect$$libinit$$0000000C  c_w.l(libinit2.o)
    0x0000049e   0x0000049e   0x00000000   Code   RO         1605    .ARM.Collect$$libinit$$0000000E  c_w.l(libinit2.o)
    0x0000049e   0x0000049e   0x00000000   Code   RO         1608    .ARM.Collect$$libinit$$00000011  c_w.l(libinit2.o)
    0x0000049e   0x0000049e   0x00000000   Code   RO         1610    .ARM.Collect$$libinit$$00000013  c_w.l(libinit2.o)
    0x0000049e   0x0000049e   0x00000000   Code   RO         1612    .ARM.Collect$$libinit$$00000015  c_w.l(libinit2.o)
    0x0000049e   0x0000049e   0x00000000   Code   RO         1614    .ARM.Collect$$libinit$$00000017  c_w.l(libinit2.o)
    0x0000049e   0x0000049e   0x00000000   Code   RO         1616    .ARM.Collect$$libinit$$00000019  c_w.l(libinit2.o)
    0x0000049e   0x0000049e   0x00000000   Code   RO         1618    .ARM.Collect$$libinit$$0000001B  c_w.l(libinit2.o)
    0x0000049e   0x0000049e   0x00000000   Code   RO         1620    .ARM.Collect$$libinit$$0000001D  c_w.l(libinit2.o)
    0x0000049e   0x0000049e   0x00000000   Code   RO         1622    .ARM.Collect$$libinit$$0000001F  c_w.l(libinit2.o)
    0x0000049e   0x0000049e   0x00000000   Code   RO         1624    .ARM.Collect$$libinit$$00000021  c_w.l(libinit2.o)
    0x0000049e   0x0000049e   0x00000000   Code   RO         1626    .ARM.Collect$$libinit$$00000023  c_w.l(libinit2.o)
    0x0000049e   0x0000049e   0x00000000   Code   RO         1628    .ARM.Collect$$libinit$$00000025  c_w.l(libinit2.o)
    0x0000049e   0x0000049e   0x00000000   Code   RO         1632    .ARM.Collect$$libinit$$0000002C  c_w.l(libinit2.o)
    0x0000049e   0x0000049e   0x00000000   Code   RO         1634    .ARM.Collect$$libinit$$0000002E  c_w.l(libinit2.o)
    0x0000049e   0x0000049e   0x00000000   Code   RO         1636    .ARM.Collect$$libinit$$00000030  c_w.l(libinit2.o)
    0x0000049e   0x0000049e   0x00000000   Code   RO         1638    .ARM.Collect$$libinit$$00000032  c_w.l(libinit2.o)
    0x0000049e   0x0000049e   0x00000002   Code   RO         1639    .ARM.Collect$$libinit$$00000033  c_w.l(libinit2.o)
    0x000004a0   0x000004a0   0x00000002   Code   RO         1774    .ARM.Collect$$libshutdown$$00000000  c_w.l(libshutdown.o)
    0x000004a2   0x000004a2   0x00000000   Code   RO         1730    .ARM.Collect$$libshutdown$$00000002  c_w.l(libshutdown2.o)
    0x000004a2   0x000004a2   0x00000000   Code   RO         1732    .ARM.Collect$$libshutdown$$00000004  c_w.l(libshutdown2.o)
    0x000004a2   0x000004a2   0x00000000   Code   RO         1735    .ARM.Collect$$libshutdown$$00000007  c_w.l(libshutdown2.o)
    0x000004a2   0x000004a2   0x00000000   Code   RO         1738    .ARM.Collect$$libshutdown$$0000000A  c_w.l(libshutdown2.o)
    0x000004a2   0x000004a2   0x00000000   Code   RO         1740    .ARM.Collect$$libshutdown$$0000000C  c_w.l(libshutdown2.o)
    0x000004a2   0x000004a2   0x00000000   Code   RO         1743    .ARM.Collect$$libshutdown$$0000000F  c_w.l(libshutdown2.o)
    0x000004a2   0x000004a2   0x00000002   Code   RO         1744    .ARM.Collect$$libshutdown$$00000010  c_w.l(libshutdown2.o)
    0x000004a4   0x000004a4   0x00000000   Code   RO         1554    .ARM.Collect$$rtentry$$00000000  c_w.l(__rtentry.o)
    0x000004a4   0x000004a4   0x00000000   Code   RO         1651    .ARM.Collect$$rtentry$$00000002  c_w.l(__rtentry2.o)
    0x000004a4   0x000004a4   0x00000006   Code   RO         1663    .ARM.Collect$$rtentry$$00000004  c_w.l(__rtentry4.o)
    0x000004aa   0x000004aa   0x00000000   Code   RO         1653    .ARM.Collect$$rtentry$$00000009  c_w.l(__rtentry2.o)
    0x000004aa   0x000004aa   0x00000004   Code   RO         1654    .ARM.Collect$$rtentry$$0000000A  c_w.l(__rtentry2.o)
    0x000004ae   0x000004ae   0x00000000   Code   RO         1656    .ARM.Collect$$rtentry$$0000000C  c_w.l(__rtentry2.o)
    0x000004ae   0x000004ae   0x00000008   Code   RO         1657    .ARM.Collect$$rtentry$$0000000D  c_w.l(__rtentry2.o)
    0x000004b6   0x000004b6   0x00000002   Code   RO         1719    .ARM.Collect$$rtexit$$00000000  c_w.l(rtexit.o)
    0x000004b8   0x000004b8   0x00000000   Code   RO         1748    .ARM.Collect$$rtexit$$00000002  c_w.l(rtexit2.o)
    0x000004b8   0x000004b8   0x00000004   Code   RO         1749    .ARM.Collect$$rtexit$$00000003  c_w.l(rtexit2.o)
    0x000004bc   0x000004bc   0x00000006   Code   RO         1750    .ARM.Collect$$rtexit$$00000004  c_w.l(rtexit2.o)
    0x000004c2   0x000004c2   0x00000002   PAD
    0x000004c4   0x000004c4   0x00000000   Code   RO         1667    .emb_text           c_w.l(maybetermalloc1.o)
    0x000004c4   0x000004c4   0x00000040   Code   RO          636    .text               arm_startup_nrf52.o
    0x00000504   0x00000504   0x0000005e   Code   RO         1412    .text               c_w.l(h1_alloc.o)
    0x00000562   0x00000562   0x00000002   PAD
    0x00000564   0x00000564   0x00000018   Code   RO         1468    .text               c_w.l(noretval__2printf.o)
    0x0000057c   0x0000057c   0x0000004e   Code   RO         1472    .text               c_w.l(_printf_pad.o)
    0x000005ca   0x000005ca   0x00000052   Code   RO         1474    .text               c_w.l(_printf_str.o)
    0x0000061c   0x0000061c   0x00000078   Code   RO         1476    .text               c_w.l(_printf_dec.o)
    0x00000694   0x00000694   0x00000058   Code   RO         1481    .text               c_w.l(_printf_hex_int.o)
    0x000006ec   0x000006ec   0x00000138   Code   RO         1511    .text               c_w.l(__printf_flags_wp.o)
    0x00000824   0x00000824   0x00000058   Code   RO         1524    .text               c_w.l(memcmp.o)
    0x0000087c   0x0000087c   0x00000064   Code   RO         1526    .text               c_w.l(rt_memcpy_w.o)
    0x000008e0   0x000008e0   0x0000004e   Code   RO         1528    .text               c_w.l(rt_memclr_w.o)
    0x0000092e   0x0000092e   0x00000006   Code   RO         1530    .text               c_w.l(heapauxi.o)
    0x00000934   0x00000934   0x00000008   Code   RO         1558    .text               c_w.l(rt_heap_descriptor_intlibspace.o)
    0x0000093c   0x0000093c   0x00000004   Code   RO         1560    .text               c_w.l(hguard.o)
    0x00000940   0x00000940   0x0000008a   Code   RO         1562    .text               c_w.l(init_alloc.o)
    0x000009ca   0x000009ca   0x0000000e   Code   RO         1568    .text               c_w.l(h1_init.o)
    0x000009d8   0x000009d8   0x0000004e   Code   RO         1570    .text               c_w.l(h1_free.o)
    0x00000a26   0x00000a26   0x000000b2   Code   RO         1586    .text               c_w.l(_printf_intcommon.o)
    0x00000ad8   0x00000ad8   0x0000002c   Code   RO         1588    .text               c_w.l(_printf_char.o)
    0x00000b04   0x00000b04   0x00000024   Code   RO         1590    .text               c_w.l(_printf_char_file.o)
    0x00000b28   0x00000b28   0x00000008   Code   RO         1647    .text               c_w.l(libspace.o)
    0x00000b30   0x00000b30   0x00000034   Code   RO         1669    .text               c_w.l(h1_extend.o)
    0x00000b64   0x00000b64   0x00000030   Code   RO         1673    .text               c_w.l(_printf_char_common.o)
    0x00000b94   0x00000b94   0x00000008   Code   RO         1675    .text               c_w.l(ferror.o)
    0x00000b9c   0x00000b9c   0x0000000e   Code   RO         1679    .text               c_w.l(defsig_rtmem_outer.o)
    0x00000baa   0x00000baa   0x00000002   Code   RO         1690    .text               c_w.l(use_no_semi.o)
    0x00000bac   0x00000bac   0x00000000   Code   RO         1692    .text               c_w.l(indicate_semi.o)
    0x00000bac   0x00000bac   0x0000004a   Code   RO         1693    .text               c_w.l(sys_stackheap_outer.o)
    0x00000bf6   0x00000bf6   0x00000012   Code   RO         1701    .text               c_w.l(exit.o)
    0x00000c08   0x00000c08   0x0000000a   Code   RO         1703    .text               c_w.l(defsig_exit.o)
    0x00000c12   0x00000c12   0x00000002   PAD
    0x00000c14   0x00000c14   0x00000050   Code   RO         1705    .text               c_w.l(defsig_rtmem_inner.o)
    0x00000c64   0x00000c64   0x0000000c   Code   RO         1717    .text               c_w.l(sys_exit.o)
    0x00000c70   0x00000c70   0x00000032   Code   RO         1727    .text               c_w.l(defsig_general.o)
    0x00000ca2   0x00000ca2   0x0000000e   Code   RO         1745    .text               c_w.l(sys_wrch.o)
    0x00000cb0   0x00000cb0   0x000000ec   Code   RO          140    i.BroadcastDataProcess  receiver.o
    0x00000d9c   0x00000d9c   0x00000002   Code   RO          141    i.DataEventProcess  receiver.o
    0x00000d9e   0x00000d9e   0x00000006   Code   RO          142    i.DeviceIdCheck     receiver.o
    0x00000da4   0x00000da4   0x00000028   Code   RO          143    i.GPIO_Reset        receiver.o
    0x00000dcc   0x00000dcc   0x000000dc   Code   RO          447    i.IMA_ADPCM_BlockDecode  ima_adpcm.o
    0x00000ea8   0x00000ea8   0x00000074   Code   RO            5    i.Play_EventTips    play.o
    0x00000f1c   0x00000f1c   0x0000009c   Code   RO            7    i.Play_Init         play.o
    0x00000fb8   0x00000fb8   0x000000f4   Code   RO            8    i.Play_SetParam     play.o
    0x000010ac   0x000010ac   0x0000001c   Code   RO            9    i.Play_ShutDown     play.o
    0x000010c8   0x000010c8   0x00000038   Code   RO           10    i.Play_Start        play.o
    0x00001100   0x00001100   0x00000068   Code   RO           11    i.Play_Stop         play.o
    0x00001168   0x00001168   0x00000038   Code   RO          227    i.RADIO_IRQHandler  rf.o
    0x000011a0   0x000011a0   0x0000003c   Code   RO          144    i.RND_Get           receiver.o
    0x000011dc   0x000011dc   0x00000030   Code   RO          356    i.RTC0_IRQHandler   systemtick.o
    0x0000120c   0x0000120c   0x0000002c   Code   RO          357    i.RTC1_IRQHandler   systemtick.o
    0x00001238   0x00001238   0x00000098   Code   RO          145    i.ReceiverSC_Init   receiver.o
    0x000012d0   0x000012d0   0x00000054   Code   RO          228    i.Rf_BondResponse   rf.o
    0x00001324   0x00001324   0x0000005c   Code   RO          229    i.Rf_EnterScanMode  rf.o
    0x00001380   0x00001380   0x0000008c   Code   RO          230    i.Rf_Init           rf.o
    0x0000140c   0x0000140c   0x000000c4   Code   RO          231    i.Rf_SendPackage    rf.o
    0x000014d0   0x000014d0   0x000000e4   Code   RO          232    i.Rf_StartRx        rf.o
    0x000015b4   0x000015b4   0x00000054   Code   RO          233    i.Rf_Stop           rf.o
    0x00001608   0x00001608   0x00000040   Code   RO          146    i.SystemClock_Init  receiver.o
    0x00001648   0x00001648   0x00000010   Code   RO          643    i.SystemCoreClockUpdate  system_nrf52.o
    0x00001658   0x00001658   0x000001a4   Code   RO          644    i.SystemInit        system_nrf52.o
    0x000017fc   0x000017fc   0x00000098   Code   RO          358    i.SystemTick_ForceSleepMs  systemtick.o
    0x00001894   0x00001894   0x00000044   Code   RO          360    i.SystemTick_Get    systemtick.o
    0x000018d8   0x000018d8   0x00000048   Code   RO          362    i.SystemTick_Init   systemtick.o
    0x00001920   0x00001920   0x000000f8   Code   RO           12    i.TIMER1_IRQHandler  play.o
    0x00001a18   0x00001a18   0x00000018   Code   RO          800    i.UARTE0_UART0_IRQHandler  nrf_drv_uart.o
    0x00001a30   0x00001a30   0x00000058   Code   RO          293    i.Uart_Init         uart.o
    0x00001a88   0x00001a88   0x0000004c   Code   RO          597    i.UpdateDeviceInfo  flash.o
    0x00001ad4   0x00001ad4   0x000000ac   Code   RO          363    i.User_WFI          systemtick.o
    0x00001b80   0x00001b80   0x0000003c   Code   RO          364    i.__NVIC_DisableIRQ  systemtick.o
    0x00001bbc   0x00001bbc   0x0000001a   Code   RO          234    i.__NVIC_EnableIRQ  rf.o
    0x00001bd6   0x00001bd6   0x0000001a   Code   RO          365    i.__NVIC_EnableIRQ  systemtick.o
    0x00001bf0   0x00001bf0   0x0000000e   Code   RO         1509    i._is_digit         c_w.l(__printf_wp.o)
    0x00001bfe   0x00001bfe   0x00000002   PAD
    0x00001c00   0x00001c00   0x00000044   Code   RO         1185    i.app_error_fault_handler  app_error.o
    0x00001c44   0x00001c44   0x0000001a   Code   RO         1187    i.app_error_handler_bare  app_error.o
    0x00001c5e   0x00001c5e   0x0000001e   Code   RO         1247    i.app_fifo_get      app_fifo.o
    0x00001c7c   0x00001c7c   0x00000024   Code   RO         1248    i.app_fifo_init     app_fifo.o
    0x00001ca0   0x00001ca0   0x00000022   Code   RO         1249    i.app_fifo_put      app_fifo.o
    0x00001cc2   0x00001cc2   0x00000002   PAD
    0x00001cc4   0x00001cc4   0x00000038   Code   RO         1087    i.app_uart_get      app_uart_fifo.o
    0x00001cfc   0x00001cfc   0x000000cc   Code   RO         1088    i.app_uart_init     app_uart_fifo.o
    0x00001dc8   0x00001dc8   0x0000002c   Code   RO         1089    i.app_uart_put      app_uart_fifo.o
    0x00001df4   0x00001df4   0x000000bc   Code   RO          801    i.apply_config      nrf_drv_uart.o
    0x00001eb0   0x00001eb0   0x00000054   Code   RO          645    i.errata_108        system_nrf52.o
    0x00001f04   0x00001f04   0x00000030   Code   RO          646    i.errata_16         system_nrf52.o
    0x00001f34   0x00001f34   0x00000054   Code   RO          647    i.errata_31         system_nrf52.o
    0x00001f88   0x00001f88   0x00000030   Code   RO          648    i.errata_32         system_nrf52.o
    0x00001fb8   0x00001fb8   0x00000054   Code   RO          649    i.errata_36         system_nrf52.o
    0x0000200c   0x0000200c   0x00000030   Code   RO          650    i.errata_37         system_nrf52.o
    0x0000203c   0x0000203c   0x00000030   Code   RO          651    i.errata_57         system_nrf52.o
    0x0000206c   0x0000206c   0x00000030   Code   RO          652    i.errata_66         system_nrf52.o
    0x0000209c   0x0000209c   0x00000014   Code   RO         1252    i.fifo_get          app_fifo.o
    0x000020b0   0x000020b0   0x0000000a   Code   RO         1090    i.fifo_length       app_uart_fifo.o
    0x000020ba   0x000020ba   0x0000000a   Code   RO         1253    i.fifo_length       app_fifo.o
    0x000020c4   0x000020c4   0x00000012   Code   RO         1254    i.fifo_put          app_fifo.o
    0x000020d6   0x000020d6   0x00000010   Code   RO         1375    i.fputc             retarget.o
    0x000020e6   0x000020e6   0x00000002   PAD
    0x000020e8   0x000020e8   0x0000008c   Code   RO          482    i.initQueue         queue.o
    0x00002174   0x00002174   0x00000030   Code   RO          542    i.isDecodeFrame     rtransfer.o
    0x000021a4   0x000021a4   0x00000024   Code   RO          543    i.isRepeatFrame     rtransfer.o
    0x000021c8   0x000021c8   0x000007b4   Code   RO          147    i.main              receiver.o
    0x0000297c   0x0000297c   0x00000068   Code   RO          719    i.nrf_drv_common_irq_enable  nrf_drv_common.o
    0x000029e4   0x000029e4   0x000000e4   Code   RO          804    i.nrf_drv_uart_init  nrf_drv_uart.o
    0x00002ac8   0x00002ac8   0x000000b0   Code   RO          805    i.nrf_drv_uart_rx   nrf_drv_uart.o
    0x00002b78   0x00002b78   0x00000020   Code   RO          808    i.nrf_drv_uart_rx_enable  nrf_drv_uart.o
    0x00002b98   0x00002b98   0x000000b4   Code   RO          809    i.nrf_drv_uart_rx_for_uart  nrf_drv_uart.o
    0x00002c4c   0x00002c4c   0x000000b4   Code   RO          810    i.nrf_drv_uart_rx_for_uarte  nrf_drv_uart.o
    0x00002d00   0x00002d00   0x00000048   Code   RO          811    i.nrf_drv_uart_tx   nrf_drv_uart.o
    0x00002d48   0x00002d48   0x0000008c   Code   RO          813    i.nrf_drv_uart_tx_for_uart  nrf_drv_uart.o
    0x00002dd4   0x00002dd4   0x00000070   Code   RO          814    i.nrf_drv_uart_tx_for_uarte  nrf_drv_uart.o
    0x00002e44   0x00002e44   0x00000024   Code   RO          816    i.nrf_gpio_cfg      nrf_drv_uart.o
    0x00002e68   0x00002e68   0x0000001a   Code   RO          818    i.nrf_gpio_cfg_input  nrf_drv_uart.o
    0x00002e82   0x00002e82   0x00000018   Code   RO          819    i.nrf_gpio_cfg_output  nrf_drv_uart.o
    0x00002e9a   0x00002e9a   0x00000002   PAD
    0x00002e9c   0x00002e9c   0x00000010   Code   RO          820    i.nrf_gpio_pin_set  nrf_drv_uart.o
    0x00002eac   0x00002eac   0x0000000c   Code   RO          821    i.nrf_uart_errorsrc_get_and_clear  nrf_drv_uart.o
    0x00002eb8   0x00002eb8   0x0000000e   Code   RO          822    i.nrf_uart_event_check  nrf_drv_uart.o
    0x00002ec6   0x00002ec6   0x00000006   Code   RO          823    i.nrf_uart_event_clear  nrf_drv_uart.o
    0x00002ecc   0x00002ecc   0x0000000a   Code   RO          824    i.nrf_uart_hwfc_pins_set  nrf_drv_uart.o
    0x00002ed6   0x00002ed6   0x00000006   Code   RO          825    i.nrf_uart_int_disable  nrf_drv_uart.o
    0x00002edc   0x00002edc   0x00000006   Code   RO          826    i.nrf_uart_int_enable  nrf_drv_uart.o
    0x00002ee2   0x00002ee2   0x00000012   Code   RO          827    i.nrf_uart_int_enable_check  nrf_drv_uart.o
    0x00002ef4   0x00002ef4   0x00000006   Code   RO          828    i.nrf_uart_task_trigger  nrf_drv_uart.o
    0x00002efa   0x00002efa   0x0000000a   Code   RO          829    i.nrf_uart_txrx_pins_set  nrf_drv_uart.o
    0x00002f04   0x00002f04   0x0000000c   Code   RO          830    i.nrf_uarte_errorsrc_get_and_clear  nrf_drv_uart.o
    0x00002f10   0x00002f10   0x0000000e   Code   RO          831    i.nrf_uarte_event_check  nrf_drv_uart.o
    0x00002f1e   0x00002f1e   0x00000006   Code   RO          832    i.nrf_uarte_event_clear  nrf_drv_uart.o
    0x00002f24   0x00002f24   0x0000000c   Code   RO          833    i.nrf_uarte_hwfc_pins_set  nrf_drv_uart.o
    0x00002f30   0x00002f30   0x00000006   Code   RO          834    i.nrf_uarte_int_disable  nrf_drv_uart.o
    0x00002f36   0x00002f36   0x00000006   Code   RO          835    i.nrf_uarte_int_enable  nrf_drv_uart.o
    0x00002f3c   0x00002f3c   0x0000000a   Code   RO          836    i.nrf_uarte_rx_amount_get  nrf_drv_uart.o
    0x00002f46   0x00002f46   0x00000006   Code   RO          837    i.nrf_uarte_task_trigger  nrf_drv_uart.o
    0x00002f4c   0x00002f4c   0x0000000e   Code   RO          838    i.nrf_uarte_txrx_pins_set  nrf_drv_uart.o
    0x00002f5a   0x00002f5a   0x00000002   PAD
    0x00002f5c   0x00002f5c   0x00000158   Code   RO          544    i.rxFrameProcess    rtransfer.o
    0x000030b4   0x000030b4   0x000001e8   Code   RO          545    i.rxFrameStatistic  rtransfer.o
    0x0000329c   0x0000329c   0x00000020   Code   RO          546    i.rxTransferInit    rtransfer.o
    0x000032bc   0x000032bc   0x00000050   Code   RO          840    i.rx_byte           nrf_drv_uart.o
    0x0000330c   0x0000330c   0x00000024   Code   RO          841    i.rx_done_event     nrf_drv_uart.o
    0x00003330   0x00003330   0x00000024   Code   RO          842    i.rx_enable         nrf_drv_uart.o
    0x00003354   0x00003354   0x00000038   Code   RO          843    i.tx_byte           nrf_drv_uart.o
    0x0000338c   0x0000338c   0x0000002c   Code   RO          844    i.tx_done_event     nrf_drv_uart.o
    0x000033b8   0x000033b8   0x0000003c   Code   RO          296    i.uart_error_handle  uart.o
    0x000033f4   0x000033f4   0x000000c0   Code   RO         1091    i.uart_event_handler  app_uart_fifo.o
    0x000034b4   0x000034b4   0x00000160   Code   RO          845    i.uart_irq_handler  nrf_drv_uart.o
    0x00003614   0x00003614   0x0000012c   Code   RO          846    i.uarte_irq_handler  nrf_drv_uart.o
    0x00003740   0x00003740   0x00000150   Code   RO         1534    x$fpl$dadd          fz_wm.l(daddsub_clz.o)
    0x00003890   0x00003890   0x0000005a   Code   RO         1540    x$fpl$dfixu         fz_wm.l(dfixu.o)
    0x000038ea   0x000038ea   0x00000026   Code   RO         1544    x$fpl$dfltu         fz_wm.l(dflt_clz.o)
    0x00003910   0x00003910   0x00000154   Code   RO         1550    x$fpl$dmul          fz_wm.l(dmul.o)
    0x00003a64   0x00003a64   0x0000009c   Code   RO         1640    x$fpl$dnaninf       fz_wm.l(dnaninf.o)
    0x00003b00   0x00003b00   0x0000000c   Code   RO         1642    x$fpl$dretinf       fz_wm.l(dretinf.o)
    0x00003b0c   0x00003b0c   0x000001d4   Code   RO         1536    x$fpl$dsub          fz_wm.l(daddsub_clz.o)
    0x00003ce0   0x00003ce0   0x0000000a   Code   RO         1688    x$fpl$fpinit        fz_wm.l(fpinit.o)
    0x00003cea   0x00003cea   0x00000000   Code   RO         1644    x$fpl$usenofp       fz_wm.l(usenofp.o)
    0x00003cea   0x00003cea   0x00000002   PAD
    0x00003cec   0x00003cec   0x0000000c   Data   RO          298    .constdata          uart.o
    0x00003cf8   0x00003cf8   0x0001828c   Data   RO          435    .constdata          tipsaudio.o
    0x0001bf84   0x0001bf84   0x000001a4   Data   RO          449    .constdata          ima_adpcm.o
    0x0001c128   0x0001c128   0x00000020   Data   RO          848    .constdata          nrf_drv_uart.o
    0x0001c148   0x0001c148   0x00000020   Data   RO         1093    .constdata          app_uart_fifo.o
    0x0001c168   0x0001c168   0x00000028   Data   RO         1482    .constdata          c_w.l(_printf_hex_int.o)
    0x0001c190   0x0001c190   0x00000011   Data   RO         1512    .constdata          c_w.l(__printf_flags_wp.o)
    0x0001c1a1   0x0001c1a1   0x00000003   PAD
    0x0001c1a4   0x0001c1a4   0x00000020   Data   RO         1775    Region$$Table       anon$$obj.o


    Execution Region RW_IRAM1 (Exec base: 0x20000000, Load base: 0x0001c1c4, Size: 0x000093e8, Max: 0x00010000, ABSOLUTE)

    Exec Addr    Load Addr    Size         Type   Attr      Idx    E Section Name        Object

    0x20000000   0x0001c1c4   0x00000008   Data   RW           13    .data               play.o
    0x20000008   0x0001c1cc   0x00000001   Data   RW          235    .data               rf.o
    0x20000009   0x0001c1cd   0x00000001   Data   RW          299    .data               uart.o
    0x2000000a   0x0001c1ce   0x00000002   PAD
    0x2000000c   0x0001c1d0   0x00000008   Data   RW          366    .data               systemtick.o
    0x20000014   0x0001c1d8   0x00000001   Data   RW          488    .data               queue.o
    0x20000015   0x0001c1d9   0x0000000a   Data   RW          549    .data               rtransfer.o
    0x2000001f   0x0001c1e3   0x00000001   PAD
    0x20000020   0x0001c1e4   0x00000004   Data   RW          653    .data               system_nrf52.o
    0x20000024   0x0001c1e8   0x00000007   Data   RW         1094    .data               app_uart_fifo.o
    0x2000002b   0x0001c1ef   0x00000001   PAD
    0x2000002c   0x0001c1f0   0x00000008   Data   RW         1376    .data               retarget.o
    0x20000034        -       0x0000516c   Zero   RW          148    .bss                receiver.o
    0x200051a0        -       0x00000100   Zero   RW          297    .bss                uart.o
    0x200052a0        -       0x00000028   Zero   RW          487    .bss                queue.o
    0x200052c8        -       0x00000080   Zero   RW          547    .bss                rtransfer.o
    0x20005348        -       0x00000020   Zero   RW          847    .bss                nrf_drv_uart.o
    0x20005368        -       0x00000020   Zero   RW         1092    .bss                app_uart_fifo.o
    0x20005388        -       0x00000060   Zero   RW         1648    .bss                c_w.l(libspace.o)
    0x200053e8        -       0x00002000   Zero   RW          634    HEAP                arm_startup_nrf52.o
    0x200073e8        -       0x00002000   Zero   RW          633    STACK               arm_startup_nrf52.o


==============================================================================

Image component sizes


      Code (inc. data)   RO Data    RW Data    ZI Data      Debug   Object Name

        94          8          0          0          0      32998   app_error.o
       148          0          0          0          0       4782   app_fifo.o
       506         68         32          7         32      12162   app_uart_fifo.o
        64         26       1024          0      16384        924   arm_startup_nrf52.o
        76          6          0          0          0        911   flash.o
       220         12        420          0          0       1761   ima_adpcm.o
       104         12          0          0          0      31143   nrf_drv_common.o
      2512        178         32          0         32      41115   nrf_drv_uart.o
       952        106          0          8          0      69137   play.o
       140         12          0          1         40       2343   queue.o
      2532        358          0          0      20844      11874   receiver.o
        16          0          0          8          0       2718   retarget.o
       906        114          0          1          0       5010   rf.o
       948        106          0         10        128       4469   rtransfer.o
       928         98          0          4          0       5919   system_nrf52.o
       642        128          0          8          0      34851   systemtick.o
         0          0      98956          0          0       1485   tipsaudio.o
       148         24         12          1        256       5908   uart.o

    ----------------------------------------------------------------------
     10944       1256     100508         52      37716     269510   Object Totals
         0          0         32          0          0          0   (incl. Generated)
         8          0          0          4          0          0   (incl. Padding)

    ----------------------------------------------------------------------

      Code (inc. data)   RO Data    RW Data    ZI Data      Debug   Library Member Name

         8          0          0          0          0         68   __main.o
       312          4         17          0          0         92   __printf_flags_wp.o
        14          0          0          0          0         68   __printf_wp.o
         0          0          0          0          0          0   __rtentry.o
        12          0          0          0          0          0   __rtentry2.o
         6          0          0          0          0          0   __rtentry4.o
        52          8          0          0          0          0   __scatter.o
        26          0          0          0          0          0   __scatter_copy.o
        28          0          0          0          0          0   __scatter_zi.o
         6          0          0          0          0          0   _printf_c.o
        44          0          0          0          0        108   _printf_char.o
        48          6          0          0          0         96   _printf_char_common.o
        36          4          0          0          0         80   _printf_char_file.o
         6          0          0          0          0          0   _printf_d.o
       120         16          0          0          0         92   _printf_dec.o
        88          4         40          0          0         88   _printf_hex_int.o
       178          0          0          0          0         88   _printf_intcommon.o
        78          0          0          0          0        108   _printf_pad.o
         0          0          0          0          0          0   _printf_percent.o
         4          0          0          0          0          0   _printf_percent_end.o
         6          0          0          0          0          0   _printf_s.o
        82          0          0          0          0         80   _printf_str.o
         6          0          0          0          0          0   _printf_x.o
        10          0          0          0          0         68   defsig_exit.o
        50          0          0          0          0         88   defsig_general.o
        80         58          0          0          0         76   defsig_rtmem_inner.o
        14          0          0          0          0         80   defsig_rtmem_outer.o
        18          0          0          0          0         80   exit.o
         8          0          0          0          0         68   ferror.o
        94          0          0          0          0         80   h1_alloc.o
        52          0          0          0          0         68   h1_extend.o
        78          0          0          0          0         80   h1_free.o
        14          0          0          0          0         84   h1_init.o
         6          0          0          0          0        152   heapauxi.o
         4          0          0          0          0        136   hguard.o
         0          0          0          0          0          0   indicate_semi.o
       138          0          0          0          0        168   init_alloc.o
         2          0          0          0          0          0   libinit.o
        14          0          0          0          0          0   libinit2.o
         2          0          0          0          0          0   libshutdown.o
         2          0          0          0          0          0   libshutdown2.o
         8          4          0          0         96         68   libspace.o
         0          0          0          0          0          0   maybetermalloc1.o
        88          0          0          0          0         76   memcmp.o
        24          4          0          0          0         84   noretval__2printf.o
         8          4          0          0          0         68   rt_heap_descriptor_intlibspace.o
        78          0          0          0          0         80   rt_memclr_w.o
       100          0          0          0          0         80   rt_memcpy_w.o
         2          0          0          0          0          0   rtexit.o
        10          0          0          0          0          0   rtexit2.o
        12          4          0          0          0         68   sys_exit.o
        74          0          0          0          0         80   sys_stackheap_outer.o
        14          0          0          0          0         76   sys_wrch.o
         2          0          0          0          0         68   use_no_semi.o
       804         16          0          0          0        368   daddsub_clz.o
        90          4          0          0          0        140   dfixu.o
        38          0          0          0          0        116   dflt_clz.o
       340         12          0          0          0        152   dmul.o
       156          4          0          0          0        140   dnaninf.o
        12          0          0          0          0        116   dretinf.o
        10          0          0          0          0        116   fpinit.o
         0          0          0          0          0          0   usenofp.o

    ----------------------------------------------------------------------
      3628        152         60          0         96       4092   Library Totals
        12          0          3          0          0          0   (incl. Padding)

    ----------------------------------------------------------------------

      Code (inc. data)   RO Data    RW Data    ZI Data      Debug   Library Name

      2166        116         57          0         96       2944   c_w.l
      1450         36          0          0          0       1148   fz_wm.l

    ----------------------------------------------------------------------
      3628        152         60          0         96       4092   Library Totals

    ----------------------------------------------------------------------

==============================================================================


      Code (inc. data)   RO Data    RW Data    ZI Data      Debug   

     14572       1408     100568         52      37812     261290   Grand Totals
     14572       1408     100568         52      37812     261290   ELF Image Totals
     14572       1408     100568         52          0          0   ROM Totals

==============================================================================

    Total RO  Size (Code + RO Data)               115140 ( 112.44kB)
    Total RW  Size (RW Data + ZI Data)             37864 (  36.98kB)
    Total ROM Size (Code + RO Data + RW Data)     115192 ( 112.49kB)

==============================================================================

